Java HotSpot(TM) 64-Bit Server VM (25.45-b02) for windows-amd64 JRE (1.8.0_45-b15), built on Apr 30 2015 12:40:44 by "java_re" with MS VC++ 10.0 (VS2010)
Memory: 4k page, physical 10078324k(5095400k free), swap 11126900k(5881300k free)
CommandLine flags: -XX:CMSInitiatingOccupancyFraction=50 -XX:CMSMaxAbortablePrecleanTime=6000 -XX:+CMSParallelRemarkEnabled -XX:+CMSScavengeBeforeRemark -XX:ConcGCThreads=4 -XX:InitialHeapSize=536870912 -XX:MaxHeapSize=536870912 -XX:MaxTenuringThreshold=8 -XX:NewRatio=3 -XX:OldPLABSize=16 -XX:ParallelGCThreads=4 -XX:+ParallelRefProcEnabled -XX:PretenureSizeThreshold=67108864 -XX:+PrintGC -XX:+PrintGCApplicationStoppedTime -XX:+PrintGCDateStamps -XX:+PrintGCDetails -XX:+PrintGCTimeStamps -XX:+PrintHeapAtGC -XX:+PrintTenuringDistribution -XX:SurvivorRatio=4 -XX:TargetSurvivorRatio=90 -XX:ThreadStackSize=256 -XX:+UseCMSInitiatingOccupancyOnly -XX:+UseCompressedClassPointers -XX:+UseCompressedOops -XX:+UseConcMarkSweepGC -XX:-UseLargePagesIndividualAllocation -XX:+UseParNewGC 
2015-10-08T09:20:18.764+0800: 0.499: Total time for which application threads were stopped: 0.0001611 seconds, Stopping threads took: 0.0000620 seconds
2015-10-08T09:20:19.434+0800: 1.169: Total time for which application threads were stopped: 0.0002700 seconds, Stopping threads took: 0.0000868 seconds
2015-10-08T09:20:19.459+0800: 1.193: Total time for which application threads were stopped: 0.0001251 seconds, Stopping threads took: 0.0000257 seconds
2015-10-08T09:20:20.054+0800: 1.788: Total time for which application threads were stopped: 0.0002396 seconds, Stopping threads took: 0.0000809 seconds
2015-10-08T09:20:20.138+0800: 1.871: Total time for which application threads were stopped: 0.0002495 seconds, Stopping threads took: 0.0000675 seconds
2015-10-08T09:20:20.199+0800: 1.934: Total time for which application threads were stopped: 0.0007216 seconds, Stopping threads took: 0.0005333 seconds
2015-10-08T09:20:20.229+0800: 1.963: Total time for which application threads were stopped: 0.0001883 seconds, Stopping threads took: 0.0000253 seconds
2015-10-08T09:20:21.231+0800: 2.965: Total time for which application threads were stopped: 0.0013745 seconds, Stopping threads took: 0.0012490 seconds
{Heap before GC invocations=0 (full 0):
 par new generation   total 109248K, used 87424K [0x00000000e0000000, 0x00000000e8000000, 0x00000000e8000000)
  eden space 87424K, 100% used [0x00000000e0000000, 0x00000000e5560000, 0x00000000e5560000)
  from space 21824K,   0% used [0x00000000e5560000, 0x00000000e5560000, 0x00000000e6ab0000)
  to   space 21824K,   0% used [0x00000000e6ab0000, 0x00000000e6ab0000, 0x00000000e8000000)
 concurrent mark-sweep generation total 393216K, used 0K [0x00000000e8000000, 0x0000000100000000, 0x0000000100000000)
 Metaspace       used 10181K, capacity 10404K, committed 10496K, reserved 1058816K
  class space    used 1161K, capacity 1212K, committed 1280K, reserved 1048576K
2015-10-08T09:20:21.367+0800: 3.101: [GC (Allocation Failure) 3.102: [ParNew
Desired survivor size 20112992 bytes, new threshold 8 (max 8)
- age   1:    5945024 bytes,    5945024 total
: 87424K->5859K(109248K), 0.0086519 secs] 87424K->5859K(502464K), 0.0089756 secs] [Times: user=0.05 sys=0.02, real=0.01 secs] 
Heap after GC invocations=1 (full 0):
 par new generation   total 109248K, used 5859K [0x00000000e0000000, 0x00000000e8000000, 0x00000000e8000000)
  eden space 87424K,   0% used [0x00000000e0000000, 0x00000000e0000000, 0x00000000e5560000)
  from space 21824K,  26% used [0x00000000e6ab0000, 0x00000000e7068ed0, 0x00000000e8000000)
  to   space 21824K,   0% used [0x00000000e5560000, 0x00000000e5560000, 0x00000000e6ab0000)
 concurrent mark-sweep generation total 393216K, used 0K [0x00000000e8000000, 0x0000000100000000, 0x0000000100000000)
 Metaspace       used 10181K, capacity 10404K, committed 10496K, reserved 1058816K
  class space    used 1161K, capacity 1212K, committed 1280K, reserved 1048576K
}
2015-10-08T09:20:21.376+0800: 3.110: Total time for which application threads were stopped: 0.0092578 seconds, Stopping threads took: 0.0000489 seconds
2015-10-08T09:20:21.712+0800: 3.446: Total time for which application threads were stopped: 0.0002720 seconds, Stopping threads took: 0.0000572 seconds
2015-10-08T09:20:22.151+0800: 3.886: Total time for which application threads were stopped: 0.0002424 seconds, Stopping threads took: 0.0000209 seconds
2015-10-08T09:20:22.153+0800: 3.888: Total time for which application threads were stopped: 0.0002364 seconds, Stopping threads took: 0.0000217 seconds
2015-10-08T09:20:22.159+0800: 3.894: Total time for which application threads were stopped: 0.0001974 seconds, Stopping threads took: 0.0000213 seconds
2015-10-08T09:20:22.596+0800: 4.330: Total time for which application threads were stopped: 0.0002443 seconds, Stopping threads took: 0.0000209 seconds
2015-10-08T09:20:31.552+0800: 13.287: Total time for which application threads were stopped: 0.0001153 seconds, Stopping threads took: 0.0000489 seconds
2015-10-08T09:20:31.577+0800: 13.311: Total time for which application threads were stopped: 0.0003987 seconds, Stopping threads took: 0.0000296 seconds
2015-10-08T09:20:31.678+0800: 13.413: Total time for which application threads were stopped: 0.0002282 seconds, Stopping threads took: 0.0000636 seconds
{Heap before GC invocations=1 (full 0):
 par new generation   total 109248K, used 93283K [0x00000000e0000000, 0x00000000e8000000, 0x00000000e8000000)
  eden space 87424K, 100% used [0x00000000e0000000, 0x00000000e5560000, 0x00000000e5560000)
  from space 21824K,  26% used [0x00000000e6ab0000, 0x00000000e7068ed0, 0x00000000e8000000)
  to   space 21824K,   0% used [0x00000000e5560000, 0x00000000e5560000, 0x00000000e6ab0000)
 concurrent mark-sweep generation total 393216K, used 0K [0x00000000e8000000, 0x0000000100000000, 0x0000000100000000)
 Metaspace       used 19256K, capacity 19552K, committed 19840K, reserved 1067008K
  class space    used 2270K, capacity 2404K, committed 2432K, reserved 1048576K
2015-10-08T09:20:31.730+0800: 13.464: [GC (Allocation Failure) 13.464: [ParNew
Desired survivor size 20112992 bytes, new threshold 8 (max 8)
- age   1:    8355872 bytes,    8355872 total
- age   2:    3141144 bytes,   11497016 total
: 93283K->13765K(109248K), 0.0139228 secs] 93283K->13765K(502464K), 0.0141060 secs] [Times: user=0.06 sys=0.00, real=0.01 secs] 
Heap after GC invocations=2 (full 0):
 par new generation   total 109248K, used 13765K [0x00000000e0000000, 0x00000000e8000000, 0x00000000e8000000)
  eden space 87424K,   0% used [0x00000000e0000000, 0x00000000e0000000, 0x00000000e5560000)
  from space 21824K,  63% used [0x00000000e5560000, 0x00000000e62d1798, 0x00000000e6ab0000)
  to   space 21824K,   0% used [0x00000000e6ab0000, 0x00000000e6ab0000, 0x00000000e8000000)
 concurrent mark-sweep generation total 393216K, used 0K [0x00000000e8000000, 0x0000000100000000, 0x0000000100000000)
 Metaspace       used 19256K, capacity 19552K, committed 19840K, reserved 1067008K
  class space    used 2270K, capacity 2404K, committed 2432K, reserved 1048576K
}
2015-10-08T09:20:31.744+0800: 13.478: Total time for which application threads were stopped: 0.0144309 seconds, Stopping threads took: 0.0000703 seconds
2015-10-08T09:20:31.749+0800: 13.483: Total time for which application threads were stopped: 0.0002637 seconds, Stopping threads took: 0.0001279 seconds
2015-10-08T09:20:31.750+0800: 13.484: Total time for which application threads were stopped: 0.0001543 seconds, Stopping threads took: 0.0000817 seconds
2015-10-08T09:20:31.796+0800: 13.530: Total time for which application threads were stopped: 0.0005147 seconds, Stopping threads took: 0.0004161 seconds
2015-10-08T09:20:31.796+0800: 13.530: Total time for which application threads were stopped: 0.0001405 seconds, Stopping threads took: 0.0000825 seconds
2015-10-08T09:20:31.833+0800: 13.567: Total time for which application threads were stopped: 0.0001405 seconds, Stopping threads took: 0.0000336 seconds
2015-10-08T09:20:32.089+0800: 13.823: Total time for which application threads were stopped: 0.0004674 seconds, Stopping threads took: 0.0003714 seconds
2015-10-08T09:20:32.090+0800: 13.824: Total time for which application threads were stopped: 0.0000620 seconds, Stopping threads took: 0.0000189 seconds
2015-10-08T09:20:32.096+0800: 13.830: Total time for which application threads were stopped: 0.0001847 seconds, Stopping threads took: 0.0000868 seconds
2015-10-08T09:20:32.096+0800: 13.830: Total time for which application threads were stopped: 0.0001145 seconds, Stopping threads took: 0.0000643 seconds
2015-10-08T09:20:32.139+0800: 13.874: Total time for which application threads were stopped: 0.0090107 seconds, Stopping threads took: 0.0089235 seconds
2015-10-08T09:20:32.140+0800: 13.874: Total time for which application threads were stopped: 0.0000730 seconds, Stopping threads took: 0.0000237 seconds
2015-10-08T09:20:32.141+0800: 13.875: Total time for which application threads were stopped: 0.0007366 seconds, Stopping threads took: 0.0004074 seconds
2015-10-08T09:20:32.181+0800: 13.915: Total time for which application threads were stopped: 0.0039237 seconds, Stopping threads took: 0.0038404 seconds
2015-10-08T09:20:32.181+0800: 13.916: Total time for which application threads were stopped: 0.0000853 seconds, Stopping threads took: 0.0000249 seconds
2015-10-08T09:20:32.184+0800: 13.919: Total time for which application threads were stopped: 0.0004330 seconds, Stopping threads took: 0.0000904 seconds
2015-10-08T09:20:32.192+0800: 13.927: Total time for which application threads were stopped: 0.0001662 seconds, Stopping threads took: 0.0000979 seconds
2015-10-08T09:20:32.273+0800: 14.008: Total time for which application threads were stopped: 0.0141309 seconds, Stopping threads took: 0.0136860 seconds
2015-10-08T09:20:32.298+0800: 14.033: Total time for which application threads were stopped: 0.0002511 seconds, Stopping threads took: 0.0001528 seconds
2015-10-08T09:20:32.309+0800: 14.043: Total time for which application threads were stopped: 0.0003975 seconds, Stopping threads took: 0.0000699 seconds
2015-10-08T09:20:32.360+0800: 14.095: Total time for which application threads were stopped: 0.0001188 seconds, Stopping threads took: 0.0000288 seconds
2015-10-08T09:20:32.491+0800: 14.225: Total time for which application threads were stopped: 0.0002949 seconds, Stopping threads took: 0.0001958 seconds
2015-10-08T09:20:32.492+0800: 14.226: Total time for which application threads were stopped: 0.0001871 seconds, Stopping threads took: 0.0000849 seconds
2015-10-08T09:20:32.492+0800: 14.226: Total time for which application threads were stopped: 0.0000999 seconds, Stopping threads took: 0.0000533 seconds
2015-10-08T09:20:32.763+0800: 14.497: Total time for which application threads were stopped: 0.0001642 seconds, Stopping threads took: 0.0000371 seconds
{Heap before GC invocations=2 (full 0):
 par new generation   total 109248K, used 101189K [0x00000000e0000000, 0x00000000e8000000, 0x00000000e8000000)
  eden space 87424K, 100% used [0x00000000e0000000, 0x00000000e5560000, 0x00000000e5560000)
  from space 21824K,  63% used [0x00000000e5560000, 0x00000000e62d1798, 0x00000000e6ab0000)
  to   space 21824K,   0% used [0x00000000e6ab0000, 0x00000000e6ab0000, 0x00000000e8000000)
 concurrent mark-sweep generation total 393216K, used 0K [0x00000000e8000000, 0x0000000100000000, 0x0000000100000000)
 Metaspace       used 21695K, capacity 22054K, committed 22292K, reserved 1069056K
  class space    used 2568K, capacity 2709K, committed 2764K, reserved 1048576K
2015-10-08T09:20:33.008+0800: 14.742: [GC (Allocation Failure) 14.742: [ParNew
Desired survivor size 20112992 bytes, new threshold 8 (max 8)
- age   1:    4089128 bytes,    4089128 total
- age   2:    2836192 bytes,    6925320 total
- age   3:    3075608 bytes,   10000928 total
: 101189K->14007K(109248K), 0.0118749 secs] 101189K->14007K(502464K), 0.0119886 secs] [Times: user=0.06 sys=0.00, real=0.01 secs] 
Heap after GC invocations=3 (full 0):
 par new generation   total 109248K, used 14007K [0x00000000e0000000, 0x00000000e8000000, 0x00000000e8000000)
  eden space 87424K,   0% used [0x00000000e0000000, 0x00000000e0000000, 0x00000000e5560000)
  from space 21824K,  64% used [0x00000000e6ab0000, 0x00000000e785dd50, 0x00000000e8000000)
  to   space 21824K,   0% used [0x00000000e5560000, 0x00000000e5560000, 0x00000000e6ab0000)
 concurrent mark-sweep generation total 393216K, used 0K [0x00000000e8000000, 0x0000000100000000, 0x0000000100000000)
 Metaspace       used 21695K, capacity 22054K, committed 22292K, reserved 1069056K
  class space    used 2568K, capacity 2709K, committed 2764K, reserved 1048576K
}
2015-10-08T09:20:33.020+0800: 14.754: Total time for which application threads were stopped: 0.0123301 seconds, Stopping threads took: 0.0001066 seconds
2015-10-08T09:20:33.021+0800: 14.755: [GC (CMS Initial Mark) [1 CMS-initial-mark: 0K(393216K)] 14023K(502464K), 0.0026657 secs] [Times: user=0.00 sys=0.00, real=0.00 secs] 
2015-10-08T09:20:33.024+0800: 14.758: Total time for which application threads were stopped: 0.0035740 seconds, Stopping threads took: 0.0006868 seconds
2015-10-08T09:20:33.024+0800: 14.758: [CMS-concurrent-mark-start]
2015-10-08T09:20:33.024+0800: 14.758: [CMS-concurrent-mark: 0.000/0.000 secs] [Times: user=0.00 sys=0.00, real=0.00 secs] 
2015-10-08T09:20:33.024+0800: 14.758: [CMS-concurrent-preclean-start]
2015-10-08T09:20:33.025+0800: 14.759: [CMS-concurrent-preclean: 0.001/0.001 secs] [Times: user=0.00 sys=0.00, real=0.00 secs] 
2015-10-08T09:20:33.025+0800: 14.760: Total time for which application threads were stopped: 0.0001745 seconds, Stopping threads took: 0.0000955 seconds
2015-10-08T09:20:33.026+0800: 14.760: [GC (CMS Final Remark) [YG occupancy: 14766 K (109248 K)]{Heap before GC invocations=3 (full 1):
 par new generation   total 109248K, used 14766K [0x00000000e0000000, 0x00000000e8000000, 0x00000000e8000000)
  eden space 87424K,   0% used [0x00000000e0000000, 0x00000000e00bdd38, 0x00000000e5560000)
  from space 21824K,  64% used [0x00000000e6ab0000, 0x00000000e785dd50, 0x00000000e8000000)
  to   space 21824K,   0% used [0x00000000e5560000, 0x00000000e5560000, 0x00000000e6ab0000)
 concurrent mark-sweep generation total 393216K, used 0K [0x00000000e8000000, 0x0000000100000000, 0x0000000100000000)
 Metaspace       used 21695K, capacity 22054K, committed 22292K, reserved 1069056K
  class space    used 2568K, capacity 2709K, committed 2764K, reserved 1048576K
2015-10-08T09:20:33.026+0800: 14.760: [GC (CMS Final Remark) 14.760: [ParNew
Desired survivor size 20112992 bytes, new threshold 8 (max 8)
- age   1:     135864 bytes,     135864 total
- age   2:    2276200 bytes,    2412064 total
- age   3:    2836192 bytes,    5248256 total
- age   4:    3075344 bytes,    8323600 total
: 14766K->11993K(109248K), 0.0103627 secs] 14766K->11993K(502464K), 0.0104381 secs] [Times: user=0.06 sys=0.00, real=0.01 secs] 
Heap after GC invocations=4 (full 1):
 par new generation   total 109248K, used 11993K [0x00000000e0000000, 0x00000000e8000000, 0x00000000e8000000)
  eden space 87424K,   0% used [0x00000000e0000000, 0x00000000e0000000, 0x00000000e5560000)
  from space 21824K,  54% used [0x00000000e5560000, 0x00000000e61167c0, 0x00000000e6ab0000)
  to   space 21824K,   0% used [0x00000000e6ab0000, 0x00000000e6ab0000, 0x00000000e8000000)
 concurrent mark-sweep generation total 393216K, used 0K [0x00000000e8000000, 0x0000000100000000, 0x0000000100000000)
 Metaspace       used 21695K, capacity 22054K, committed 22292K, reserved 1069056K
  class space    used 2568K, capacity 2709K, committed 2764K, reserved 1048576K
}
14.771: [Rescan (parallel) , 0.0033916 secs]14.774: [weak refs processing, 0.0017037 secs]14.776: [class unloading, 0.0044657 secs]14.780: [scrub symbol table, 0.0068235 secs]14.787: [scrub string table, 0.0006493 secs][1 CMS-remark: 0K(393216K)] 11993K(502464K), 0.0290113 secs] [Times: user=0.08 sys=0.00, real=0.03 secs] 
2015-10-08T09:20:33.055+0800: 14.789: Total time for which application threads were stopped: 0.0291842 seconds, Stopping threads took: 0.0000505 seconds
2015-10-08T09:20:33.055+0800: 14.789: [CMS-concurrent-sweep-start]
2015-10-08T09:20:33.055+0800: 14.789: [CMS-concurrent-sweep: 0.000/0.000 secs] [Times: user=0.00 sys=0.00, real=0.00 secs] 
2015-10-08T09:20:33.055+0800: 14.789: Total time for which application threads were stopped: 0.0001847 seconds, Stopping threads took: 0.0000809 seconds
2015-10-08T09:20:33.055+0800: 14.789: [CMS-concurrent-reset-start]
2015-10-08T09:20:33.057+0800: 14.792: [CMS-concurrent-reset: 0.002/0.002 secs] [Times: user=0.00 sys=0.00, real=0.00 secs] 
2015-10-08T09:20:33.527+0800: 15.262: Total time for which application threads were stopped: 0.0001259 seconds, Stopping threads took: 0.0000328 seconds
{Heap before GC invocations=4 (full 1):
 par new generation   total 109248K, used 99417K [0x00000000e0000000, 0x00000000e8000000, 0x00000000e8000000)
  eden space 87424K, 100% used [0x00000000e0000000, 0x00000000e5560000, 0x00000000e5560000)
  from space 21824K,  54% used [0x00000000e5560000, 0x00000000e61167c0, 0x00000000e6ab0000)
  to   space 21824K,   0% used [0x00000000e6ab0000, 0x00000000e6ab0000, 0x00000000e8000000)
 concurrent mark-sweep generation total 393216K, used 0K [0x00000000e8000000, 0x0000000100000000, 0x0000000100000000)
 Metaspace       used 22577K, capacity 22878K, committed 23188K, reserved 1069056K
  class space    used 2684K, capacity 2809K, committed 2892K, reserved 1048576K
2015-10-08T09:20:33.611+0800: 15.345: [GC (Allocation Failure) 15.345: [ParNew
Desired survivor size 20112992 bytes, new threshold 8 (max 8)
- age   1:     824968 bytes,     824968 total
- age   3:    2248096 bytes,    3073064 total
- age   4:    2835680 bytes,    5908744 total
- age   5:    3075408 bytes,    8984152 total
: 99417K->11368K(109248K), 0.0129099 secs] 99417K->11368K(502464K), 0.0129944 secs] [Times: user=0.03 sys=0.00, real=0.01 secs] 
Heap after GC invocations=5 (full 1):
 par new generation   total 109248K, used 11368K [0x00000000e0000000, 0x00000000e8000000, 0x00000000e8000000)
  eden space 87424K,   0% used [0x00000000e0000000, 0x00000000e0000000, 0x00000000e5560000)
  from space 21824K,  52% used [0x00000000e6ab0000, 0x00000000e75ca210, 0x00000000e8000000)
  to   space 21824K,   0% used [0x00000000e5560000, 0x00000000e5560000, 0x00000000e6ab0000)
 concurrent mark-sweep generation total 393216K, used 0K [0x00000000e8000000, 0x0000000100000000, 0x0000000100000000)
 Metaspace       used 22577K, capacity 22878K, committed 23188K, reserved 1069056K
  class space    used 2684K, capacity 2809K, committed 2892K, reserved 1048576K
}
2015-10-08T09:20:33.624+0800: 15.358: Total time for which application threads were stopped: 0.0132360 seconds, Stopping threads took: 0.0000241 seconds
2015-10-08T09:20:33.625+0800: 15.359: Total time for which application threads were stopped: 0.0001875 seconds, Stopping threads took: 0.0001133 seconds
2015-10-08T09:20:33.823+0800: 15.558: Total time for which application threads were stopped: 0.0000853 seconds, Stopping threads took: 0.0000205 seconds
2015-10-08T09:20:33.823+0800: 15.558: Total time for which application threads were stopped: 0.0000371 seconds, Stopping threads took: 0.0000118 seconds
2015-10-08T09:20:33.824+0800: 15.558: Total time for which application threads were stopped: 0.0000620 seconds, Stopping threads took: 0.0000399 seconds
2015-10-08T09:20:33.824+0800: 15.558: Total time for which application threads were stopped: 0.0000261 seconds, Stopping threads took: 0.0000079 seconds
2015-10-08T09:20:33.824+0800: 15.558: Total time for which application threads were stopped: 0.0000292 seconds, Stopping threads took: 0.0000095 seconds
2015-10-08T09:20:33.830+0800: 15.564: Total time for which application threads were stopped: 0.0000675 seconds, Stopping threads took: 0.0000229 seconds
2015-10-08T09:20:33.830+0800: 15.564: Total time for which application threads were stopped: 0.0000959 seconds, Stopping threads took: 0.0000134 seconds
2015-10-08T09:20:33.830+0800: 15.564: Total time for which application threads were stopped: 0.0000367 seconds, Stopping threads took: 0.0000103 seconds
2015-10-08T09:20:33.978+0800: 15.713: Total time for which application threads were stopped: 0.0001153 seconds, Stopping threads took: 0.0000300 seconds
2015-10-08T09:20:33.997+0800: 15.731: Total time for which application threads were stopped: 0.0001366 seconds, Stopping threads took: 0.0000403 seconds
2015-10-08T09:20:33.999+0800: 15.733: Total time for which application threads were stopped: 0.0002064 seconds, Stopping threads took: 0.0001283 seconds
2015-10-08T09:20:34.001+0800: 15.735: Total time for which application threads were stopped: 0.0000876 seconds, Stopping threads took: 0.0000217 seconds
2015-10-08T09:20:34.006+0800: 15.740: Total time for which application threads were stopped: 0.0001607 seconds, Stopping threads took: 0.0000734 seconds
2015-10-08T09:20:34.056+0800: 15.790: Total time for which application threads were stopped: 0.0000766 seconds, Stopping threads took: 0.0000225 seconds
{Heap before GC invocations=5 (full 1):
 par new generation   total 109248K, used 98792K [0x00000000e0000000, 0x00000000e8000000, 0x00000000e8000000)
  eden space 87424K, 100% used [0x00000000e0000000, 0x00000000e5560000, 0x00000000e5560000)
  from space 21824K,  52% used [0x00000000e6ab0000, 0x00000000e75ca210, 0x00000000e8000000)
  to   space 21824K,   0% used [0x00000000e5560000, 0x00000000e5560000, 0x00000000e6ab0000)
 concurrent mark-sweep generation total 393216K, used 0K [0x00000000e8000000, 0x0000000100000000, 0x0000000100000000)
 Metaspace       used 23912K, capacity 24258K, committed 24524K, reserved 1071104K
  class space    used 2853K, capacity 2971K, committed 3020K, reserved 1048576K
2015-10-08T09:20:34.162+0800: 15.896: [GC (Allocation Failure) 15.896: [ParNew
Desired survivor size 20112992 bytes, new threshold 8 (max 8)
- age   1:    1619712 bytes,    1619712 total
- age   2:     171088 bytes,    1790800 total
- age   4:     932272 bytes,    2723072 total
- age   5:    2829256 bytes,    5552328 total
- age   6:    3075392 bytes,    8627720 total
: 98792K->9960K(109248K), 0.0112852 secs] 98792K->9960K(502464K), 0.0113736 secs] [Times: user=0.06 sys=0.00, real=0.01 secs] 
Heap after GC invocations=6 (full 1):
 par new generation   total 109248K, used 9960K [0x00000000e0000000, 0x00000000e8000000, 0x00000000e8000000)
  eden space 87424K,   0% used [0x00000000e0000000, 0x00000000e0000000, 0x00000000e5560000)
  from space 21824K,  45% used [0x00000000e5560000, 0x00000000e5f1a270, 0x00000000e6ab0000)
  to   space 21824K,   0% used [0x00000000e6ab0000, 0x00000000e6ab0000, 0x00000000e8000000)
 concurrent mark-sweep generation total 393216K, used 0K [0x00000000e8000000, 0x0000000100000000, 0x0000000100000000)
 Metaspace       used 23912K, capacity 24258K, committed 24524K, reserved 1071104K
  class space    used 2853K, capacity 2971K, committed 3020K, reserved 1048576K
}
2015-10-08T09:20:34.173+0800: 15.907: Total time for which application threads were stopped: 0.0117020 seconds, Stopping threads took: 0.0000647 seconds
2015-10-08T09:20:34.175+0800: 15.910: Total time for which application threads were stopped: 0.0015272 seconds, Stopping threads took: 0.0013974 seconds
2015-10-08T09:20:34.176+0800: 15.910: Total time for which application threads were stopped: 0.0001342 seconds, Stopping threads took: 0.0000584 seconds
2015-10-08T09:20:34.176+0800: 15.910: Total time for which application threads were stopped: 0.0001429 seconds, Stopping threads took: 0.0000774 seconds
2015-10-08T09:20:34.176+0800: 15.910: Total time for which application threads were stopped: 0.0001318 seconds, Stopping threads took: 0.0000576 seconds
2015-10-08T09:20:34.176+0800: 15.911: Total time for which application threads were stopped: 0.0000786 seconds, Stopping threads took: 0.0000158 seconds
2015-10-08T09:20:34.177+0800: 15.911: Total time for which application threads were stopped: 0.0002207 seconds, Stopping threads took: 0.0000576 seconds
2015-10-08T09:20:34.192+0800: 15.926: Total time for which application threads were stopped: 0.0004011 seconds, Stopping threads took: 0.0000308 seconds
2015-10-08T09:20:34.432+0800: 16.166: Total time for which application threads were stopped: 0.0001086 seconds, Stopping threads took: 0.0000284 seconds
2015-10-08T09:20:34.459+0800: 16.193: Total time for which application threads were stopped: 0.0004717 seconds, Stopping threads took: 0.0000813 seconds
2015-10-08T09:20:34.507+0800: 16.241: Total time for which application threads were stopped: 0.0003320 seconds, Stopping threads took: 0.0000241 seconds
2015-10-08T09:20:34.563+0800: 16.297: Total time for which application threads were stopped: 0.0001528 seconds, Stopping threads took: 0.0000711 seconds
2015-10-08T09:20:34.573+0800: 16.307: Total time for which application threads were stopped: 0.0000778 seconds, Stopping threads took: 0.0000304 seconds
2015-10-08T09:20:34.793+0800: 16.527: Total time for which application threads were stopped: 0.0001239 seconds, Stopping threads took: 0.0000268 seconds
2015-10-08T09:20:34.793+0800: 16.527: Total time for which application threads were stopped: 0.0000750 seconds, Stopping threads took: 0.0000367 seconds
2015-10-08T09:20:35.793+0800: 17.527: Total time for which application threads were stopped: 0.0001011 seconds, Stopping threads took: 0.0000268 seconds
2015-10-08T09:20:41.467+0800: 23.201: Total time for which application threads were stopped: 0.0000959 seconds, Stopping threads took: 0.0000261 seconds
2015-10-08T09:20:41.468+0800: 23.202: Total time for which application threads were stopped: 0.0000837 seconds, Stopping threads took: 0.0000426 seconds
2015-10-08T09:20:41.468+0800: 23.202: Total time for which application threads were stopped: 0.0000509 seconds, Stopping threads took: 0.0000122 seconds
2015-10-08T09:20:41.474+0800: 23.208: Total time for which application threads were stopped: 0.0001003 seconds, Stopping threads took: 0.0000268 seconds
2015-10-08T09:20:41.603+0800: 23.338: Total time for which application threads were stopped: 0.0003043 seconds, Stopping threads took: 0.0000284 seconds
2015-10-08T09:20:41.617+0800: 23.351: Total time for which application threads were stopped: 0.0001358 seconds, Stopping threads took: 0.0000711 seconds
2015-10-08T09:20:41.618+0800: 23.352: Total time for which application threads were stopped: 0.0001555 seconds, Stopping threads took: 0.0000308 seconds
2015-10-08T09:20:41.618+0800: 23.353: Total time for which application threads were stopped: 0.0001725 seconds, Stopping threads took: 0.0001176 seconds
2015-10-08T09:20:41.619+0800: 23.353: Total time for which application threads were stopped: 0.0001512 seconds, Stopping threads took: 0.0000789 seconds
2015-10-08T09:20:41.621+0800: 23.355: Total time for which application threads were stopped: 0.0007559 seconds, Stopping threads took: 0.0006608 seconds
2015-10-08T09:20:41.621+0800: 23.356: Total time for which application threads were stopped: 0.0000754 seconds, Stopping threads took: 0.0000197 seconds
2015-10-08T09:20:41.622+0800: 23.356: Total time for which application threads were stopped: 0.0001607 seconds, Stopping threads took: 0.0000963 seconds
2015-10-08T09:20:41.622+0800: 23.357: Total time for which application threads were stopped: 0.0001543 seconds, Stopping threads took: 0.0001070 seconds
2015-10-08T09:20:41.623+0800: 23.357: Total time for which application threads were stopped: 0.0001768 seconds, Stopping threads took: 0.0000861 seconds
2015-10-08T09:20:41.624+0800: 23.358: Total time for which application threads were stopped: 0.0001678 seconds, Stopping threads took: 0.0001042 seconds
2015-10-08T09:20:41.626+0800: 23.360: Total time for which application threads were stopped: 0.0002041 seconds, Stopping threads took: 0.0000616 seconds
2015-10-08T09:20:41.629+0800: 23.363: Total time for which application threads were stopped: 0.0001255 seconds, Stopping threads took: 0.0000312 seconds
2015-10-08T09:20:41.630+0800: 23.364: Total time for which application threads were stopped: 0.0001836 seconds, Stopping threads took: 0.0001066 seconds
2015-10-08T09:20:41.638+0800: 23.373: Total time for which application threads were stopped: 0.0031109 seconds, Stopping threads took: 0.0030032 seconds
2015-10-08T09:20:41.644+0800: 23.378: Total time for which application threads were stopped: 0.0001713 seconds, Stopping threads took: 0.0000955 seconds
2015-10-08T09:20:41.647+0800: 23.381: Total time for which application threads were stopped: 0.0001591 seconds, Stopping threads took: 0.0000695 seconds
2015-10-08T09:20:41.647+0800: 23.382: Total time for which application threads were stopped: 0.0001109 seconds, Stopping threads took: 0.0000600 seconds
2015-10-08T09:20:41.651+0800: 23.385: Total time for which application threads were stopped: 0.0002724 seconds, Stopping threads took: 0.0001563 seconds
2015-10-08T09:20:41.652+0800: 23.386: Total time for which application threads were stopped: 0.0001926 seconds, Stopping threads took: 0.0000999 seconds
2015-10-08T09:20:41.660+0800: 23.395: Total time for which application threads were stopped: 0.0001820 seconds, Stopping threads took: 0.0000884 seconds
2015-10-08T09:20:41.661+0800: 23.396: Total time for which application threads were stopped: 0.0001607 seconds, Stopping threads took: 0.0000805 seconds
2015-10-08T09:20:41.664+0800: 23.399: Total time for which application threads were stopped: 0.0001626 seconds, Stopping threads took: 0.0000825 seconds
2015-10-08T09:20:41.665+0800: 23.399: Total time for which application threads were stopped: 0.0000868 seconds, Stopping threads took: 0.0000229 seconds
2015-10-08T09:20:41.667+0800: 23.401: Total time for which application threads were stopped: 0.0001129 seconds, Stopping threads took: 0.0000411 seconds
2015-10-08T09:20:41.668+0800: 23.402: Total time for which application threads were stopped: 0.0001816 seconds, Stopping threads took: 0.0000793 seconds
2015-10-08T09:20:41.668+0800: 23.402: Total time for which application threads were stopped: 0.0001062 seconds, Stopping threads took: 0.0000418 seconds
2015-10-08T09:20:41.669+0800: 23.404: Total time for which application threads were stopped: 0.0003754 seconds, Stopping threads took: 0.0001078 seconds
2015-10-08T09:20:41.675+0800: 23.409: Total time for which application threads were stopped: 0.0001808 seconds, Stopping threads took: 0.0000849 seconds
2015-10-08T09:20:41.675+0800: 23.410: Total time for which application threads were stopped: 0.0001453 seconds, Stopping threads took: 0.0000600 seconds
2015-10-08T09:20:41.677+0800: 23.411: Total time for which application threads were stopped: 0.0001326 seconds, Stopping threads took: 0.0000608 seconds
2015-10-08T09:20:41.677+0800: 23.412: Total time for which application threads were stopped: 0.0002992 seconds, Stopping threads took: 0.0000557 seconds
2015-10-08T09:20:42.004+0800: 23.738: Total time for which application threads were stopped: 0.0001034 seconds, Stopping threads took: 0.0000284 seconds
2015-10-08T09:20:42.006+0800: 23.740: Total time for which application threads were stopped: 0.0001425 seconds, Stopping threads took: 0.0000679 seconds
2015-10-08T09:20:42.019+0800: 23.753: Total time for which application threads were stopped: 0.0004500 seconds, Stopping threads took: 0.0003750 seconds
2015-10-08T09:20:42.027+0800: 23.761: Total time for which application threads were stopped: 0.0001654 seconds, Stopping threads took: 0.0000659 seconds
2015-10-08T09:20:42.028+0800: 23.762: Total time for which application threads were stopped: 0.0001713 seconds, Stopping threads took: 0.0000754 seconds
2015-10-08T09:20:42.031+0800: 23.765: Total time for which application threads were stopped: 0.0002921 seconds, Stopping threads took: 0.0001950 seconds
2015-10-08T09:20:42.034+0800: 23.769: Total time for which application threads were stopped: 0.0001646 seconds, Stopping threads took: 0.0000588 seconds
2015-10-08T09:20:42.038+0800: 23.773: Total time for which application threads were stopped: 0.0019595 seconds, Stopping threads took: 0.0016840 seconds
2015-10-08T09:20:42.040+0800: 23.775: Total time for which application threads were stopped: 0.0002132 seconds, Stopping threads took: 0.0001322 seconds
2015-10-08T09:20:42.054+0800: 23.788: Total time for which application threads were stopped: 0.0001291 seconds, Stopping threads took: 0.0000304 seconds
2015-10-08T09:20:42.058+0800: 23.792: Total time for which application threads were stopped: 0.0001816 seconds, Stopping threads took: 0.0000801 seconds
2015-10-08T09:20:42.059+0800: 23.793: Total time for which application threads were stopped: 0.0001093 seconds, Stopping threads took: 0.0000253 seconds
2015-10-08T09:20:42.060+0800: 23.794: Total time for which application threads were stopped: 0.0002049 seconds, Stopping threads took: 0.0001137 seconds
2015-10-08T09:20:42.061+0800: 23.796: Total time for which application threads were stopped: 0.0001753 seconds, Stopping threads took: 0.0000967 seconds
2015-10-08T09:20:42.062+0800: 23.796: Total time for which application threads were stopped: 0.0001429 seconds, Stopping threads took: 0.0000825 seconds
2015-10-08T09:20:42.063+0800: 23.797: Total time for which application threads were stopped: 0.0001832 seconds, Stopping threads took: 0.0000659 seconds
2015-10-08T09:20:42.063+0800: 23.798: Total time for which application threads were stopped: 0.0003087 seconds, Stopping threads took: 0.0000521 seconds
2015-10-08T09:20:43.065+0800: 24.799: Total time for which application threads were stopped: 0.0001543 seconds, Stopping threads took: 0.0000280 seconds
2015-10-08T09:20:43.959+0800: 25.693: Total time for which application threads were stopped: 0.0001800 seconds, Stopping threads took: 0.0000707 seconds
2015-10-08T09:20:44.058+0800: 25.792: Total time for which application threads were stopped: 0.0001050 seconds, Stopping threads took: 0.0000284 seconds
2015-10-08T09:20:44.316+0800: 26.051: Total time for which application threads were stopped: 0.0003663 seconds, Stopping threads took: 0.0002846 seconds
2015-10-08T09:20:44.363+0800: 26.097: Total time for which application threads were stopped: 0.0000695 seconds, Stopping threads took: 0.0000245 seconds
2015-10-08T09:20:47.189+0800: 28.924: Total time for which application threads were stopped: 0.0001824 seconds, Stopping threads took: 0.0001026 seconds
2015-10-08T09:20:48.190+0800: 29.924: Total time for which application threads were stopped: 0.0005234 seconds, Stopping threads took: 0.0002017 seconds
2015-10-08T09:20:49.934+0800: 31.669: Total time for which application threads were stopped: 0.0002242 seconds, Stopping threads took: 0.0000576 seconds
2015-10-08T09:20:49.942+0800: 31.676: Total time for which application threads were stopped: 0.0001559 seconds, Stopping threads took: 0.0000730 seconds
2015-10-08T09:20:50.068+0800: 31.802: Total time for which application threads were stopped: 0.0002021 seconds, Stopping threads took: 0.0001168 seconds
2015-10-08T09:20:50.072+0800: 31.806: Total time for which application threads were stopped: 0.0026965 seconds, Stopping threads took: 0.0024786 seconds
2015-10-08T09:20:51.072+0800: 32.806: Total time for which application threads were stopped: 0.0001101 seconds, Stopping threads took: 0.0000292 seconds
2015-10-08T09:21:03.268+0800: 45.002: Total time for which application threads were stopped: 0.0000770 seconds, Stopping threads took: 0.0000245 seconds
2015-10-08T09:21:03.284+0800: 45.018: Total time for which application threads were stopped: 0.0004192 seconds, Stopping threads took: 0.0000221 seconds
2015-10-08T09:21:03.284+0800: 45.018: Total time for which application threads were stopped: 0.0000675 seconds, Stopping threads took: 0.0000217 seconds
2015-10-08T09:21:03.360+0800: 45.094: Total time for which application threads were stopped: 0.0001172 seconds, Stopping threads took: 0.0000403 seconds
2015-10-08T09:21:03.363+0800: 45.097: Total time for which application threads were stopped: 0.0001378 seconds, Stopping threads took: 0.0000758 seconds
2015-10-08T09:21:03.377+0800: 45.111: Total time for which application threads were stopped: 0.0000813 seconds, Stopping threads took: 0.0000264 seconds
2015-10-08T09:21:03.377+0800: 45.111: Total time for which application threads were stopped: 0.0000288 seconds, Stopping threads took: 0.0000091 seconds
2015-10-08T09:21:03.395+0800: 45.129: Total time for which application threads were stopped: 0.0000655 seconds, Stopping threads took: 0.0000225 seconds
2015-10-08T09:21:03.395+0800: 45.129: Total time for which application threads were stopped: 0.0000300 seconds, Stopping threads took: 0.0000091 seconds
2015-10-08T09:21:03.443+0800: 45.177: Total time for which application threads were stopped: 0.0000738 seconds, Stopping threads took: 0.0000217 seconds
2015-10-08T09:21:03.443+0800: 45.177: Total time for which application threads were stopped: 0.0000324 seconds, Stopping threads took: 0.0000099 seconds
2015-10-08T09:21:03.443+0800: 45.178: Total time for which application threads were stopped: 0.0000320 seconds, Stopping threads took: 0.0000111 seconds
{Heap before GC invocations=6 (full 1):
 par new generation   total 109248K, used 97384K [0x00000000e0000000, 0x00000000e8000000, 0x00000000e8000000)
  eden space 87424K, 100% used [0x00000000e0000000, 0x00000000e5560000, 0x00000000e5560000)
  from space 21824K,  45% used [0x00000000e5560000, 0x00000000e5f1a270, 0x00000000e6ab0000)
  to   space 21824K,   0% used [0x00000000e6ab0000, 0x00000000e6ab0000, 0x00000000e8000000)
 concurrent mark-sweep generation total 393216K, used 0K [0x00000000e8000000, 0x0000000100000000, 0x0000000100000000)
 Metaspace       used 29515K, capacity 29890K, committed 30284K, reserved 1075200K
  class space    used 3472K, capacity 3611K, committed 3660K, reserved 1048576K
2015-10-08T09:21:03.510+0800: 45.244: [GC (Allocation Failure) 45.244: [ParNew
Desired survivor size 20112992 bytes, new threshold 7 (max 8)
- age   1:   15176080 bytes,   15176080 total
- age   2:     519008 bytes,   15695088 total
- age   3:     168192 bytes,   15863280 total
- age   5:     909272 bytes,   16772552 total
- age   6:    2526344 bytes,   19298896 total
- age   7:    3048376 bytes,   22347272 total
: 97384K->21824K(109248K), 0.1320208 secs] 97384K->36043K(502464K), 0.1321392 secs] [Times: user=0.36 sys=0.05, real=0.13 secs] 
Heap after GC invocations=7 (full 1):
 par new generation   total 109248K, used 21824K [0x00000000e0000000, 0x00000000e8000000, 0x00000000e8000000)
  eden space 87424K,   0% used [0x00000000e0000000, 0x00000000e0000000, 0x00000000e5560000)
  from space 21824K, 100% used [0x00000000e6ab0000, 0x00000000e8000000, 0x00000000e8000000)
  to   space 21824K,   0% used [0x00000000e5560000, 0x00000000e5560000, 0x00000000e6ab0000)
 concurrent mark-sweep generation total 393216K, used 14219K [0x00000000e8000000, 0x0000000100000000, 0x0000000100000000)
 Metaspace       used 29515K, capacity 29890K, committed 30284K, reserved 1075200K
  class space    used 3472K, capacity 3611K, committed 3660K, reserved 1048576K
}
2015-10-08T09:21:03.641+0800: 45.376: Total time for which application threads were stopped: 0.1324069 seconds, Stopping threads took: 0.0000324 seconds
{Heap before GC invocations=7 (full 1):
 par new generation   total 109248K, used 109248K [0x00000000e0000000, 0x00000000e8000000, 0x00000000e8000000)
  eden space 87424K, 100% used [0x00000000e0000000, 0x00000000e5560000, 0x00000000e5560000)
  from space 21824K, 100% used [0x00000000e6ab0000, 0x00000000e8000000, 0x00000000e8000000)
  to   space 21824K,   0% used [0x00000000e5560000, 0x00000000e5560000, 0x00000000e6ab0000)
 concurrent mark-sweep generation total 393216K, used 14219K [0x00000000e8000000, 0x0000000100000000, 0x0000000100000000)
 Metaspace       used 29938K, capacity 30306K, committed 30540K, reserved 1077248K
  class space    used 3505K, capacity 3643K, committed 3660K, reserved 1048576K
2015-10-08T09:21:04.213+0800: 45.947: [GC (Allocation Failure) 45.947: [ParNew
Desired survivor size 20112992 bytes, new threshold 7 (max 8)
- age   1:   11388928 bytes,   11388928 total
- age   2:    7082400 bytes,   18471328 total
- age   3:     513992 bytes,   18985320 total
- age   4:     158696 bytes,   19144016 total
- age   6:     875384 bytes,   20019400 total
- age   7:    2180328 bytes,   22199728 total
: 109248K->21824K(109248K), 0.0750296 secs] 123467K->84070K(502464K), 0.0751516 secs] [Times: user=0.28 sys=0.03, real=0.08 secs] 
Heap after GC invocations=8 (full 1):
 par new generation   total 109248K, used 21824K [0x00000000e0000000, 0x00000000e8000000, 0x00000000e8000000)
  eden space 87424K,   0% used [0x00000000e0000000, 0x00000000e0000000, 0x00000000e5560000)
  from space 21824K, 100% used [0x00000000e5560000, 0x00000000e6ab0000, 0x00000000e6ab0000)
  to   space 21824K,   0% used [0x00000000e6ab0000, 0x00000000e6ab0000, 0x00000000e8000000)
 concurrent mark-sweep generation total 393216K, used 62246K [0x00000000e8000000, 0x0000000100000000, 0x0000000100000000)
 Metaspace       used 29938K, capacity 30306K, committed 30540K, reserved 1077248K
  class space    used 3505K, capacity 3643K, committed 3660K, reserved 1048576K
}
2015-10-08T09:21:04.289+0800: 46.023: Total time for which application threads were stopped: 0.0755305 seconds, Stopping threads took: 0.0000821 seconds
2015-10-08T09:21:04.298+0800: 46.032: Total time for which application threads were stopped: 0.0004599 seconds, Stopping threads took: 0.0000300 seconds
2015-10-08T09:21:04.302+0800: 46.036: Total time for which application threads were stopped: 0.0005953 seconds, Stopping threads took: 0.0001496 seconds
2015-10-08T09:21:04.304+0800: 46.038: Total time for which application threads were stopped: 0.0004958 seconds, Stopping threads took: 0.0000588 seconds
2015-10-08T09:21:04.326+0800: 46.060: Total time for which application threads were stopped: 0.0001153 seconds, Stopping threads took: 0.0000549 seconds
2015-10-08T09:21:04.397+0800: 46.132: Total time for which application threads were stopped: 0.0001555 seconds, Stopping threads took: 0.0000292 seconds
2015-10-08T09:21:04.538+0800: 46.273: Total time for which application threads were stopped: 0.0001295 seconds, Stopping threads took: 0.0000359 seconds
2015-10-08T09:21:04.592+0800: 46.326: Total time for which application threads were stopped: 0.0001113 seconds, Stopping threads took: 0.0000371 seconds
2015-10-08T09:21:04.660+0800: 46.394: Total time for which application threads were stopped: 0.0001461 seconds, Stopping threads took: 0.0000726 seconds
2015-10-08T09:21:04.746+0800: 46.480: Total time for which application threads were stopped: 0.0001429 seconds, Stopping threads took: 0.0000608 seconds
2015-10-08T09:21:04.806+0800: 46.540: Total time for which application threads were stopped: 0.0001725 seconds, Stopping threads took: 0.0000896 seconds
2015-10-08T09:21:04.847+0800: 46.581: Total time for which application threads were stopped: 0.0001216 seconds, Stopping threads took: 0.0000363 seconds
2015-10-08T09:21:04.874+0800: 46.608: Total time for which application threads were stopped: 0.0001038 seconds, Stopping threads took: 0.0000316 seconds
2015-10-08T09:21:04.915+0800: 46.649: Total time for which application threads were stopped: 0.0002507 seconds, Stopping threads took: 0.0001713 seconds
2015-10-08T09:21:04.992+0800: 46.726: Total time for which application threads were stopped: 0.0001413 seconds, Stopping threads took: 0.0000667 seconds
2015-10-08T09:21:05.028+0800: 46.762: Total time for which application threads were stopped: 0.0001271 seconds, Stopping threads took: 0.0000316 seconds
2015-10-08T09:21:05.146+0800: 46.880: Total time for which application threads were stopped: 0.0001670 seconds, Stopping threads took: 0.0000864 seconds
{Heap before GC invocations=8 (full 1):
 par new generation   total 109248K, used 109248K [0x00000000e0000000, 0x00000000e8000000, 0x00000000e8000000)
  eden space 87424K, 100% used [0x00000000e0000000, 0x00000000e5560000, 0x00000000e5560000)
  from space 21824K, 100% used [0x00000000e5560000, 0x00000000e6ab0000, 0x00000000e6ab0000)
  to   space 21824K,   0% used [0x00000000e6ab0000, 0x00000000e6ab0000, 0x00000000e8000000)
 concurrent mark-sweep generation total 393216K, used 62246K [0x00000000e8000000, 0x0000000100000000, 0x0000000100000000)
 Metaspace       used 30210K, capacity 30562K, committed 30796K, reserved 1077248K
  class space    used 3522K, capacity 3643K, committed 3660K, reserved 1048576K
2015-10-08T09:21:05.159+0800: 46.893: [GC (Allocation Failure) 46.893: [ParNew
Desired survivor size 20112992 bytes, new threshold 8 (max 8)
- age   1:    3098744 bytes,    3098744 total
- age   2:   10429144 bytes,   13527888 total
- age   3:    4802816 bytes,   18330704 total
- age   4:     513880 bytes,   18844584 total
- age   5:     158696 bytes,   19003280 total
- age   7:     875384 bytes,   19878664 total
: 109248K->21824K(109248K), 0.0343075 secs] 171494K->89293K(502464K), 0.0344153 secs] [Times: user=0.13 sys=0.00, real=0.03 secs] 
Heap after GC invocations=9 (full 1):
 par new generation   total 109248K, used 21824K [0x00000000e0000000, 0x00000000e8000000, 0x00000000e8000000)
  eden space 87424K,   0% used [0x00000000e0000000, 0x00000000e0000000, 0x00000000e5560000)
  from space 21824K, 100% used [0x00000000e6ab0000, 0x00000000e8000000, 0x00000000e8000000)
  to   space 21824K,   0% used [0x00000000e5560000, 0x00000000e5560000, 0x00000000e6ab0000)
 concurrent mark-sweep generation total 393216K, used 67469K [0x00000000e8000000, 0x0000000100000000, 0x0000000100000000)
 Metaspace       used 30210K, capacity 30562K, committed 30796K, reserved 1077248K
  class space    used 3522K, capacity 3643K, committed 3660K, reserved 1048576K
}
2015-10-08T09:21:05.193+0800: 46.927: Total time for which application threads were stopped: 0.0347035 seconds, Stopping threads took: 0.0000379 seconds
2015-10-08T09:21:05.202+0800: 46.936: Total time for which application threads were stopped: 0.0001547 seconds, Stopping threads took: 0.0000904 seconds
2015-10-08T09:21:05.229+0800: 46.964: Total time for which application threads were stopped: 0.0001425 seconds, Stopping threads took: 0.0000643 seconds
2015-10-08T09:21:05.245+0800: 46.979: Total time for which application threads were stopped: 0.0001093 seconds, Stopping threads took: 0.0000324 seconds
2015-10-08T09:21:05.282+0800: 47.016: Total time for which application threads were stopped: 0.0001370 seconds, Stopping threads took: 0.0000671 seconds
2015-10-08T09:21:05.347+0800: 47.081: Total time for which application threads were stopped: 0.0001074 seconds, Stopping threads took: 0.0000324 seconds
2015-10-08T09:21:05.357+0800: 47.091: Total time for which application threads were stopped: 0.0002278 seconds, Stopping threads took: 0.0000371 seconds
{Heap before GC invocations=9 (full 1):
 par new generation   total 109248K, used 109248K [0x00000000e0000000, 0x00000000e8000000, 0x00000000e8000000)
  eden space 87424K, 100% used [0x00000000e0000000, 0x00000000e5560000, 0x00000000e5560000)
  from space 21824K, 100% used [0x00000000e6ab0000, 0x00000000e8000000, 0x00000000e8000000)
  to   space 21824K,   0% used [0x00000000e5560000, 0x00000000e5560000, 0x00000000e6ab0000)
 concurrent mark-sweep generation total 393216K, used 67469K [0x00000000e8000000, 0x0000000100000000, 0x0000000100000000)
 Metaspace       used 30231K, capacity 30562K, committed 30796K, reserved 1077248K
  class space    used 3522K, capacity 3643K, committed 3660K, reserved 1048576K
2015-10-08T09:21:05.542+0800: 47.276: [GC (Allocation Failure) 47.276: [ParNew
Desired survivor size 20112992 bytes, new threshold 8 (max 8)
- age   1:     552872 bytes,     552872 total
- age   2:    2424864 bytes,    2977736 total
- age   3:    9751176 bytes,   12728912 total
- age   4:    4781352 bytes,   17510264 total
- age   5:     512920 bytes,   18023184 total
- age   6:     153264 bytes,   18176448 total
- age   8:     873944 bytes,   19050392 total
: 109248K->21824K(109248K), 0.0294574 secs] 176717K->90541K(502464K), 0.0295557 secs] [Times: user=0.13 sys=0.00, real=0.03 secs] 
Heap after GC invocations=10 (full 1):
 par new generation   total 109248K, used 21824K [0x00000000e0000000, 0x00000000e8000000, 0x00000000e8000000)
  eden space 87424K,   0% used [0x00000000e0000000, 0x00000000e0000000, 0x00000000e5560000)
  from space 21824K, 100% used [0x00000000e5560000, 0x00000000e6ab0000, 0x00000000e6ab0000)
  to   space 21824K,   0% used [0x00000000e6ab0000, 0x00000000e6ab0000, 0x00000000e8000000)
 concurrent mark-sweep generation total 393216K, used 68717K [0x00000000e8000000, 0x0000000100000000, 0x0000000100000000)
 Metaspace       used 30231K, capacity 30562K, committed 30796K, reserved 1077248K
  class space    used 3522K, capacity 3643K, committed 3660K, reserved 1048576K
}
2015-10-08T09:21:05.571+0800: 47.306: Total time for which application threads were stopped: 0.0298071 seconds, Stopping threads took: 0.0000304 seconds
{Heap before GC invocations=10 (full 1):
 par new generation   total 109248K, used 109242K [0x00000000e0000000, 0x00000000e8000000, 0x00000000e8000000)
  eden space 87424K,  99% used [0x00000000e0000000, 0x00000000e555e850, 0x00000000e5560000)
  from space 21824K, 100% used [0x00000000e5560000, 0x00000000e6ab0000, 0x00000000e6ab0000)
  to   space 21824K,   0% used [0x00000000e6ab0000, 0x00000000e6ab0000, 0x00000000e8000000)
 concurrent mark-sweep generation total 393216K, used 68717K [0x00000000e8000000, 0x0000000100000000, 0x0000000100000000)
 Metaspace       used 30257K, capacity 30562K, committed 30796K, reserved 1077248K
  class space    used 3522K, capacity 3643K, committed 3660K, reserved 1048576K
2015-10-08T09:21:06.066+0800: 47.799: [GC (Allocation Failure) 47.800: [ParNew
Desired survivor size 20112992 bytes, new threshold 8 (max 8)
- age   1:     789808 bytes,     789808 total
- age   2:     356880 bytes,    1146688 total
- age   3:    1934408 bytes,    3081096 total
- age   4:    8722048 bytes,   11803144 total
- age   5:    4664744 bytes,   16467888 total
- age   6:     512432 bytes,   16980320 total
- age   7:     148640 bytes,   17128960 total
: 109242K->21824K(109248K), 0.0302919 secs] 177959K->93302K(502464K), 0.0303996 secs] [Times: user=0.08 sys=0.00, real=0.03 secs] 
Heap after GC invocations=11 (full 1):
 par new generation   total 109248K, used 21824K [0x00000000e0000000, 0x00000000e8000000, 0x00000000e8000000)
  eden space 87424K,   0% used [0x00000000e0000000, 0x00000000e0000000, 0x00000000e5560000)
  from space 21824K, 100% used [0x00000000e6ab0000, 0x00000000e8000000, 0x00000000e8000000)
  to   space 21824K,   0% used [0x00000000e5560000, 0x00000000e5560000, 0x00000000e6ab0000)
 concurrent mark-sweep generation total 393216K, used 71478K [0x00000000e8000000, 0x0000000100000000, 0x0000000100000000)
 Metaspace       used 30257K, capacity 30562K, committed 30796K, reserved 1077248K
  class space    used 3522K, capacity 3643K, committed 3660K, reserved 1048576K
}
2015-10-08T09:21:06.096+0800: 47.830: Total time for which application threads were stopped: 0.0307067 seconds, Stopping threads took: 0.0000651 seconds
{Heap before GC invocations=11 (full 1):
 par new generation   total 109248K, used 109239K [0x00000000e0000000, 0x00000000e8000000, 0x00000000e8000000)
  eden space 87424K,  99% used [0x00000000e0000000, 0x00000000e555dcc0, 0x00000000e5560000)
  from space 21824K, 100% used [0x00000000e6ab0000, 0x00000000e8000000, 0x00000000e8000000)
  to   space 21824K,   0% used [0x00000000e5560000, 0x00000000e5560000, 0x00000000e6ab0000)
 concurrent mark-sweep generation total 393216K, used 71478K [0x00000000e8000000, 0x0000000100000000, 0x0000000100000000)
 Metaspace       used 30266K, capacity 30562K, committed 30796K, reserved 1077248K
  class space    used 3522K, capacity 3643K, committed 3660K, reserved 1048576K
2015-10-08T09:21:06.382+0800: 48.116: [GC (Allocation Failure) 48.116: [ParNew
Desired survivor size 20112992 bytes, new threshold 8 (max 8)
- age   1:     978608 bytes,     978608 total
- age   2:     451128 bytes,    1429736 total
- age   3:     356608 bytes,    1786344 total
- age   4:    1929280 bytes,    3715624 total
- age   5:    8722048 bytes,   12437672 total
- age   6:    4664384 bytes,   17102056 total
- age   7:     512432 bytes,   17614488 total
- age   8:     148640 bytes,   17763128 total
: 109239K->21824K(109248K), 0.0284125 secs] 180717K->93302K(502464K), 0.0285396 secs] [Times: user=0.11 sys=0.00, real=0.03 secs] 
Heap after GC invocations=12 (full 1):
 par new generation   total 109248K, used 21824K [0x00000000e0000000, 0x00000000e8000000, 0x00000000e8000000)
  eden space 87424K,   0% used [0x00000000e0000000, 0x00000000e0000000, 0x00000000e5560000)
  from space 21824K, 100% used [0x00000000e5560000, 0x00000000e6ab0000, 0x00000000e6ab0000)
  to   space 21824K,   0% used [0x00000000e6ab0000, 0x00000000e6ab0000, 0x00000000e8000000)
 concurrent mark-sweep generation total 393216K, used 71478K [0x00000000e8000000, 0x0000000100000000, 0x0000000100000000)
 Metaspace       used 30266K, capacity 30562K, committed 30796K, reserved 1077248K
  class space    used 3522K, capacity 3643K, committed 3660K, reserved 1048576K
}
2015-10-08T09:21:06.411+0800: 48.145: Total time for which application threads were stopped: 0.0289055 seconds, Stopping threads took: 0.0000750 seconds
{Heap before GC invocations=12 (full 1):
 par new generation   total 109248K, used 109248K [0x00000000e0000000, 0x00000000e8000000, 0x00000000e8000000)
  eden space 87424K, 100% used [0x00000000e0000000, 0x00000000e5560000, 0x00000000e5560000)
  from space 21824K, 100% used [0x00000000e5560000, 0x00000000e6ab0000, 0x00000000e6ab0000)
  to   space 21824K,   0% used [0x00000000e6ab0000, 0x00000000e6ab0000, 0x00000000e8000000)
 concurrent mark-sweep generation total 393216K, used 71478K [0x00000000e8000000, 0x0000000100000000, 0x0000000100000000)
 Metaspace       used 30290K, capacity 30626K, committed 30796K, reserved 1077248K
  class space    used 3522K, capacity 3643K, committed 3660K, reserved 1048576K
2015-10-08T09:21:06.772+0800: 48.507: [GC (Allocation Failure) 48.507: [ParNew
Desired survivor size 20112992 bytes, new threshold 8 (max 8)
- age   1:     990328 bytes,     990328 total
- age   2:     394296 bytes,    1384624 total
- age   3:     356568 bytes,    1741192 total
- age   4:     366504 bytes,    2107696 total
- age   5:    1927216 bytes,    4034912 total
- age   6:    8722048 bytes,   12756960 total
- age   7:    4664048 bytes,   17421008 total
- age   8:     512432 bytes,   17933440 total
: 109248K->21824K(109248K), 0.0276732 secs] 180726K->93452K(502464K), 0.0277738 secs] [Times: user=0.13 sys=0.00, real=0.03 secs] 
Heap after GC invocations=13 (full 1):
 par new generation   total 109248K, used 21824K [0x00000000e0000000, 0x00000000e8000000, 0x00000000e8000000)
  eden space 87424K,   0% used [0x00000000e0000000, 0x00000000e0000000, 0x00000000e5560000)
  from space 21824K, 100% used [0x00000000e6ab0000, 0x00000000e8000000, 0x00000000e8000000)
  to   space 21824K,   0% used [0x00000000e5560000, 0x00000000e5560000, 0x00000000e6ab0000)
 concurrent mark-sweep generation total 393216K, used 71628K [0x00000000e8000000, 0x0000000100000000, 0x0000000100000000)
 Metaspace       used 30290K, capacity 30626K, committed 30796K, reserved 1077248K
  class space    used 3522K, capacity 3643K, committed 3660K, reserved 1048576K
}
2015-10-08T09:21:06.800+0800: 48.535: Total time for which application threads were stopped: 0.0280963 seconds, Stopping threads took: 0.0000387 seconds
{Heap before GC invocations=13 (full 1):
 par new generation   total 109248K, used 109248K [0x00000000e0000000, 0x00000000e8000000, 0x00000000e8000000)
  eden space 87424K, 100% used [0x00000000e0000000, 0x00000000e5560000, 0x00000000e5560000)
  from space 21824K, 100% used [0x00000000e6ab0000, 0x00000000e8000000, 0x00000000e8000000)
  to   space 21824K,   0% used [0x00000000e5560000, 0x00000000e5560000, 0x00000000e6ab0000)
 concurrent mark-sweep generation total 393216K, used 71628K [0x00000000e8000000, 0x0000000100000000, 0x0000000100000000)
 Metaspace       used 30296K, capacity 30626K, committed 30796K, reserved 1077248K
  class space    used 3522K, capacity 3643K, committed 3660K, reserved 1048576K
2015-10-08T09:21:06.979+0800: 48.713: [GC (Allocation Failure) 48.713: [ParNew
Desired survivor size 20112992 bytes, new threshold 8 (max 8)
- age   1:     580712 bytes,     580712 total
- age   2:     711680 bytes,    1292392 total
- age   3:     393304 bytes,    1685696 total
- age   4:     356568 bytes,    2042264 total
- age   5:     333720 bytes,    2375984 total
- age   6:    1927216 bytes,    4303200 total
- age   7:    8722048 bytes,   13025248 total
- age   8:    4663688 bytes,   17688936 total
: 109248K->19845K(109248K), 0.0274450 secs] 180876K->91977K(502464K), 0.0276905 secs] [Times: user=0.13 sys=0.00, real=0.03 secs] 
Heap after GC invocations=14 (full 1):
 par new generation   total 109248K, used 19845K [0x00000000e0000000, 0x00000000e8000000, 0x00000000e8000000)
  eden space 87424K,   0% used [0x00000000e0000000, 0x00000000e0000000, 0x00000000e5560000)
  from space 21824K,  90% used [0x00000000e5560000, 0x00000000e68c16b8, 0x00000000e6ab0000)
  to   space 21824K,   0% used [0x00000000e6ab0000, 0x00000000e6ab0000, 0x00000000e8000000)
 concurrent mark-sweep generation total 393216K, used 72132K [0x00000000e8000000, 0x0000000100000000, 0x0000000100000000)
 Metaspace       used 30296K, capacity 30626K, committed 30796K, reserved 1077248K
  class space    used 3522K, capacity 3643K, committed 3660K, reserved 1048576K
}
2015-10-08T09:21:07.007+0800: 48.741: Total time for which application threads were stopped: 0.0281141 seconds, Stopping threads took: 0.0000276 seconds
{Heap before GC invocations=14 (full 1):
 par new generation   total 109248K, used 107269K [0x00000000e0000000, 0x00000000e8000000, 0x00000000e8000000)
  eden space 87424K, 100% used [0x00000000e0000000, 0x00000000e5560000, 0x00000000e5560000)
  from space 21824K,  90% used [0x00000000e5560000, 0x00000000e68c16b8, 0x00000000e6ab0000)
  to   space 21824K,   0% used [0x00000000e6ab0000, 0x00000000e6ab0000, 0x00000000e8000000)
 concurrent mark-sweep generation total 393216K, used 72132K [0x00000000e8000000, 0x0000000100000000, 0x0000000100000000)
 Metaspace       used 30301K, capacity 30626K, committed 30796K, reserved 1077248K
  class space    used 3522K, capacity 3643K, committed 3660K, reserved 1048576K
2015-10-08T09:21:07.181+0800: 48.916: [GC (Allocation Failure) 48.916: [ParNew
Desired survivor size 20112992 bytes, new threshold 8 (max 8)
- age   1:    1138000 bytes,    1138000 total
- age   2:     292488 bytes,    1430488 total
- age   3:     348272 bytes,    1778760 total
- age   4:     320520 bytes,    2099280 total
- age   5:     340168 bytes,    2439448 total
- age   6:     333720 bytes,    2773168 total
- age   7:    1927216 bytes,    4700384 total
- age   8:    8722048 bytes,   13422432 total
: 107269K->19272K(109248K), 0.0309617 secs] 179401K->96236K(502464K), 0.0310466 secs] [Times: user=0.13 sys=0.00, real=0.03 secs] 
Heap after GC invocations=15 (full 1):
 par new generation   total 109248K, used 19272K [0x00000000e0000000, 0x00000000e8000000, 0x00000000e8000000)
  eden space 87424K,   0% used [0x00000000e0000000, 0x00000000e0000000, 0x00000000e5560000)
  from space 21824K,  88% used [0x00000000e6ab0000, 0x00000000e7d82010, 0x00000000e8000000)
  to   space 21824K,   0% used [0x00000000e5560000, 0x00000000e5560000, 0x00000000e6ab0000)
 concurrent mark-sweep generation total 393216K, used 76964K [0x00000000e8000000, 0x0000000100000000, 0x0000000100000000)
 Metaspace       used 30301K, capacity 30626K, committed 30796K, reserved 1077248K
  class space    used 3522K, capacity 3643K, committed 3660K, reserved 1048576K
}
2015-10-08T09:21:07.212+0800: 48.947: Total time for which application threads were stopped: 0.0313119 seconds, Stopping threads took: 0.0000264 seconds
{Heap before GC invocations=15 (full 1):
 par new generation   total 109248K, used 106696K [0x00000000e0000000, 0x00000000e8000000, 0x00000000e8000000)
  eden space 87424K, 100% used [0x00000000e0000000, 0x00000000e5560000, 0x00000000e5560000)
  from space 21824K,  88% used [0x00000000e6ab0000, 0x00000000e7d82010, 0x00000000e8000000)
  to   space 21824K,   0% used [0x00000000e5560000, 0x00000000e5560000, 0x00000000e6ab0000)
 concurrent mark-sweep generation total 393216K, used 76964K [0x00000000e8000000, 0x0000000100000000, 0x0000000100000000)
 Metaspace       used 30309K, capacity 30690K, committed 31052K, reserved 1077248K
  class space    used 3522K, capacity 3643K, committed 3660K, reserved 1048576K
2015-10-08T09:21:07.377+0800: 49.111: [GC (Allocation Failure) 49.111: [ParNew
Desired survivor size 20112992 bytes, new threshold 8 (max 8)
- age   1:    1104952 bytes,    1104952 total
- age   2:     453976 bytes,    1558928 total
- age   3:     283680 bytes,    1842608 total
- age   4:     348272 bytes,    2190880 total
- age   5:     317416 bytes,    2508296 total
- age   6:     340168 bytes,    2848464 total
- age   7:     333720 bytes,    3182184 total
- age   8:    1927152 bytes,    5109336 total
: 106696K->9516K(109248K), 0.0143381 secs] 183660K->95153K(502464K), 0.0144289 secs] [Times: user=0.00 sys=0.03, real=0.01 secs] 
Heap after GC invocations=16 (full 1):
 par new generation   total 109248K, used 9516K [0x00000000e0000000, 0x00000000e8000000, 0x00000000e8000000)
  eden space 87424K,   0% used [0x00000000e0000000, 0x00000000e0000000, 0x00000000e5560000)
  from space 21824K,  43% used [0x00000000e5560000, 0x00000000e5eab360, 0x00000000e6ab0000)
  to   space 21824K,   0% used [0x00000000e6ab0000, 0x00000000e6ab0000, 0x00000000e8000000)
 concurrent mark-sweep generation total 393216K, used 85636K [0x00000000e8000000, 0x0000000100000000, 0x0000000100000000)
 Metaspace       used 30309K, capacity 30690K, committed 31052K, reserved 1077248K
  class space    used 3522K, capacity 3643K, committed 3660K, reserved 1048576K
}
2015-10-08T09:21:07.392+0800: 49.126: Total time for which application threads were stopped: 0.0147111 seconds, Stopping threads took: 0.0000280 seconds
{Heap before GC invocations=16 (full 1):
 par new generation   total 109248K, used 96940K [0x00000000e0000000, 0x00000000e8000000, 0x00000000e8000000)
  eden space 87424K, 100% used [0x00000000e0000000, 0x00000000e5560000, 0x00000000e5560000)
  from space 21824K,  43% used [0x00000000e5560000, 0x00000000e5eab360, 0x00000000e6ab0000)
  to   space 21824K,   0% used [0x00000000e6ab0000, 0x00000000e6ab0000, 0x00000000e8000000)
 concurrent mark-sweep generation total 393216K, used 85636K [0x00000000e8000000, 0x0000000100000000, 0x0000000100000000)
 Metaspace       used 30313K, capacity 30690K, committed 31052K, reserved 1077248K
  class space    used 3522K, capacity 3643K, committed 3660K, reserved 1048576K
2015-10-08T09:21:07.625+0800: 49.359: [GC (Allocation Failure) 49.359: [ParNew
Desired survivor size 20112992 bytes, new threshold 8 (max 8)
- age   1:    1249784 bytes,    1249784 total
- age   2:     517728 bytes,    1767512 total
- age   3:     344224 bytes,    2111736 total
- age   4:     283680 bytes,    2395416 total
- age   5:     342080 bytes,    2737496 total
- age   6:     268232 bytes,    3005728 total
- age   7:     340168 bytes,    3345896 total
- age   8:     333720 bytes,    3679616 total
: 96940K->5103K(109248K), 0.0072423 secs] 182577K->92631K(502464K), 0.0073228 secs] [Times: user=0.00 sys=0.00, real=0.01 secs] 
Heap after GC invocations=17 (full 1):
 par new generation   total 109248K, used 5103K [0x00000000e0000000, 0x00000000e8000000, 0x00000000e8000000)
  eden space 87424K,   0% used [0x00000000e0000000, 0x00000000e0000000, 0x00000000e5560000)
  from space 21824K,  23% used [0x00000000e6ab0000, 0x00000000e6fabfa8, 0x00000000e8000000)
  to   space 21824K,   0% used [0x00000000e5560000, 0x00000000e5560000, 0x00000000e6ab0000)
 concurrent mark-sweep generation total 393216K, used 87527K [0x00000000e8000000, 0x0000000100000000, 0x0000000100000000)
 Metaspace       used 30313K, capacity 30690K, committed 31052K, reserved 1077248K
  class space    used 3522K, capacity 3643K, committed 3660K, reserved 1048576K
}
2015-10-08T09:21:07.632+0800: 49.367: Total time for which application threads were stopped: 0.0077278 seconds, Stopping threads took: 0.0001500 seconds
{Heap before GC invocations=17 (full 1):
 par new generation   total 109248K, used 92527K [0x00000000e0000000, 0x00000000e8000000, 0x00000000e8000000)
  eden space 87424K, 100% used [0x00000000e0000000, 0x00000000e5560000, 0x00000000e5560000)
  from space 21824K,  23% used [0x00000000e6ab0000, 0x00000000e6fabfa8, 0x00000000e8000000)
  to   space 21824K,   0% used [0x00000000e5560000, 0x00000000e5560000, 0x00000000e6ab0000)
 concurrent mark-sweep generation total 393216K, used 87527K [0x00000000e8000000, 0x0000000100000000, 0x0000000100000000)
 Metaspace       used 30315K, capacity 30690K, committed 31052K, reserved 1077248K
  class space    used 3522K, capacity 3643K, committed 3660K, reserved 1048576K
2015-10-08T09:21:07.761+0800: 49.495: [GC (Allocation Failure) 49.495: [ParNew
Desired survivor size 20112992 bytes, new threshold 8 (max 8)
- age   1:     619408 bytes,     619408 total
- age   2:     904040 bytes,    1523448 total
- age   3:     430992 bytes,    1954440 total
- age   4:     340112 bytes,    2294552 total
- age   5:     283680 bytes,    2578232 total
- age   6:     342080 bytes,    2920312 total
- age   7:     268232 bytes,    3188544 total
- age   8:     340168 bytes,    3528712 total
: 92527K->4307K(109248K), 0.0064911 secs] 180055K->92164K(502464K), 0.0066427 secs] [Times: user=0.06 sys=0.00, real=0.01 secs] 
Heap after GC invocations=18 (full 1):
 par new generation   total 109248K, used 4307K [0x00000000e0000000, 0x00000000e8000000, 0x00000000e8000000)
  eden space 87424K,   0% used [0x00000000e0000000, 0x00000000e0000000, 0x00000000e5560000)
  from space 21824K,  19% used [0x00000000e5560000, 0x00000000e5994fa0, 0x00000000e6ab0000)
  to   space 21824K,   0% used [0x00000000e6ab0000, 0x00000000e6ab0000, 0x00000000e8000000)
 concurrent mark-sweep generation total 393216K, used 87857K [0x00000000e8000000, 0x0000000100000000, 0x0000000100000000)
 Metaspace       used 30315K, capacity 30690K, committed 31052K, reserved 1077248K
  class space    used 3522K, capacity 3643K, committed 3660K, reserved 1048576K
}
2015-10-08T09:21:07.768+0800: 49.502: Total time for which application threads were stopped: 0.0068846 seconds, Stopping threads took: 0.0000272 seconds
{Heap before GC invocations=18 (full 1):
 par new generation   total 109248K, used 91731K [0x00000000e0000000, 0x00000000e8000000, 0x00000000e8000000)
  eden space 87424K, 100% used [0x00000000e0000000, 0x00000000e5560000, 0x00000000e5560000)
  from space 21824K,  19% used [0x00000000e5560000, 0x00000000e5994fa0, 0x00000000e6ab0000)
  to   space 21824K,   0% used [0x00000000e6ab0000, 0x00000000e6ab0000, 0x00000000e8000000)
 concurrent mark-sweep generation total 393216K, used 87857K [0x00000000e8000000, 0x0000000100000000, 0x0000000100000000)
 Metaspace       used 30316K, capacity 30690K, committed 31052K, reserved 1077248K
  class space    used 3522K, capacity 3643K, committed 3660K, reserved 1048576K
2015-10-08T09:21:07.842+0800: 49.577: [GC (Allocation Failure) 49.577: [ParNew
Desired survivor size 20112992 bytes, new threshold 8 (max 8)
- age   1:     574904 bytes,     574904 total
- age   2:     469760 bytes,    1044664 total
- age   3:     657096 bytes,    1701760 total
- age   4:     428776 bytes,    2130536 total
- age   5:     340112 bytes,    2470648 total
- age   6:     316464 bytes,    2787112 total
- age   7:     342080 bytes,    3129192 total
- age   8:     268232 bytes,    3397424 total
: 91731K->5360K(109248K), 0.0067291 secs] 179588K->93553K(502464K), 0.0068219 secs] [Times: user=0.00 sys=0.00, real=0.01 secs] 
Heap after GC invocations=19 (full 1):
 par new generation   total 109248K, used 5360K [0x00000000e0000000, 0x00000000e8000000, 0x00000000e8000000)
  eden space 87424K,   0% used [0x00000000e0000000, 0x00000000e0000000, 0x00000000e5560000)
  from space 21824K,  24% used [0x00000000e6ab0000, 0x00000000e6fec250, 0x00000000e8000000)
  to   space 21824K,   0% used [0x00000000e5560000, 0x00000000e5560000, 0x00000000e6ab0000)
 concurrent mark-sweep generation total 393216K, used 88193K [0x00000000e8000000, 0x0000000100000000, 0x0000000100000000)
 Metaspace       used 30316K, capacity 30690K, committed 31052K, reserved 1077248K
  class space    used 3522K, capacity 3643K, committed 3660K, reserved 1048576K
}
2015-10-08T09:21:07.850+0800: 49.584: Total time for which application threads were stopped: 0.0071436 seconds, Stopping threads took: 0.0000904 seconds
{Heap before GC invocations=19 (full 1):
 par new generation   total 109248K, used 92784K [0x00000000e0000000, 0x00000000e8000000, 0x00000000e8000000)
  eden space 87424K, 100% used [0x00000000e0000000, 0x00000000e5560000, 0x00000000e5560000)
  from space 21824K,  24% used [0x00000000e6ab0000, 0x00000000e6fec250, 0x00000000e8000000)
  to   space 21824K,   0% used [0x00000000e5560000, 0x00000000e5560000, 0x00000000e6ab0000)
 concurrent mark-sweep generation total 393216K, used 88193K [0x00000000e8000000, 0x0000000100000000, 0x0000000100000000)
 Metaspace       used 30317K, capacity 30690K, committed 31052K, reserved 1077248K
  class space    used 3522K, capacity 3643K, committed 3660K, reserved 1048576K
2015-10-08T09:21:07.973+0800: 49.707: [GC (Allocation Failure) 49.707: [ParNew
Desired survivor size 20112992 bytes, new threshold 8 (max 8)
- age   1:     749776 bytes,     749776 total
- age   2:     309536 bytes,    1059312 total
- age   3:     469760 bytes,    1529072 total
- age   4:     559328 bytes,    2088400 total
- age   5:     319024 bytes,    2407424 total
- age   6:     340112 bytes,    2747536 total
- age   7:     349248 bytes,    3096784 total
- age   8:     316800 bytes,    3413584 total
: 92784K->4364K(109248K), 0.0055682 secs] 180977K->92821K(502464K), 0.0056554 secs] [Times: user=0.00 sys=0.00, real=0.01 secs] 
Heap after GC invocations=20 (full 1):
 par new generation   total 109248K, used 4364K [0x00000000e0000000, 0x00000000e8000000, 0x00000000e8000000)
  eden space 87424K,   0% used [0x00000000e0000000, 0x00000000e0000000, 0x00000000e5560000)
  from space 21824K,  20% used [0x00000000e5560000, 0x00000000e59a33c0, 0x00000000e6ab0000)
  to   space 21824K,   0% used [0x00000000e6ab0000, 0x00000000e6ab0000, 0x00000000e8000000)
 concurrent mark-sweep generation total 393216K, used 88456K [0x00000000e8000000, 0x0000000100000000, 0x0000000100000000)
 Metaspace       used 30317K, capacity 30690K, committed 31052K, reserved 1077248K
  class space    used 3522K, capacity 3643K, committed 3660K, reserved 1048576K
}
2015-10-08T09:21:07.979+0800: 49.713: Total time for which application threads were stopped: 0.0058488 seconds, Stopping threads took: 0.0000233 seconds
{Heap before GC invocations=20 (full 1):
 par new generation   total 109248K, used 91788K [0x00000000e0000000, 0x00000000e8000000, 0x00000000e8000000)
  eden space 87424K, 100% used [0x00000000e0000000, 0x00000000e5560000, 0x00000000e5560000)
  from space 21824K,  20% used [0x00000000e5560000, 0x00000000e59a33c0, 0x00000000e6ab0000)
  to   space 21824K,   0% used [0x00000000e6ab0000, 0x00000000e6ab0000, 0x00000000e8000000)
 concurrent mark-sweep generation total 393216K, used 88456K [0x00000000e8000000, 0x0000000100000000, 0x0000000100000000)
 Metaspace       used 30317K, capacity 30690K, committed 31052K, reserved 1077248K
  class space    used 3522K, capacity 3643K, committed 3660K, reserved 1048576K
2015-10-08T09:21:08.069+0800: 49.804: [GC (Allocation Failure) 49.804: [ParNew
Desired survivor size 20112992 bytes, new threshold 8 (max 8)
- age   1:     665592 bytes,     665592 total
- age   2:     623712 bytes,    1289304 total
- age   3:     302160 bytes,    1591464 total
- age   4:     278456 bytes,    1869920 total
- age   5:     490792 bytes,    2360712 total
- age   6:     319024 bytes,    2679736 total
- age   7:     340112 bytes,    3019848 total
- age   8:     310320 bytes,    3330168 total
: 91788K->4462K(109248K), 0.0069865 secs] 180245K->93230K(502464K), 0.0070733 secs] [Times: user=0.02 sys=0.00, real=0.01 secs] 
Heap after GC invocations=21 (full 1):
 par new generation   total 109248K, used 4462K [0x00000000e0000000, 0x00000000e8000000, 0x00000000e8000000)
  eden space 87424K,   0% used [0x00000000e0000000, 0x00000000e0000000, 0x00000000e5560000)
  from space 21824K,  20% used [0x00000000e6ab0000, 0x00000000e6f0bba0, 0x00000000e8000000)
  to   space 21824K,   0% used [0x00000000e5560000, 0x00000000e5560000, 0x00000000e6ab0000)
 concurrent mark-sweep generation total 393216K, used 88767K [0x00000000e8000000, 0x0000000100000000, 0x0000000100000000)
 Metaspace       used 30317K, capacity 30690K, committed 31052K, reserved 1077248K
  class space    used 3522K, capacity 3643K, committed 3660K, reserved 1048576K
}
2015-10-08T09:21:08.077+0800: 49.811: Total time for which application threads were stopped: 0.0075387 seconds, Stopping threads took: 0.0001843 seconds
{Heap before GC invocations=21 (full 1):
 par new generation   total 109248K, used 91886K [0x00000000e0000000, 0x00000000e8000000, 0x00000000e8000000)
  eden space 87424K, 100% used [0x00000000e0000000, 0x00000000e5560000, 0x00000000e5560000)
  from space 21824K,  20% used [0x00000000e6ab0000, 0x00000000e6f0bba0, 0x00000000e8000000)
  to   space 21824K,   0% used [0x00000000e5560000, 0x00000000e5560000, 0x00000000e6ab0000)
 concurrent mark-sweep generation total 393216K, used 88767K [0x00000000e8000000, 0x0000000100000000, 0x0000000100000000)
 Metaspace       used 30321K, capacity 30690K, committed 31052K, reserved 1077248K
  class space    used 3522K, capacity 3643K, committed 3660K, reserved 1048576K
2015-10-08T09:21:08.238+0800: 49.973: [GC (Allocation Failure) 49.973: [ParNew
Desired survivor size 20112992 bytes, new threshold 8 (max 8)
- age   1:     783888 bytes,     783888 total
- age   2:     506168 bytes,    1290056 total
- age   3:     623456 bytes,    1913512 total
- age   4:     302160 bytes,    2215672 total
- age   5:     208560 bytes,    2424232 total
- age   6:     490792 bytes,    2915024 total
- age   7:     319024 bytes,    3234048 total
- age   8:     336992 bytes,    3571040 total
: 91886K->4433K(109248K), 0.0063091 secs] 180654K->93458K(502464K), 0.0063920 secs] [Times: user=0.00 sys=0.00, real=0.01 secs] 
Heap after GC invocations=22 (full 1):
 par new generation   total 109248K, used 4433K [0x00000000e0000000, 0x00000000e8000000, 0x00000000e8000000)
  eden space 87424K,   0% used [0x00000000e0000000, 0x00000000e0000000, 0x00000000e5560000)
  from space 21824K,  20% used [0x00000000e5560000, 0x00000000e59b4400, 0x00000000e6ab0000)
  to   space 21824K,   0% used [0x00000000e6ab0000, 0x00000000e6ab0000, 0x00000000e8000000)
 concurrent mark-sweep generation total 393216K, used 89025K [0x00000000e8000000, 0x0000000100000000, 0x0000000100000000)
 Metaspace       used 30321K, capacity 30690K, committed 31052K, reserved 1077248K
  class space    used 3522K, capacity 3643K, committed 3660K, reserved 1048576K
}
2015-10-08T09:21:08.244+0800: 49.979: Total time for which application threads were stopped: 0.0066999 seconds, Stopping threads took: 0.0000868 seconds
{Heap before GC invocations=22 (full 1):
 par new generation   total 109248K, used 91857K [0x00000000e0000000, 0x00000000e8000000, 0x00000000e8000000)
  eden space 87424K, 100% used [0x00000000e0000000, 0x00000000e5560000, 0x00000000e5560000)
  from space 21824K,  20% used [0x00000000e5560000, 0x00000000e59b4400, 0x00000000e6ab0000)
  to   space 21824K,   0% used [0x00000000e6ab0000, 0x00000000e6ab0000, 0x00000000e8000000)
 concurrent mark-sweep generation total 393216K, used 89025K [0x00000000e8000000, 0x0000000100000000, 0x0000000100000000)
 Metaspace       used 30322K, capacity 30690K, committed 31052K, reserved 1077248K
  class space    used 3522K, capacity 3643K, committed 3660K, reserved 1048576K
2015-10-08T09:21:08.336+0800: 50.071: [GC (Allocation Failure) 50.071: [ParNew
Desired survivor size 20112992 bytes, new threshold 8 (max 8)
- age   1:     914888 bytes,     914888 total
- age   2:     657104 bytes,    1571992 total
- age   3:     474192 bytes,    2046184 total
- age   4:     513704 bytes,    2559888 total
- age   5:     163288 bytes,    2723176 total
- age   6:     147640 bytes,    2870816 total
- age   7:     490792 bytes,    3361608 total
- age   8:     319024 bytes,    3680632 total
: 91857K->6037K(109248K), 0.0056874 secs] 180882K->95393K(502464K), 0.0057952 secs] [Times: user=0.06 sys=0.00, real=0.01 secs] 
Heap after GC invocations=23 (full 1):
 par new generation   total 109248K, used 6037K [0x00000000e0000000, 0x00000000e8000000, 0x00000000e8000000)
  eden space 87424K,   0% used [0x00000000e0000000, 0x00000000e0000000, 0x00000000e5560000)
  from space 21824K,  27% used [0x00000000e6ab0000, 0x00000000e7095400, 0x00000000e8000000)
  to   space 21824K,   0% used [0x00000000e5560000, 0x00000000e5560000, 0x00000000e6ab0000)
 concurrent mark-sweep generation total 393216K, used 89356K [0x00000000e8000000, 0x0000000100000000, 0x0000000100000000)
 Metaspace       used 30322K, capacity 30690K, committed 31052K, reserved 1077248K
  class space    used 3522K, capacity 3643K, committed 3660K, reserved 1048576K
}
2015-10-08T09:21:08.342+0800: 50.077: Total time for which application threads were stopped: 0.0060344 seconds, Stopping threads took: 0.0000249 seconds
{Heap before GC invocations=23 (full 1):
 par new generation   total 109248K, used 93461K [0x00000000e0000000, 0x00000000e8000000, 0x00000000e8000000)
  eden space 87424K, 100% used [0x00000000e0000000, 0x00000000e5560000, 0x00000000e5560000)
  from space 21824K,  27% used [0x00000000e6ab0000, 0x00000000e7095400, 0x00000000e8000000)
  to   space 21824K,   0% used [0x00000000e5560000, 0x00000000e5560000, 0x00000000e6ab0000)
 concurrent mark-sweep generation total 393216K, used 89356K [0x00000000e8000000, 0x0000000100000000, 0x0000000100000000)
 Metaspace       used 30323K, capacity 30690K, committed 31052K, reserved 1077248K
  class space    used 3522K, capacity 3643K, committed 3660K, reserved 1048576K
2015-10-08T09:21:08.460+0800: 50.194: [GC (Allocation Failure) 50.194: [ParNew
Desired survivor size 20112992 bytes, new threshold 8 (max 8)
- age   1:     896592 bytes,     896592 total
- age   2:     642648 bytes,    1539240 total
- age   3:     632392 bytes,    2171632 total
- age   4:     245160 bytes,    2416792 total
- age   5:     357472 bytes,    2774264 total
- age   6:     144536 bytes,    2918800 total
- age   7:     147640 bytes,    3066440 total
- age   8:     490792 bytes,    3557232 total
: 93461K->4502K(109248K), 0.0055792 secs] 182817K->94170K(502464K), 0.0056673 secs] [Times: user=0.00 sys=0.00, real=0.00 secs] 
Heap after GC invocations=24 (full 1):
 par new generation   total 109248K, used 4502K [0x00000000e0000000, 0x00000000e8000000, 0x00000000e8000000)
  eden space 87424K,   0% used [0x00000000e0000000, 0x00000000e0000000, 0x00000000e5560000)
  from space 21824K,  20% used [0x00000000e5560000, 0x00000000e59c5910, 0x00000000e6ab0000)
  to   space 21824K,   0% used [0x00000000e6ab0000, 0x00000000e6ab0000, 0x00000000e8000000)
 concurrent mark-sweep generation total 393216K, used 89668K [0x00000000e8000000, 0x0000000100000000, 0x0000000100000000)
 Metaspace       used 30323K, capacity 30690K, committed 31052K, reserved 1077248K
  class space    used 3522K, capacity 3643K, committed 3660K, reserved 1048576K
}
2015-10-08T09:21:08.465+0800: 50.200: Total time for which application threads were stopped: 0.0058931 seconds, Stopping threads took: 0.0000351 seconds
{Heap before GC invocations=24 (full 1):
 par new generation   total 109248K, used 91926K [0x00000000e0000000, 0x00000000e8000000, 0x00000000e8000000)
  eden space 87424K, 100% used [0x00000000e0000000, 0x00000000e5560000, 0x00000000e5560000)
  from space 21824K,  20% used [0x00000000e5560000, 0x00000000e59c5910, 0x00000000e6ab0000)
  to   space 21824K,   0% used [0x00000000e6ab0000, 0x00000000e6ab0000, 0x00000000e8000000)
 concurrent mark-sweep generation total 393216K, used 89668K [0x00000000e8000000, 0x0000000100000000, 0x0000000100000000)
 Metaspace       used 30345K, capacity 30690K, committed 31052K, reserved 1077248K
  class space    used 3522K, capacity 3643K, committed 3660K, reserved 1048576K
2015-10-08T09:21:08.574+0800: 50.308: [GC (Allocation Failure) 50.308: [ParNew
Desired survivor size 20112992 bytes, new threshold 8 (max 8)
- age   1:    1117840 bytes,    1117840 total
- age   2:     767184 bytes,    1885024 total
- age   3:     532896 bytes,    2417920 total
- age   4:     628760 bytes,    3046680 total
- age   5:     244120 bytes,    3290800 total
- age   6:     234000 bytes,    3524800 total
- age   7:     141224 bytes,    3666024 total
- age   8:     147640 bytes,    3813664 total
: 91926K->5981K(109248K), 0.0069912 secs] 181594K->96130K(502464K), 0.0070832 secs] [Times: user=0.01 sys=0.00, real=0.01 secs] 
Heap after GC invocations=25 (full 1):
 par new generation   total 109248K, used 5981K [0x00000000e0000000, 0x00000000e8000000, 0x00000000e8000000)
  eden space 87424K,   0% used [0x00000000e0000000, 0x00000000e0000000, 0x00000000e5560000)
  from space 21824K,  27% used [0x00000000e6ab0000, 0x00000000e70875c0, 0x00000000e8000000)
  to   space 21824K,   0% used [0x00000000e5560000, 0x00000000e5560000, 0x00000000e6ab0000)
 concurrent mark-sweep generation total 393216K, used 90148K [0x00000000e8000000, 0x0000000100000000, 0x0000000100000000)
 Metaspace       used 30345K, capacity 30690K, committed 31052K, reserved 1077248K
  class space    used 3522K, capacity 3643K, committed 3660K, reserved 1048576K
}
2015-10-08T09:21:08.582+0800: 50.316: Total time for which application threads were stopped: 0.0073583 seconds, Stopping threads took: 0.0000288 seconds
{Heap before GC invocations=25 (full 1):
 par new generation   total 109248K, used 93405K [0x00000000e0000000, 0x00000000e8000000, 0x00000000e8000000)
  eden space 87424K, 100% used [0x00000000e0000000, 0x00000000e5560000, 0x00000000e5560000)
  from space 21824K,  27% used [0x00000000e6ab0000, 0x00000000e70875c0, 0x00000000e8000000)
  to   space 21824K,   0% used [0x00000000e5560000, 0x00000000e5560000, 0x00000000e6ab0000)
 concurrent mark-sweep generation total 393216K, used 90148K [0x00000000e8000000, 0x0000000100000000, 0x0000000100000000)
 Metaspace       used 30375K, capacity 30690K, committed 31052K, reserved 1077248K
  class space    used 3522K, capacity 3643K, committed 3660K, reserved 1048576K
2015-10-08T09:21:08.707+0800: 50.441: [GC (Allocation Failure) 50.441: [ParNew
Desired survivor size 20112992 bytes, new threshold 8 (max 8)
- age   1:     609176 bytes,     609176 total
- age   2:     575456 bytes,    1184632 total
- age   3:     741528 bytes,    1926160 total
- age   4:     409424 bytes,    2335584 total
- age   5:     547912 bytes,    2883496 total
- age   6:     211336 bytes,    3094832 total
- age   7:     234000 bytes,    3328832 total
- age   8:     141224 bytes,    3470056 total
: 93405K->4594K(109248K), 0.0051703 secs] 183554K->94888K(502464K), 0.0052563 secs] [Times: user=0.00 sys=0.00, real=0.00 secs] 
Heap after GC invocations=26 (full 1):
 par new generation   total 109248K, used 4594K [0x00000000e0000000, 0x00000000e8000000, 0x00000000e8000000)
  eden space 87424K,   0% used [0x00000000e0000000, 0x00000000e0000000, 0x00000000e5560000)
  from space 21824K,  21% used [0x00000000e5560000, 0x00000000e59dc9e8, 0x00000000e6ab0000)
  to   space 21824K,   0% used [0x00000000e6ab0000, 0x00000000e6ab0000, 0x00000000e8000000)
 concurrent mark-sweep generation total 393216K, used 90293K [0x00000000e8000000, 0x0000000100000000, 0x0000000100000000)
 Metaspace       used 30375K, capacity 30690K, committed 31052K, reserved 1077248K
  class space    used 3522K, capacity 3643K, committed 3660K, reserved 1048576K
}
2015-10-08T09:21:08.713+0800: 50.447: Total time for which application threads were stopped: 0.0054632 seconds, Stopping threads took: 0.0000253 seconds
{Heap before GC invocations=26 (full 1):
 par new generation   total 109248K, used 92018K [0x00000000e0000000, 0x00000000e8000000, 0x00000000e8000000)
  eden space 87424K, 100% used [0x00000000e0000000, 0x00000000e5560000, 0x00000000e5560000)
  from space 21824K,  21% used [0x00000000e5560000, 0x00000000e59dc9e8, 0x00000000e6ab0000)
  to   space 21824K,   0% used [0x00000000e6ab0000, 0x00000000e6ab0000, 0x00000000e8000000)
 concurrent mark-sweep generation total 393216K, used 90293K [0x00000000e8000000, 0x0000000100000000, 0x0000000100000000)
 Metaspace       used 30375K, capacity 30690K, committed 31052K, reserved 1077248K
  class space    used 3522K, capacity 3643K, committed 3660K, reserved 1048576K
2015-10-08T09:21:08.790+0800: 50.524: [GC (Allocation Failure) 50.524: [ParNew
Desired survivor size 20112992 bytes, new threshold 8 (max 8)
- age   1:     632224 bytes,     632224 total
- age   2:     482616 bytes,    1114840 total
- age   3:     575456 bytes,    1690296 total
- age   4:     741528 bytes,    2431824 total
- age   5:     253192 bytes,    2685016 total
- age   6:     525248 bytes,    3210264 total
- age   7:     240008 bytes,    3450272 total
- age   8:     234000 bytes,    3684272 total
: 92018K->4707K(109248K), 0.0062673 secs] 182312K->95139K(502464K), 0.0063695 secs] [Times: user=0.06 sys=0.00, real=0.01 secs] 
Heap after GC invocations=27 (full 1):
 par new generation   total 109248K, used 4707K [0x00000000e0000000, 0x00000000e8000000, 0x00000000e8000000)
  eden space 87424K,   0% used [0x00000000e0000000, 0x00000000e0000000, 0x00000000e5560000)
  from space 21824K,  21% used [0x00000000e6ab0000, 0x00000000e6f48ce0, 0x00000000e8000000)
  to   space 21824K,   0% used [0x00000000e5560000, 0x00000000e5560000, 0x00000000e6ab0000)
 concurrent mark-sweep generation total 393216K, used 90432K [0x00000000e8000000, 0x0000000100000000, 0x0000000100000000)
 Metaspace       used 30375K, capacity 30690K, committed 31052K, reserved 1077248K
  class space    used 3522K, capacity 3643K, committed 3660K, reserved 1048576K
}
2015-10-08T09:21:08.797+0800: 50.531: Total time for which application threads were stopped: 0.0066036 seconds, Stopping threads took: 0.0000288 seconds
{Heap before GC invocations=27 (full 1):
 par new generation   total 109248K, used 92131K [0x00000000e0000000, 0x00000000e8000000, 0x00000000e8000000)
  eden space 87424K, 100% used [0x00000000e0000000, 0x00000000e5560000, 0x00000000e5560000)
  from space 21824K,  21% used [0x00000000e6ab0000, 0x00000000e6f48ce0, 0x00000000e8000000)
  to   space 21824K,   0% used [0x00000000e5560000, 0x00000000e5560000, 0x00000000e6ab0000)
 concurrent mark-sweep generation total 393216K, used 90432K [0x00000000e8000000, 0x0000000100000000, 0x0000000100000000)
 Metaspace       used 30381K, capacity 30690K, committed 31052K, reserved 1077248K
  class space    used 3522K, capacity 3643K, committed 3660K, reserved 1048576K
2015-10-08T09:21:08.870+0800: 50.604: [GC (Allocation Failure) 50.604: [ParNew
Desired survivor size 20112992 bytes, new threshold 8 (max 8)
- age   1:     637344 bytes,     637344 total
- age   2:     503280 bytes,    1140624 total
- age   3:     470840 bytes,    1611464 total
- age   4:     575456 bytes,    2186920 total
- age   5:     596952 bytes,    2783872 total
- age   6:     184656 bytes,    2968528 total
- age   7:     525248 bytes,    3493776 total
- age   8:     240008 bytes,    3733784 total
: 92131K->4836K(109248K), 0.0064449 secs] 182563K->95497K(502464K), 0.0065412 secs] [Times: user=0.06 sys=0.00, real=0.01 secs] 
Heap after GC invocations=28 (full 1):
 par new generation   total 109248K, used 4836K [0x00000000e0000000, 0x00000000e8000000, 0x00000000e8000000)
  eden space 87424K,   0% used [0x00000000e0000000, 0x00000000e0000000, 0x00000000e5560000)
  from space 21824K,  22% used [0x00000000e5560000, 0x00000000e5a19080, 0x00000000e6ab0000)
  to   space 21824K,   0% used [0x00000000e6ab0000, 0x00000000e6ab0000, 0x00000000e8000000)
 concurrent mark-sweep generation total 393216K, used 90661K [0x00000000e8000000, 0x0000000100000000, 0x0000000100000000)
 Metaspace       used 30381K, capacity 30690K, committed 31052K, reserved 1077248K
  class space    used 3522K, capacity 3643K, committed 3660K, reserved 1048576K
}
2015-10-08T09:21:08.877+0800: 50.611: Total time for which application threads were stopped: 0.0067761 seconds, Stopping threads took: 0.0000316 seconds
{Heap before GC invocations=28 (full 1):
 par new generation   total 109248K, used 92260K [0x00000000e0000000, 0x00000000e8000000, 0x00000000e8000000)
  eden space 87424K, 100% used [0x00000000e0000000, 0x00000000e5560000, 0x00000000e5560000)
  from space 21824K,  22% used [0x00000000e5560000, 0x00000000e5a19080, 0x00000000e6ab0000)
  to   space 21824K,   0% used [0x00000000e6ab0000, 0x00000000e6ab0000, 0x00000000e8000000)
 concurrent mark-sweep generation total 393216K, used 90661K [0x00000000e8000000, 0x0000000100000000, 0x0000000100000000)
 Metaspace       used 30381K, capacity 30690K, committed 31052K, reserved 1077248K
  class space    used 3522K, capacity 3643K, committed 3660K, reserved 1048576K
2015-10-08T09:21:08.993+0800: 50.728: [GC (Allocation Failure) 50.728: [ParNew
Desired survivor size 20112992 bytes, new threshold 8 (max 8)
- age   1:     704624 bytes,     704624 total
- age   2:     511248 bytes,    1215872 total
- age   3:     503280 bytes,    1719152 total
- age   4:     423784 bytes,    2142936 total
- age   5:     575456 bytes,    2718392 total
- age   6:     334440 bytes,    3052832 total
- age   7:     184656 bytes,    3237488 total
- age   8:     525248 bytes,    3762736 total
: 92260K->4412K(109248K), 0.0062858 secs] 182921K->95277K(502464K), 0.0063833 secs] [Times: user=0.05 sys=0.01, real=0.01 secs] 
Heap after GC invocations=29 (full 1):
 par new generation   total 109248K, used 4412K [0x00000000e0000000, 0x00000000e8000000, 0x00000000e8000000)
  eden space 87424K,   0% used [0x00000000e0000000, 0x00000000e0000000, 0x00000000e5560000)
  from space 21824K,  20% used [0x00000000e6ab0000, 0x00000000e6eff390, 0x00000000e8000000)
  to   space 21824K,   0% used [0x00000000e5560000, 0x00000000e5560000, 0x00000000e6ab0000)
 concurrent mark-sweep generation total 393216K, used 90864K [0x00000000e8000000, 0x0000000100000000, 0x0000000100000000)
 Metaspace       used 30381K, capacity 30690K, committed 31052K, reserved 1077248K
  class space    used 3522K, capacity 3643K, committed 3660K, reserved 1048576K
}
2015-10-08T09:21:09.000+0800: 50.735: Total time for which application threads were stopped: 0.0066103 seconds, Stopping threads took: 0.0000257 seconds
{Heap before GC invocations=29 (full 1):
 par new generation   total 109248K, used 91836K [0x00000000e0000000, 0x00000000e8000000, 0x00000000e8000000)
  eden space 87424K, 100% used [0x00000000e0000000, 0x00000000e5560000, 0x00000000e5560000)
  from space 21824K,  20% used [0x00000000e6ab0000, 0x00000000e6eff390, 0x00000000e8000000)
  to   space 21824K,   0% used [0x00000000e5560000, 0x00000000e5560000, 0x00000000e6ab0000)
 concurrent mark-sweep generation total 393216K, used 90864K [0x00000000e8000000, 0x0000000100000000, 0x0000000100000000)
 Metaspace       used 30381K, capacity 30690K, committed 31052K, reserved 1077248K
  class space    used 3522K, capacity 3643K, committed 3660K, reserved 1048576K
2015-10-08T09:21:09.117+0800: 50.851: [GC (Allocation Failure) 50.851: [ParNew
Desired survivor size 20112992 bytes, new threshold 8 (max 8)
- age   1:     445960 bytes,     445960 total
- age   2:     531280 bytes,     977240 total
- age   3:     487512 bytes,    1464752 total
- age   4:     503280 bytes,    1968032 total
- age   5:     423784 bytes,    2391816 total
- age   6:     451984 bytes,    2843800 total
- age   7:     334440 bytes,    3178240 total
- age   8:     184656 bytes,    3362896 total
: 91836K->5595K(109248K), 0.0071306 secs] 182701K->96974K(502464K), 0.0072115 secs] [Times: user=0.01 sys=0.00, real=0.01 secs] 
Heap after GC invocations=30 (full 1):
 par new generation   total 109248K, used 5595K [0x00000000e0000000, 0x00000000e8000000, 0x00000000e8000000)
  eden space 87424K,   0% used [0x00000000e0000000, 0x00000000e0000000, 0x00000000e5560000)
  from space 21824K,  25% used [0x00000000e5560000, 0x00000000e5ad6c88, 0x00000000e6ab0000)
  to   space 21824K,   0% used [0x00000000e6ab0000, 0x00000000e6ab0000, 0x00000000e8000000)
 concurrent mark-sweep generation total 393216K, used 91379K [0x00000000e8000000, 0x0000000100000000, 0x0000000100000000)
 Metaspace       used 30381K, capacity 30690K, committed 31052K, reserved 1077248K
  class space    used 3522K, capacity 3643K, committed 3660K, reserved 1048576K
}
2015-10-08T09:21:09.124+0800: 50.859: Total time for which application threads were stopped: 0.0074910 seconds, Stopping threads took: 0.0000379 seconds
{Heap before GC invocations=30 (full 1):
 par new generation   total 109248K, used 93019K [0x00000000e0000000, 0x00000000e8000000, 0x00000000e8000000)
  eden space 87424K, 100% used [0x00000000e0000000, 0x00000000e5560000, 0x00000000e5560000)
  from space 21824K,  25% used [0x00000000e5560000, 0x00000000e5ad6c88, 0x00000000e6ab0000)
  to   space 21824K,   0% used [0x00000000e6ab0000, 0x00000000e6ab0000, 0x00000000e8000000)
 concurrent mark-sweep generation total 393216K, used 91379K [0x00000000e8000000, 0x0000000100000000, 0x0000000100000000)
 Metaspace       used 30381K, capacity 30690K, committed 31052K, reserved 1077248K
  class space    used 3522K, capacity 3643K, committed 3660K, reserved 1048576K
2015-10-08T09:21:09.256+0800: 50.990: [GC (Allocation Failure) 50.990: [ParNew
Desired survivor size 20112992 bytes, new threshold 8 (max 8)
- age   1:     832376 bytes,     832376 total
- age   2:     319960 bytes,    1152336 total
- age   3:     531280 bytes,    1683616 total
- age   4:     474216 bytes,    2157832 total
- age   5:     503280 bytes,    2661112 total
- age   6:     284912 bytes,    2946024 total
- age   7:     451984 bytes,    3398008 total
- age   8:     367224 bytes,    3765232 total
: 93019K->4455K(109248K), 0.0052954 secs] 184398K->96016K(502464K), 0.0053858 secs] [Times: user=0.00 sys=0.00, real=0.01 secs] 
Heap after GC invocations=31 (full 1):
 par new generation   total 109248K, used 4455K [0x00000000e0000000, 0x00000000e8000000, 0x00000000e8000000)
  eden space 87424K,   0% used [0x00000000e0000000, 0x00000000e0000000, 0x00000000e5560000)
  from space 21824K,  20% used [0x00000000e6ab0000, 0x00000000e6f09f70, 0x00000000e8000000)
  to   space 21824K,   0% used [0x00000000e5560000, 0x00000000e5560000, 0x00000000e6ab0000)
 concurrent mark-sweep generation total 393216K, used 91560K [0x00000000e8000000, 0x0000000100000000, 0x0000000100000000)
 Metaspace       used 30381K, capacity 30690K, committed 31052K, reserved 1077248K
  class space    used 3522K, capacity 3643K, committed 3660K, reserved 1048576K
}
2015-10-08T09:21:09.262+0800: 50.996: Total time for which application threads were stopped: 0.0055848 seconds, Stopping threads took: 0.0000245 seconds
{Heap before GC invocations=31 (full 1):
 par new generation   total 109248K, used 91879K [0x00000000e0000000, 0x00000000e8000000, 0x00000000e8000000)
  eden space 87424K, 100% used [0x00000000e0000000, 0x00000000e5560000, 0x00000000e5560000)
  from space 21824K,  20% used [0x00000000e6ab0000, 0x00000000e6f09f70, 0x00000000e8000000)
  to   space 21824K,   0% used [0x00000000e5560000, 0x00000000e5560000, 0x00000000e6ab0000)
 concurrent mark-sweep generation total 393216K, used 91560K [0x00000000e8000000, 0x0000000100000000, 0x0000000100000000)
 Metaspace       used 30382K, capacity 30690K, committed 31052K, reserved 1077248K
  class space    used 3522K, capacity 3643K, committed 3660K, reserved 1048576K
2015-10-08T09:21:09.378+0800: 51.112: [GC (Allocation Failure) 51.112: [ParNew
Desired survivor size 20112992 bytes, new threshold 8 (max 8)
- age   1:     966520 bytes,     966520 total
- age   2:     399848 bytes,    1366368 total
- age   3:     319960 bytes,    1686328 total
- age   4:     414568 bytes,    2100896 total
- age   5:     474216 bytes,    2575112 total
- age   6:     327504 bytes,    2902616 total
- age   7:     284912 bytes,    3187528 total
- age   8:     313112 bytes,    3500640 total
: 91879K->5492K(109248K), 0.0064725 secs] 183440K->97380K(502464K), 0.0065748 secs] [Times: user=0.00 sys=0.00, real=0.01 secs] 
Heap after GC invocations=32 (full 1):
 par new generation   total 109248K, used 5492K [0x00000000e0000000, 0x00000000e8000000, 0x00000000e8000000)
  eden space 87424K,   0% used [0x00000000e0000000, 0x00000000e0000000, 0x00000000e5560000)
  from space 21824K,  25% used [0x00000000e5560000, 0x00000000e5abd3e8, 0x00000000e6ab0000)
  to   space 21824K,   0% used [0x00000000e6ab0000, 0x00000000e6ab0000, 0x00000000e8000000)
 concurrent mark-sweep generation total 393216K, used 91887K [0x00000000e8000000, 0x0000000100000000, 0x0000000100000000)
 Metaspace       used 30382K, capacity 30690K, committed 31052K, reserved 1077248K
  class space    used 3522K, capacity 3643K, committed 3660K, reserved 1048576K
}
2015-10-08T09:21:09.385+0800: 51.119: Total time for which application threads were stopped: 0.0068096 seconds, Stopping threads took: 0.0000261 seconds
{Heap before GC invocations=32 (full 1):
 par new generation   total 109248K, used 92916K [0x00000000e0000000, 0x00000000e8000000, 0x00000000e8000000)
  eden space 87424K, 100% used [0x00000000e0000000, 0x00000000e5560000, 0x00000000e5560000)
  from space 21824K,  25% used [0x00000000e5560000, 0x00000000e5abd3e8, 0x00000000e6ab0000)
  to   space 21824K,   0% used [0x00000000e6ab0000, 0x00000000e6ab0000, 0x00000000e8000000)
 concurrent mark-sweep generation total 393216K, used 91887K [0x00000000e8000000, 0x0000000100000000, 0x0000000100000000)
 Metaspace       used 30383K, capacity 30690K, committed 31052K, reserved 1077248K
  class space    used 3523K, capacity 3643K, committed 3660K, reserved 1048576K
2015-10-08T09:21:09.529+0800: 51.263: [GC (Allocation Failure) 51.263: [ParNew
Desired survivor size 20112992 bytes, new threshold 8 (max 8)
- age   1:     631192 bytes,     631192 total
- age   2:     838920 bytes,    1470112 total
- age   3:     367064 bytes,    1837176 total
- age   4:     293256 bytes,    2130432 total
- age   5:     414568 bytes,    2545000 total
- age   6:     258240 bytes,    2803240 total
- age   7:     327504 bytes,    3130744 total
- age   8:     223992 bytes,    3354736 total
: 92916K->4486K(109248K), 0.0062100 secs] 184804K->96675K(502464K), 0.0063265 secs] [Times: user=0.00 sys=0.00, real=0.01 secs] 
Heap after GC invocations=33 (full 1):
 par new generation   total 109248K, used 4486K [0x00000000e0000000, 0x00000000e8000000, 0x00000000e8000000)
  eden space 87424K,   0% used [0x00000000e0000000, 0x00000000e0000000, 0x00000000e5560000)
  from space 21824K,  20% used [0x00000000e6ab0000, 0x00000000e6f118c8, 0x00000000e8000000)
  to   space 21824K,   0% used [0x00000000e5560000, 0x00000000e5560000, 0x00000000e6ab0000)
 concurrent mark-sweep generation total 393216K, used 92189K [0x00000000e8000000, 0x0000000100000000, 0x0000000100000000)
 Metaspace       used 30383K, capacity 30690K, committed 31052K, reserved 1077248K
  class space    used 3523K, capacity 3643K, committed 3660K, reserved 1048576K
}
2015-10-08T09:21:09.535+0800: 51.270: Total time for which application threads were stopped: 0.0066139 seconds, Stopping threads took: 0.0000399 seconds
{Heap before GC invocations=33 (full 1):
 par new generation   total 109248K, used 91910K [0x00000000e0000000, 0x00000000e8000000, 0x00000000e8000000)
  eden space 87424K, 100% used [0x00000000e0000000, 0x00000000e5560000, 0x00000000e5560000)
  from space 21824K,  20% used [0x00000000e6ab0000, 0x00000000e6f118c8, 0x00000000e8000000)
  to   space 21824K,   0% used [0x00000000e5560000, 0x00000000e5560000, 0x00000000e6ab0000)
 concurrent mark-sweep generation total 393216K, used 92189K [0x00000000e8000000, 0x0000000100000000, 0x0000000100000000)
 Metaspace       used 30389K, capacity 30754K, committed 31052K, reserved 1077248K
  class space    used 3523K, capacity 3643K, committed 3660K, reserved 1048576K
2015-10-08T09:21:09.673+0800: 51.407: [GC (Allocation Failure) 51.407: [ParNew
Desired survivor size 20112992 bytes, new threshold 8 (max 8)
- age   1:     679824 bytes,     679824 total
- age   2:     475680 bytes,    1155504 total
- age   3:     838920 bytes,    1994424 total
- age   4:     347024 bytes,    2341448 total
- age   5:     293256 bytes,    2634704 total
- age   6:     216840 bytes,    2851544 total
- age   7:     258240 bytes,    3109784 total
- age   8:     327504 bytes,    3437288 total
: 91910K->4909K(109248K), 0.0063821 secs] 184099K->97318K(502464K), 0.0064867 secs] [Times: user=0.00 sys=0.00, real=0.01 secs] 
Heap after GC invocations=34 (full 1):
 par new generation   total 109248K, used 4909K [0x00000000e0000000, 0x00000000e8000000, 0x00000000e8000000)
  eden space 87424K,   0% used [0x00000000e0000000, 0x00000000e0000000, 0x00000000e5560000)
  from space 21824K,  22% used [0x00000000e5560000, 0x00000000e5a2b480, 0x00000000e6ab0000)
  to   space 21824K,   0% used [0x00000000e6ab0000, 0x00000000e6ab0000, 0x00000000e8000000)
 concurrent mark-sweep generation total 393216K, used 92408K [0x00000000e8000000, 0x0000000100000000, 0x0000000100000000)
 Metaspace       used 30389K, capacity 30754K, committed 31052K, reserved 1077248K
  class space    used 3523K, capacity 3643K, committed 3660K, reserved 1048576K
}
2015-10-08T09:21:09.679+0800: 51.413: Total time for which application threads were stopped: 0.0069679 seconds, Stopping threads took: 0.0002546 seconds
{Heap before GC invocations=34 (full 1):
 par new generation   total 109248K, used 92333K [0x00000000e0000000, 0x00000000e8000000, 0x00000000e8000000)
  eden space 87424K, 100% used [0x00000000e0000000, 0x00000000e5560000, 0x00000000e5560000)
  from space 21824K,  22% used [0x00000000e5560000, 0x00000000e5a2b480, 0x00000000e6ab0000)
  to   space 21824K,   0% used [0x00000000e6ab0000, 0x00000000e6ab0000, 0x00000000e8000000)
 concurrent mark-sweep generation total 393216K, used 92408K [0x00000000e8000000, 0x0000000100000000, 0x0000000100000000)
 Metaspace       used 30457K, capacity 30818K, committed 31052K, reserved 1077248K
  class space    used 3523K, capacity 3643K, committed 3660K, reserved 1048576K
2015-10-08T09:21:09.807+0800: 51.542: [GC (Allocation Failure) 51.542: [ParNew
Desired survivor size 20112992 bytes, new threshold 8 (max 8)
- age   1:     589152 bytes,     589152 total
- age   2:     553432 bytes,    1142584 total
- age   3:     407144 bytes,    1549728 total
- age   4:     838920 bytes,    2388648 total
- age   5:     347024 bytes,    2735672 total
- age   6:     154384 bytes,    2890056 total
- age   7:     183080 bytes,    3073136 total
- age   8:     258240 bytes,    3331376 total
: 92333K->4586K(109248K), 0.0060719 secs] 184742K->97316K(502464K), 0.0061540 secs] [Times: user=0.06 sys=0.00, real=0.01 secs] 
Heap after GC invocations=35 (full 1):
 par new generation   total 109248K, used 4586K [0x00000000e0000000, 0x00000000e8000000, 0x00000000e8000000)
  eden space 87424K,   0% used [0x00000000e0000000, 0x00000000e0000000, 0x00000000e5560000)
  from space 21824K,  21% used [0x00000000e6ab0000, 0x00000000e6f2aaa0, 0x00000000e8000000)
  to   space 21824K,   0% used [0x00000000e5560000, 0x00000000e5560000, 0x00000000e6ab0000)
 concurrent mark-sweep generation total 393216K, used 92729K [0x00000000e8000000, 0x0000000100000000, 0x0000000100000000)
 Metaspace       used 30457K, capacity 30818K, committed 31052K, reserved 1077248K
  class space    used 3523K, capacity 3643K, committed 3660K, reserved 1048576K
}
2015-10-08T09:21:09.814+0800: 51.548: Total time for which application threads were stopped: 0.0063762 seconds, Stopping threads took: 0.0000253 seconds
{Heap before GC invocations=35 (full 1):
 par new generation   total 109248K, used 92010K [0x00000000e0000000, 0x00000000e8000000, 0x00000000e8000000)
  eden space 87424K, 100% used [0x00000000e0000000, 0x00000000e5560000, 0x00000000e5560000)
  from space 21824K,  21% used [0x00000000e6ab0000, 0x00000000e6f2aaa0, 0x00000000e8000000)
  to   space 21824K,   0% used [0x00000000e5560000, 0x00000000e5560000, 0x00000000e6ab0000)
 concurrent mark-sweep generation total 393216K, used 92729K [0x00000000e8000000, 0x0000000100000000, 0x0000000100000000)
 Metaspace       used 30457K, capacity 30818K, committed 31052K, reserved 1077248K
  class space    used 3523K, capacity 3643K, committed 3660K, reserved 1048576K
2015-10-08T09:21:09.995+0800: 51.729: [GC (Allocation Failure) 51.729: [ParNew
Desired survivor size 20112992 bytes, new threshold 8 (max 8)
- age   1:     471024 bytes,     471024 total
- age   2:     461520 bytes,     932544 total
- age   3:     553432 bytes,    1485976 total
- age   4:     407144 bytes,    1893120 total
- age   5:     707592 bytes,    2600712 total
- age   6:     347024 bytes,    2947736 total
- age   7:     154384 bytes,    3102120 total
- age   8:     183080 bytes,    3285200 total
: 92010K->4501K(109248K), 0.0064638 secs] 184740K->97483K(502464K), 0.0065535 secs] [Times: user=0.06 sys=0.00, real=0.01 secs] 
Heap after GC invocations=36 (full 1):
 par new generation   total 109248K, used 4501K [0x00000000e0000000, 0x00000000e8000000, 0x00000000e8000000)
  eden space 87424K,   0% used [0x00000000e0000000, 0x00000000e0000000, 0x00000000e5560000)
  from space 21824K,  20% used [0x00000000e5560000, 0x00000000e59c5650, 0x00000000e6ab0000)
  to   space 21824K,   0% used [0x00000000e6ab0000, 0x00000000e6ab0000, 0x00000000e8000000)
 concurrent mark-sweep generation total 393216K, used 92982K [0x00000000e8000000, 0x0000000100000000, 0x0000000100000000)
 Metaspace       used 30457K, capacity 30818K, committed 31052K, reserved 1077248K
  class space    used 3523K, capacity 3643K, committed 3660K, reserved 1048576K
}
2015-10-08T09:21:10.002+0800: 51.736: Total time for which application threads were stopped: 0.0068250 seconds, Stopping threads took: 0.0000328 seconds
{Heap before GC invocations=36 (full 1):
 par new generation   total 109248K, used 91925K [0x00000000e0000000, 0x00000000e8000000, 0x00000000e8000000)
  eden space 87424K, 100% used [0x00000000e0000000, 0x00000000e5560000, 0x00000000e5560000)
  from space 21824K,  20% used [0x00000000e5560000, 0x00000000e59c5650, 0x00000000e6ab0000)
  to   space 21824K,   0% used [0x00000000e6ab0000, 0x00000000e6ab0000, 0x00000000e8000000)
 concurrent mark-sweep generation total 393216K, used 92982K [0x00000000e8000000, 0x0000000100000000, 0x0000000100000000)
 Metaspace       used 30457K, capacity 30818K, committed 31052K, reserved 1077248K
  class space    used 3523K, capacity 3643K, committed 3660K, reserved 1048576K
2015-10-08T09:21:10.185+0800: 51.919: [GC (Allocation Failure) 51.919: [ParNew
Desired survivor size 20112992 bytes, new threshold 8 (max 8)
- age   1:     617112 bytes,     617112 total
- age   2:     343472 bytes,     960584 total
- age   3:     461520 bytes,    1422104 total
- age   4:     536696 bytes,    1958800 total
- age   5:     407144 bytes,    2365944 total
- age   6:     707592 bytes,    3073536 total
- age   7:     190792 bytes,    3264328 total
- age   8:     154384 bytes,    3418712 total
: 91925K->4433K(109248K), 0.0072940 secs] 184907K->97595K(502464K), 0.0074089 secs] [Times: user=0.00 sys=0.00, real=0.01 secs] 
Heap after GC invocations=37 (full 1):
 par new generation   total 109248K, used 4433K [0x00000000e0000000, 0x00000000e8000000, 0x00000000e8000000)
  eden space 87424K,   0% used [0x00000000e0000000, 0x00000000e0000000, 0x00000000e5560000)
  from space 21824K,  20% used [0x00000000e6ab0000, 0x00000000e6f04718, 0x00000000e8000000)
  to   space 21824K,   0% used [0x00000000e5560000, 0x00000000e5560000, 0x00000000e6ab0000)
 concurrent mark-sweep generation total 393216K, used 93161K [0x00000000e8000000, 0x0000000100000000, 0x0000000100000000)
 Metaspace       used 30457K, capacity 30818K, committed 31052K, reserved 1077248K
  class space    used 3523K, capacity 3643K, committed 3660K, reserved 1048576K
}
2015-10-08T09:21:10.192+0800: 51.926: Total time for which application threads were stopped: 0.0076643 seconds, Stopping threads took: 0.0000280 seconds
{Heap before GC invocations=37 (full 1):
 par new generation   total 109248K, used 91857K [0x00000000e0000000, 0x00000000e8000000, 0x00000000e8000000)
  eden space 87424K, 100% used [0x00000000e0000000, 0x00000000e5560000, 0x00000000e5560000)
  from space 21824K,  20% used [0x00000000e6ab0000, 0x00000000e6f04718, 0x00000000e8000000)
  to   space 21824K,   0% used [0x00000000e5560000, 0x00000000e5560000, 0x00000000e6ab0000)
 concurrent mark-sweep generation total 393216K, used 93161K [0x00000000e8000000, 0x0000000100000000, 0x0000000100000000)
 Metaspace       used 30458K, capacity 30818K, committed 31052K, reserved 1077248K
  class space    used 3523K, capacity 3643K, committed 3660K, reserved 1048576K
2015-10-08T09:21:10.311+0800: 52.045: [GC (Allocation Failure) 52.045: [ParNew
Desired survivor size 20112992 bytes, new threshold 8 (max 8)
- age   1:     353680 bytes,     353680 total
- age   2:     349616 bytes,     703296 total
- age   3:     343472 bytes,    1046768 total
- age   4:     461520 bytes,    1508288 total
- age   5:     536696 bytes,    2044984 total
- age   6:     407144 bytes,    2452128 total
- age   7:     707592 bytes,    3159720 total
- age   8:     190792 bytes,    3350512 total
: 91857K->4137K(109248K), 0.0065898 secs] 185019K->97450K(502464K), 0.0066948 secs] [Times: user=0.00 sys=0.00, real=0.01 secs] 
Heap after GC invocations=38 (full 1):
 par new generation   total 109248K, used 4137K [0x00000000e0000000, 0x00000000e8000000, 0x00000000e8000000)
  eden space 87424K,   0% used [0x00000000e0000000, 0x00000000e0000000, 0x00000000e5560000)
  from space 21824K,  18% used [0x00000000e5560000, 0x00000000e596a650, 0x00000000e6ab0000)
  to   space 21824K,   0% used [0x00000000e6ab0000, 0x00000000e6ab0000, 0x00000000e8000000)
 concurrent mark-sweep generation total 393216K, used 93312K [0x00000000e8000000, 0x0000000100000000, 0x0000000100000000)
 Metaspace       used 30458K, capacity 30818K, committed 31052K, reserved 1077248K
  class space    used 3523K, capacity 3643K, committed 3660K, reserved 1048576K
}
2015-10-08T09:21:10.318+0800: 52.052: Total time for which application threads were stopped: 0.0071006 seconds, Stopping threads took: 0.0000557 seconds
{Heap before GC invocations=38 (full 1):
 par new generation   total 109248K, used 91561K [0x00000000e0000000, 0x00000000e8000000, 0x00000000e8000000)
  eden space 87424K, 100% used [0x00000000e0000000, 0x00000000e5560000, 0x00000000e5560000)
  from space 21824K,  18% used [0x00000000e5560000, 0x00000000e596a650, 0x00000000e6ab0000)
  to   space 21824K,   0% used [0x00000000e6ab0000, 0x00000000e6ab0000, 0x00000000e8000000)
 concurrent mark-sweep generation total 393216K, used 93312K [0x00000000e8000000, 0x0000000100000000, 0x0000000100000000)
 Metaspace       used 30458K, capacity 30818K, committed 31052K, reserved 1077248K
  class space    used 3523K, capacity 3643K, committed 3660K, reserved 1048576K
2015-10-08T09:21:10.452+0800: 52.186: [GC (Allocation Failure) 52.186: [ParNew
Desired survivor size 20112992 bytes, new threshold 8 (max 8)
- age   1:     983208 bytes,     983208 total
- age   2:     225472 bytes,    1208680 total
- age   3:     349616 bytes,    1558296 total
- age   4:     343472 bytes,    1901768 total
- age   5:     267272 bytes,    2169040 total
- age   6:     502936 bytes,    2671976 total
- age   7:     407144 bytes,    3079120 total
- age   8:     707592 bytes,    3786712 total
: 91561K->5735K(109248K), 0.0078360 secs] 184874K->99235K(502464K), 0.0079212 secs] [Times: user=0.00 sys=0.00, real=0.01 secs] 
Heap after GC invocations=39 (full 1):
 par new generation   total 109248K, used 5735K [0x00000000e0000000, 0x00000000e8000000, 0x00000000e8000000)
  eden space 87424K,   0% used [0x00000000e0000000, 0x00000000e0000000, 0x00000000e5560000)
  from space 21824K,  26% used [0x00000000e6ab0000, 0x00000000e7049e40, 0x00000000e8000000)
  to   space 21824K,   0% used [0x00000000e5560000, 0x00000000e5560000, 0x00000000e6ab0000)
 concurrent mark-sweep generation total 393216K, used 93499K [0x00000000e8000000, 0x0000000100000000, 0x0000000100000000)
 Metaspace       used 30458K, capacity 30818K, committed 31052K, reserved 1077248K
  class space    used 3523K, capacity 3643K, committed 3660K, reserved 1048576K
}
2015-10-08T09:21:10.460+0800: 52.194: Total time for which application threads were stopped: 0.0081289 seconds, Stopping threads took: 0.0000292 seconds
{Heap before GC invocations=39 (full 1):
 par new generation   total 109248K, used 93159K [0x00000000e0000000, 0x00000000e8000000, 0x00000000e8000000)
  eden space 87424K, 100% used [0x00000000e0000000, 0x00000000e5560000, 0x00000000e5560000)
  from space 21824K,  26% used [0x00000000e6ab0000, 0x00000000e7049e40, 0x00000000e8000000)
  to   space 21824K,   0% used [0x00000000e5560000, 0x00000000e5560000, 0x00000000e6ab0000)
 concurrent mark-sweep generation total 393216K, used 93499K [0x00000000e8000000, 0x0000000100000000, 0x0000000100000000)
 Metaspace       used 30458K, capacity 30818K, committed 31052K, reserved 1077248K
  class space    used 3523K, capacity 3643K, committed 3660K, reserved 1048576K
2015-10-08T09:21:10.613+0800: 52.348: [GC (Allocation Failure) 52.348: [ParNew
Desired survivor size 20112992 bytes, new threshold 8 (max 8)
- age   1:    1274920 bytes,    1274920 total
- age   2:     568872 bytes,    1843792 total
- age   3:     225472 bytes,    2069264 total
- age   4:     330800 bytes,    2400064 total
- age   5:     342936 bytes,    2743000 total
- age   6:     267272 bytes,    3010272 total
- age   7:     280480 bytes,    3290752 total
- age   8:     164176 bytes,    3454928 total
: 93159K->4513K(109248K), 0.0066308 secs] 186659K->98359K(502464K), 0.0067504 secs] [Times: user=0.00 sys=0.00, real=0.01 secs] 
Heap after GC invocations=40 (full 1):
 par new generation   total 109248K, used 4513K [0x00000000e0000000, 0x00000000e8000000, 0x00000000e8000000)
  eden space 87424K,   0% used [0x00000000e0000000, 0x00000000e0000000, 0x00000000e5560000)
  from space 21824K,  20% used [0x00000000e5560000, 0x00000000e59c87d0, 0x00000000e6ab0000)
  to   space 21824K,   0% used [0x00000000e6ab0000, 0x00000000e6ab0000, 0x00000000e8000000)
 concurrent mark-sweep generation total 393216K, used 93845K [0x00000000e8000000, 0x0000000100000000, 0x0000000100000000)
 Metaspace       used 30458K, capacity 30818K, committed 31052K, reserved 1077248K
  class space    used 3523K, capacity 3643K, committed 3660K, reserved 1048576K
}
2015-10-08T09:21:10.620+0800: 52.354: Total time for which application threads were stopped: 0.0070350 seconds, Stopping threads took: 0.0000379 seconds
{Heap before GC invocations=40 (full 1):
 par new generation   total 109248K, used 91937K [0x00000000e0000000, 0x00000000e8000000, 0x00000000e8000000)
  eden space 87424K, 100% used [0x00000000e0000000, 0x00000000e5560000, 0x00000000e5560000)
  from space 21824K,  20% used [0x00000000e5560000, 0x00000000e59c87d0, 0x00000000e6ab0000)
  to   space 21824K,   0% used [0x00000000e6ab0000, 0x00000000e6ab0000, 0x00000000e8000000)
 concurrent mark-sweep generation total 393216K, used 93845K [0x00000000e8000000, 0x0000000100000000, 0x0000000100000000)
 Metaspace       used 30458K, capacity 30818K, committed 31052K, reserved 1077248K
  class space    used 3523K, capacity 3643K, committed 3660K, reserved 1048576K
2015-10-08T09:21:10.815+0800: 52.550: [GC (Allocation Failure) 52.550: [ParNew
Desired survivor size 20112992 bytes, new threshold 8 (max 8)
- age   1:     561112 bytes,     561112 total
- age   2:    1148088 bytes,    1709200 total
- age   3:     488080 bytes,    2197280 total
- age   4:     225472 bytes,    2422752 total
- age   5:     330800 bytes,    2753552 total
- age   6:     319200 bytes,    3072752 total
- age   7:     190168 bytes,    3262920 total
- age   8:     280456 bytes,    3543376 total
: 91937K->4607K(109248K), 0.0062957 secs] 185783K->98614K(502464K), 0.0063770 secs] [Times: user=0.00 sys=0.00, real=0.01 secs] 
Heap after GC invocations=41 (full 1):
 par new generation   total 109248K, used 4607K [0x00000000e0000000, 0x00000000e8000000, 0x00000000e8000000)
  eden space 87424K,   0% used [0x00000000e0000000, 0x00000000e0000000, 0x00000000e5560000)
  from space 21824K,  21% used [0x00000000e6ab0000, 0x00000000e6f2ff30, 0x00000000e8000000)
  to   space 21824K,   0% used [0x00000000e5560000, 0x00000000e5560000, 0x00000000e6ab0000)
 concurrent mark-sweep generation total 393216K, used 94006K [0x00000000e8000000, 0x0000000100000000, 0x0000000100000000)
 Metaspace       used 30458K, capacity 30818K, committed 31052K, reserved 1077248K
  class space    used 3523K, capacity 3643K, committed 3660K, reserved 1048576K
}
2015-10-08T09:21:10.822+0800: 52.556: Total time for which application threads were stopped: 0.0066214 seconds, Stopping threads took: 0.0000257 seconds
{Heap before GC invocations=41 (full 1):
 par new generation   total 109248K, used 92031K [0x00000000e0000000, 0x00000000e8000000, 0x00000000e8000000)
  eden space 87424K, 100% used [0x00000000e0000000, 0x00000000e5560000, 0x00000000e5560000)
  from space 21824K,  21% used [0x00000000e6ab0000, 0x00000000e6f2ff30, 0x00000000e8000000)
  to   space 21824K,   0% used [0x00000000e5560000, 0x00000000e5560000, 0x00000000e6ab0000)
 concurrent mark-sweep generation total 393216K, used 94006K [0x00000000e8000000, 0x0000000100000000, 0x0000000100000000)
 Metaspace       used 30458K, capacity 30818K, committed 31052K, reserved 1077248K
  class space    used 3523K, capacity 3643K, committed 3660K, reserved 1048576K
2015-10-08T09:21:11.017+0800: 52.752: [GC (Allocation Failure) 52.752: [ParNew
Desired survivor size 20112992 bytes, new threshold 8 (max 8)
- age   1:     668224 bytes,     668224 total
- age   2:     410184 bytes,    1078408 total
- age   3:    1148088 bytes,    2226496 total
- age   4:     488080 bytes,    2714576 total
- age   5:     225472 bytes,    2940048 total
- age   6:     155024 bytes,    3095072 total
- age   7:     195728 bytes,    3290800 total
- age   8:     190168 bytes,    3480968 total
: 92031K->4720K(109248K), 0.0061848 secs] 186038K->99001K(502464K), 0.0063253 secs] [Times: user=0.00 sys=0.00, real=0.01 secs] 
Heap after GC invocations=42 (full 1):
 par new generation   total 109248K, used 4720K [0x00000000e0000000, 0x00000000e8000000, 0x00000000e8000000)
  eden space 87424K,   0% used [0x00000000e0000000, 0x00000000e0000000, 0x00000000e5560000)
  from space 21824K,  21% used [0x00000000e5560000, 0x00000000e59fc180, 0x00000000e6ab0000)
  to   space 21824K,   0% used [0x00000000e6ab0000, 0x00000000e6ab0000, 0x00000000e8000000)
 concurrent mark-sweep generation total 393216K, used 94280K [0x00000000e8000000, 0x0000000100000000, 0x0000000100000000)
 Metaspace       used 30458K, capacity 30818K, committed 31052K, reserved 1077248K
  class space    used 3523K, capacity 3643K, committed 3660K, reserved 1048576K
}
2015-10-08T09:21:11.024+0800: 52.758: Total time for which application threads were stopped: 0.0069008 seconds, Stopping threads took: 0.0000320 seconds
{Heap before GC invocations=42 (full 1):
 par new generation   total 109248K, used 92144K [0x00000000e0000000, 0x00000000e8000000, 0x00000000e8000000)
  eden space 87424K, 100% used [0x00000000e0000000, 0x00000000e5560000, 0x00000000e5560000)
  from space 21824K,  21% used [0x00000000e5560000, 0x00000000e59fc180, 0x00000000e6ab0000)
  to   space 21824K,   0% used [0x00000000e6ab0000, 0x00000000e6ab0000, 0x00000000e8000000)
 concurrent mark-sweep generation total 393216K, used 94280K [0x00000000e8000000, 0x0000000100000000, 0x0000000100000000)
 Metaspace       used 30458K, capacity 30818K, committed 31052K, reserved 1077248K
  class space    used 3523K, capacity 3643K, committed 3660K, reserved 1048576K
2015-10-08T09:21:11.228+0800: 52.962: [GC (Allocation Failure) 52.962: [ParNew
Desired survivor size 20112992 bytes, new threshold 8 (max 8)
- age   1:     459568 bytes,     459568 total
- age   2:     542088 bytes,    1001656 total
- age   3:     410184 bytes,    1411840 total
- age   4:    1148088 bytes,    2559928 total
- age   5:     488080 bytes,    3048008 total
- age   6:     225472 bytes,    3273480 total
- age   7:     155024 bytes,    3428504 total
- age   8:     195728 bytes,    3624232 total
: 92144K->4685K(109248K), 0.0054142 secs] 186425K->99152K(502464K), 0.0054971 secs] [Times: user=0.05 sys=0.00, real=0.01 secs] 
Heap after GC invocations=43 (full 1):
 par new generation   total 109248K, used 4685K [0x00000000e0000000, 0x00000000e8000000, 0x00000000e8000000)
  eden space 87424K,   0% used [0x00000000e0000000, 0x00000000e0000000, 0x00000000e5560000)
  from space 21824K,  21% used [0x00000000e6ab0000, 0x00000000e6f436f8, 0x00000000e8000000)
  to   space 21824K,   0% used [0x00000000e5560000, 0x00000000e5560000, 0x00000000e6ab0000)
 concurrent mark-sweep generation total 393216K, used 94467K [0x00000000e8000000, 0x0000000100000000, 0x0000000100000000)
 Metaspace       used 30458K, capacity 30818K, committed 31052K, reserved 1077248K
  class space    used 3523K, capacity 3643K, committed 3660K, reserved 1048576K
}
2015-10-08T09:21:11.233+0800: 52.968: Total time for which application threads were stopped: 0.0057008 seconds, Stopping threads took: 0.0000316 seconds
{Heap before GC invocations=43 (full 1):
 par new generation   total 109248K, used 92109K [0x00000000e0000000, 0x00000000e8000000, 0x00000000e8000000)
  eden space 87424K, 100% used [0x00000000e0000000, 0x00000000e5560000, 0x00000000e5560000)
  from space 21824K,  21% used [0x00000000e6ab0000, 0x00000000e6f436f8, 0x00000000e8000000)
  to   space 21824K,   0% used [0x00000000e5560000, 0x00000000e5560000, 0x00000000e6ab0000)
 concurrent mark-sweep generation total 393216K, used 94467K [0x00000000e8000000, 0x0000000100000000, 0x0000000100000000)
 Metaspace       used 30515K, capacity 30818K, committed 31052K, reserved 1077248K
  class space    used 3523K, capacity 3643K, committed 3660K, reserved 1048576K
2015-10-08T09:21:11.335+0800: 53.070: [GC (Allocation Failure) 53.070: [ParNew
Desired survivor size 20112992 bytes, new threshold 8 (max 8)
- age   1:     398240 bytes,     398240 total
- age   2:     333264 bytes,     731504 total
- age   3:     542088 bytes,    1273592 total
- age   4:     401632 bytes,    1675224 total
- age   5:    1126872 bytes,    2802096 total
- age   6:     488080 bytes,    3290176 total
- age   7:     225472 bytes,    3515648 total
- age   8:     155024 bytes,    3670672 total
: 92109K->4821K(109248K), 0.0067039 secs] 186576K->99480K(502464K), 0.0067958 secs] [Times: user=0.00 sys=0.00, real=0.01 secs] 
Heap after GC invocations=44 (full 1):
 par new generation   total 109248K, used 4821K [0x00000000e0000000, 0x00000000e8000000, 0x00000000e8000000)
  eden space 87424K,   0% used [0x00000000e0000000, 0x00000000e0000000, 0x00000000e5560000)
  from space 21824K,  22% used [0x00000000e5560000, 0x00000000e5a15568, 0x00000000e6ab0000)
  to   space 21824K,   0% used [0x00000000e6ab0000, 0x00000000e6ab0000, 0x00000000e8000000)
 concurrent mark-sweep generation total 393216K, used 94658K [0x00000000e8000000, 0x0000000100000000, 0x0000000100000000)
 Metaspace       used 30515K, capacity 30818K, committed 31052K, reserved 1077248K
  class space    used 3523K, capacity 3643K, committed 3660K, reserved 1048576K
}
2015-10-08T09:21:11.342+0800: 53.076: Total time for which application threads were stopped: 0.0070189 seconds, Stopping threads took: 0.0000272 seconds
{Heap before GC invocations=44 (full 1):
 par new generation   total 109248K, used 92245K [0x00000000e0000000, 0x00000000e8000000, 0x00000000e8000000)
  eden space 87424K, 100% used [0x00000000e0000000, 0x00000000e5560000, 0x00000000e5560000)
  from space 21824K,  22% used [0x00000000e5560000, 0x00000000e5a15568, 0x00000000e6ab0000)
  to   space 21824K,   0% used [0x00000000e6ab0000, 0x00000000e6ab0000, 0x00000000e8000000)
 concurrent mark-sweep generation total 393216K, used 94658K [0x00000000e8000000, 0x0000000100000000, 0x0000000100000000)
 Metaspace       used 30515K, capacity 30818K, committed 31052K, reserved 1077248K
  class space    used 3523K, capacity 3643K, committed 3660K, reserved 1048576K
2015-10-08T09:21:11.476+0800: 53.210: [GC (Allocation Failure) 53.210: [ParNew
Desired survivor size 20112992 bytes, new threshold 8 (max 8)
- age   1:     426048 bytes,     426048 total
- age   2:     271368 bytes,     697416 total
- age   3:     333264 bytes,    1030680 total
- age   4:     542088 bytes,    1572768 total
- age   5:     314896 bytes,    1887664 total
- age   6:    1126264 bytes,    3013928 total
- age   7:     513184 bytes,    3527112 total
- age   8:     225472 bytes,    3752584 total
: 92245K->4902K(109248K), 0.0055832 secs] 186904K->99712K(502464K), 0.0056838 secs] [Times: user=0.05 sys=0.02, real=0.01 secs] 
Heap after GC invocations=45 (full 1):
 par new generation   total 109248K, used 4902K [0x00000000e0000000, 0x00000000e8000000, 0x00000000e8000000)
  eden space 87424K,   0% used [0x00000000e0000000, 0x00000000e0000000, 0x00000000e5560000)
  from space 21824K,  22% used [0x00000000e6ab0000, 0x00000000e6f79830, 0x00000000e8000000)
  to   space 21824K,   0% used [0x00000000e5560000, 0x00000000e5560000, 0x00000000e6ab0000)
 concurrent mark-sweep generation total 393216K, used 94810K [0x00000000e8000000, 0x0000000100000000, 0x0000000100000000)
 Metaspace       used 30515K, capacity 30818K, committed 31052K, reserved 1077248K
  class space    used 3523K, capacity 3643K, committed 3660K, reserved 1048576K
}
2015-10-08T09:21:11.482+0800: 53.216: Total time for which application threads were stopped: 0.0059361 seconds, Stopping threads took: 0.0000300 seconds
{Heap before GC invocations=45 (full 1):
 par new generation   total 109248K, used 92326K [0x00000000e0000000, 0x00000000e8000000, 0x00000000e8000000)
  eden space 87424K, 100% used [0x00000000e0000000, 0x00000000e5560000, 0x00000000e5560000)
  from space 21824K,  22% used [0x00000000e6ab0000, 0x00000000e6f79830, 0x00000000e8000000)
  to   space 21824K,   0% used [0x00000000e5560000, 0x00000000e5560000, 0x00000000e6ab0000)
 concurrent mark-sweep generation total 393216K, used 94810K [0x00000000e8000000, 0x0000000100000000, 0x0000000100000000)
 Metaspace       used 30515K, capacity 30818K, committed 31052K, reserved 1077248K
  class space    used 3523K, capacity 3643K, committed 3660K, reserved 1048576K
2015-10-08T09:21:11.601+0800: 53.335: [GC (Allocation Failure) 53.335: [ParNew
Desired survivor size 20112992 bytes, new threshold 8 (max 8)
- age   1:     656280 bytes,     656280 total
- age   2:     301240 bytes,     957520 total
- age   3:     271368 bytes,    1228888 total
- age   4:     333264 bytes,    1562152 total
- age   5:     542088 bytes,    2104240 total
- age   6:     314896 bytes,    2419136 total
- age   7:    1028720 bytes,    3447856 total
- age   8:     312304 bytes,    3760160 total
: 92326K->4979K(109248K), 0.0070970 secs] 187136K->100010K(502464K), 0.0071878 secs] [Times: user=0.00 sys=0.01, real=0.01 secs] 
Heap after GC invocations=46 (full 1):
 par new generation   total 109248K, used 4979K [0x00000000e0000000, 0x00000000e8000000, 0x00000000e8000000)
  eden space 87424K,   0% used [0x00000000e0000000, 0x00000000e0000000, 0x00000000e5560000)
  from space 21824K,  22% used [0x00000000e5560000, 0x00000000e5a3cd90, 0x00000000e6ab0000)
  to   space 21824K,   0% used [0x00000000e6ab0000, 0x00000000e6ab0000, 0x00000000e8000000)
 concurrent mark-sweep generation total 393216K, used 95031K [0x00000000e8000000, 0x0000000100000000, 0x0000000100000000)
 Metaspace       used 30515K, capacity 30818K, committed 31052K, reserved 1077248K
  class space    used 3523K, capacity 3643K, committed 3660K, reserved 1048576K
}
2015-10-08T09:21:11.608+0800: 53.343: Total time for which application threads were stopped: 0.0074487 seconds, Stopping threads took: 0.0000245 seconds
{Heap before GC invocations=46 (full 1):
 par new generation   total 109248K, used 92403K [0x00000000e0000000, 0x00000000e8000000, 0x00000000e8000000)
  eden space 87424K, 100% used [0x00000000e0000000, 0x00000000e5560000, 0x00000000e5560000)
  from space 21824K,  22% used [0x00000000e5560000, 0x00000000e5a3cd90, 0x00000000e6ab0000)
  to   space 21824K,   0% used [0x00000000e6ab0000, 0x00000000e6ab0000, 0x00000000e8000000)
 concurrent mark-sweep generation total 393216K, used 95031K [0x00000000e8000000, 0x0000000100000000, 0x0000000100000000)
 Metaspace       used 30515K, capacity 30818K, committed 31052K, reserved 1077248K
  class space    used 3523K, capacity 3643K, committed 3660K, reserved 1048576K
2015-10-08T09:21:11.728+0800: 53.462: [GC (Allocation Failure) 53.462: [ParNew
Desired survivor size 20112992 bytes, new threshold 8 (max 8)
- age   1:     473760 bytes,     473760 total
- age   2:     530448 bytes,    1004208 total
- age   3:     295480 bytes,    1299688 total
- age   4:     271368 bytes,    1571056 total
- age   5:     333264 bytes,    1904320 total
- age   6:     542088 bytes,    2446408 total
- age   7:     197320 bytes,    2643728 total
- age   8:    1028720 bytes,    3672448 total
: 92403K->4574K(109248K), 0.0055808 secs] 187434K->99910K(502464K), 0.0057352 secs] [Times: user=0.06 sys=0.00, real=0.01 secs] 
Heap after GC invocations=47 (full 1):
 par new generation   total 109248K, used 4574K [0x00000000e0000000, 0x00000000e8000000, 0x00000000e8000000)
  eden space 87424K,   0% used [0x00000000e0000000, 0x00000000e0000000, 0x00000000e5560000)
  from space 21824K,  20% used [0x00000000e6ab0000, 0x00000000e6f278e0, 0x00000000e8000000)
  to   space 21824K,   0% used [0x00000000e5560000, 0x00000000e5560000, 0x00000000e6ab0000)
 concurrent mark-sweep generation total 393216K, used 95336K [0x00000000e8000000, 0x0000000100000000, 0x0000000100000000)
 Metaspace       used 30515K, capacity 30818K, committed 31052K, reserved 1077248K
  class space    used 3523K, capacity 3643K, committed 3660K, reserved 1048576K
}
2015-10-08T09:21:11.734+0800: 53.468: Total time for which application threads were stopped: 0.0059681 seconds, Stopping threads took: 0.0000288 seconds
{Heap before GC invocations=47 (full 1):
 par new generation   total 109248K, used 91998K [0x00000000e0000000, 0x00000000e8000000, 0x00000000e8000000)
  eden space 87424K, 100% used [0x00000000e0000000, 0x00000000e5560000, 0x00000000e5560000)
  from space 21824K,  20% used [0x00000000e6ab0000, 0x00000000e6f278e0, 0x00000000e8000000)
  to   space 21824K,   0% used [0x00000000e5560000, 0x00000000e5560000, 0x00000000e6ab0000)
 concurrent mark-sweep generation total 393216K, used 95336K [0x00000000e8000000, 0x0000000100000000, 0x0000000100000000)
 Metaspace       used 30522K, capacity 30818K, committed 31052K, reserved 1077248K
  class space    used 3523K, capacity 3643K, committed 3660K, reserved 1048576K
2015-10-08T09:21:11.824+0800: 53.558: [GC (Allocation Failure) 53.558: [ParNew
Desired survivor size 20112992 bytes, new threshold 8 (max 8)
- age   1:     526952 bytes,     526952 total
- age   2:     348424 bytes,     875376 total
- age   3:     563232 bytes,    1438608 total
- age   4:     295480 bytes,    1734088 total
- age   5:     271368 bytes,    2005456 total
- age   6:     333264 bytes,    2338720 total
- age   7:     542088 bytes,    2880808 total
- age   8:     197320 bytes,    3078128 total
: 91998K->4720K(109248K), 0.0072032 secs] 187334K->100845K(502464K), 0.0073161 secs] [Times: user=0.03 sys=0.02, real=0.01 secs] 
Heap after GC invocations=48 (full 1):
 par new generation   total 109248K, used 4720K [0x00000000e0000000, 0x00000000e8000000, 0x00000000e8000000)
  eden space 87424K,   0% used [0x00000000e0000000, 0x00000000e0000000, 0x00000000e5560000)
  from space 21824K,  21% used [0x00000000e5560000, 0x00000000e59fc380, 0x00000000e6ab0000)
  to   space 21824K,   0% used [0x00000000e6ab0000, 0x00000000e6ab0000, 0x00000000e8000000)
 concurrent mark-sweep generation total 393216K, used 96124K [0x00000000e8000000, 0x0000000100000000, 0x0000000100000000)
 Metaspace       used 30522K, capacity 30818K, committed 31052K, reserved 1077248K
  class space    used 3523K, capacity 3643K, committed 3660K, reserved 1048576K
}
2015-10-08T09:21:11.831+0800: 53.565: Total time for which application threads were stopped: 0.0075814 seconds, Stopping threads took: 0.0000292 seconds
{Heap before GC invocations=48 (full 1):
 par new generation   total 109248K, used 92144K [0x00000000e0000000, 0x00000000e8000000, 0x00000000e8000000)
  eden space 87424K, 100% used [0x00000000e0000000, 0x00000000e5560000, 0x00000000e5560000)
  from space 21824K,  21% used [0x00000000e5560000, 0x00000000e59fc380, 0x00000000e6ab0000)
  to   space 21824K,   0% used [0x00000000e6ab0000, 0x00000000e6ab0000, 0x00000000e8000000)
 concurrent mark-sweep generation total 393216K, used 96124K [0x00000000e8000000, 0x0000000100000000, 0x0000000100000000)
 Metaspace       used 30544K, capacity 30818K, committed 31052K, reserved 1077248K
  class space    used 3523K, capacity 3643K, committed 3660K, reserved 1048576K
2015-10-08T09:21:12.068+0800: 53.803: [GC (Allocation Failure) 53.803: [ParNew
Desired survivor size 20112992 bytes, new threshold 8 (max 8)
- age   1:     510208 bytes,     510208 total
- age   2:     399488 bytes,     909696 total
- age   3:     348424 bytes,    1258120 total
- age   4:     530448 bytes,    1788568 total
- age   5:     295480 bytes,    2084048 total
- age   6:     247512 bytes,    2331560 total
- age   7:     333264 bytes,    2664824 total
- age   8:     542088 bytes,    3206912 total
: 92144K->4336K(109248K), 0.0106939 secs] 188269K->100653K(502464K), 0.0108048 secs] [Times: user=0.00 sys=0.02, real=0.01 secs] 
Heap after GC invocations=49 (full 1):
 par new generation   total 109248K, used 4336K [0x00000000e0000000, 0x00000000e8000000, 0x00000000e8000000)
  eden space 87424K,   0% used [0x00000000e0000000, 0x00000000e0000000, 0x00000000e5560000)
  from space 21824K,  19% used [0x00000000e6ab0000, 0x00000000e6eec128, 0x00000000e8000000)
  to   space 21824K,   0% used [0x00000000e5560000, 0x00000000e5560000, 0x00000000e6ab0000)
 concurrent mark-sweep generation total 393216K, used 96317K [0x00000000e8000000, 0x0000000100000000, 0x0000000100000000)
 Metaspace       used 30544K, capacity 30818K, committed 31052K, reserved 1077248K
  class space    used 3523K, capacity 3643K, committed 3660K, reserved 1048576K
}
2015-10-08T09:21:12.079+0800: 53.814: Total time for which application threads were stopped: 0.0115062 seconds, Stopping threads took: 0.0004449 seconds
{Heap before GC invocations=49 (full 1):
 par new generation   total 109248K, used 91760K [0x00000000e0000000, 0x00000000e8000000, 0x00000000e8000000)
  eden space 87424K, 100% used [0x00000000e0000000, 0x00000000e5560000, 0x00000000e5560000)
  from space 21824K,  19% used [0x00000000e6ab0000, 0x00000000e6eec128, 0x00000000e8000000)
  to   space 21824K,   0% used [0x00000000e5560000, 0x00000000e5560000, 0x00000000e6ab0000)
 concurrent mark-sweep generation total 393216K, used 96317K [0x00000000e8000000, 0x0000000100000000, 0x0000000100000000)
 Metaspace       used 30557K, capacity 30818K, committed 31052K, reserved 1077248K
  class space    used 3523K, capacity 3643K, committed 3660K, reserved 1048576K
2015-10-08T09:21:12.350+0800: 54.085: [GC (Allocation Failure) 54.085: [ParNew
Desired survivor size 20112992 bytes, new threshold 8 (max 8)
- age   1:     665568 bytes,     665568 total
- age   2:     369880 bytes,    1035448 total
- age   3:     399488 bytes,    1434936 total
- age   4:     348424 bytes,    1783360 total
- age   5:     530448 bytes,    2313808 total
- age   6:     295480 bytes,    2609288 total
- age   7:     247512 bytes,    2856800 total
- age   8:     333264 bytes,    3190064 total
: 91760K->4149K(109248K), 0.0063423 secs] 188077K->100997K(502464K), 0.0064729 secs] [Times: user=0.01 sys=0.00, real=0.01 secs] 
Heap after GC invocations=50 (full 1):
 par new generation   total 109248K, used 4149K [0x00000000e0000000, 0x00000000e8000000, 0x00000000e8000000)
  eden space 87424K,   0% used [0x00000000e0000000, 0x00000000e0000000, 0x00000000e5560000)
  from space 21824K,  19% used [0x00000000e5560000, 0x00000000e596d6a8, 0x00000000e6ab0000)
  to   space 21824K,   0% used [0x00000000e6ab0000, 0x00000000e6ab0000, 0x00000000e8000000)
 concurrent mark-sweep generation total 393216K, used 96847K [0x00000000e8000000, 0x0000000100000000, 0x0000000100000000)
 Metaspace       used 30557K, capacity 30818K, committed 31052K, reserved 1077248K
  class space    used 3523K, capacity 3643K, committed 3660K, reserved 1048576K
}
2015-10-08T09:21:12.357+0800: 54.091: Total time for which application threads were stopped: 0.0067690 seconds, Stopping threads took: 0.0000347 seconds
{Heap before GC invocations=50 (full 1):
 par new generation   total 109248K, used 91573K [0x00000000e0000000, 0x00000000e8000000, 0x00000000e8000000)
  eden space 87424K, 100% used [0x00000000e0000000, 0x00000000e5560000, 0x00000000e5560000)
  from space 21824K,  19% used [0x00000000e5560000, 0x00000000e596d6a8, 0x00000000e6ab0000)
  to   space 21824K,   0% used [0x00000000e6ab0000, 0x00000000e6ab0000, 0x00000000e8000000)
 concurrent mark-sweep generation total 393216K, used 96847K [0x00000000e8000000, 0x0000000100000000, 0x0000000100000000)
 Metaspace       used 30557K, capacity 30818K, committed 31052K, reserved 1077248K
  class space    used 3523K, capacity 3643K, committed 3660K, reserved 1048576K
2015-10-08T09:21:12.555+0800: 54.289: [GC (Allocation Failure) 54.289: [ParNew
Desired survivor size 20112992 bytes, new threshold 8 (max 8)
- age   1:     680808 bytes,     680808 total
- age   2:     489808 bytes,    1170616 total
- age   3:     369352 bytes,    1539968 total
- age   4:     399488 bytes,    1939456 total
- age   5:     348424 bytes,    2287880 total
- age   6:     530448 bytes,    2818328 total
- age   7:     294792 bytes,    3113120 total
- age   8:     247512 bytes,    3360632 total
: 91573K->4636K(109248K), 0.0096861 secs] 188421K->101809K(502464K), 0.0098219 secs] [Times: user=0.03 sys=0.00, real=0.01 secs] 
Heap after GC invocations=51 (full 1):
 par new generation   total 109248K, used 4636K [0x00000000e0000000, 0x00000000e8000000, 0x00000000e8000000)
  eden space 87424K,   0% used [0x00000000e0000000, 0x00000000e0000000, 0x00000000e5560000)
  from space 21824K,  21% used [0x00000000e6ab0000, 0x00000000e6f371a0, 0x00000000e8000000)
  to   space 21824K,   0% used [0x00000000e5560000, 0x00000000e5560000, 0x00000000e6ab0000)
 concurrent mark-sweep generation total 393216K, used 97173K [0x00000000e8000000, 0x0000000100000000, 0x0000000100000000)
 Metaspace       used 30557K, capacity 30818K, committed 31052K, reserved 1077248K
  class space    used 3523K, capacity 3643K, committed 3660K, reserved 1048576K
}
2015-10-08T09:21:12.565+0800: 54.299: Total time for which application threads were stopped: 0.0104179 seconds, Stopping threads took: 0.0003284 seconds
{Heap before GC invocations=51 (full 1):
 par new generation   total 109248K, used 92060K [0x00000000e0000000, 0x00000000e8000000, 0x00000000e8000000)
  eden space 87424K, 100% used [0x00000000e0000000, 0x00000000e5560000, 0x00000000e5560000)
  from space 21824K,  21% used [0x00000000e6ab0000, 0x00000000e6f371a0, 0x00000000e8000000)
  to   space 21824K,   0% used [0x00000000e5560000, 0x00000000e5560000, 0x00000000e6ab0000)
 concurrent mark-sweep generation total 393216K, used 97173K [0x00000000e8000000, 0x0000000100000000, 0x0000000100000000)
 Metaspace       used 30591K, capacity 30946K, committed 31308K, reserved 1077248K
  class space    used 3523K, capacity 3643K, committed 3660K, reserved 1048576K
2015-10-08T09:21:12.809+0800: 54.544: [GC (Allocation Failure) 54.544: [ParNew
Desired survivor size 20112992 bytes, new threshold 8 (max 8)
- age   1:     597072 bytes,     597072 total
- age   2:     512256 bytes,    1109328 total
- age   3:     479112 bytes,    1588440 total
- age   4:     369352 bytes,    1957792 total
- age   5:     399464 bytes,    2357256 total
- age   6:     348424 bytes,    2705680 total
- age   7:     530448 bytes,    3236128 total
- age   8:     294792 bytes,    3530920 total
: 92060K->4574K(109248K), 0.0076536 secs] 189233K->101990K(502464K), 0.0077823 secs] [Times: user=0.00 sys=0.00, real=0.01 secs] 
Heap after GC invocations=52 (full 1):
 par new generation   total 109248K, used 4574K [0x00000000e0000000, 0x00000000e8000000, 0x00000000e8000000)
  eden space 87424K,   0% used [0x00000000e0000000, 0x00000000e0000000, 0x00000000e5560000)
  from space 21824K,  20% used [0x00000000e5560000, 0x00000000e59d7bc0, 0x00000000e6ab0000)
  to   space 21824K,   0% used [0x00000000e6ab0000, 0x00000000e6ab0000, 0x00000000e8000000)
 concurrent mark-sweep generation total 393216K, used 97415K [0x00000000e8000000, 0x0000000100000000, 0x0000000100000000)
 Metaspace       used 30591K, capacity 30946K, committed 31308K, reserved 1077248K
  class space    used 3523K, capacity 3643K, committed 3660K, reserved 1048576K
}
2015-10-08T09:21:12.817+0800: 54.552: Total time for which application threads were stopped: 0.0081162 seconds, Stopping threads took: 0.0000778 seconds
2015-10-08T09:21:12.851+0800: 54.585: Total time for which application threads were stopped: 0.0003375 seconds, Stopping threads took: 0.0001618 seconds
2015-10-08T09:21:12.867+0800: 54.601: Total time for which application threads were stopped: 0.0148244 seconds, Stopping threads took: 0.0146496 seconds
{Heap before GC invocations=52 (full 1):
 par new generation   total 109248K, used 91998K [0x00000000e0000000, 0x00000000e8000000, 0x00000000e8000000)
  eden space 87424K, 100% used [0x00000000e0000000, 0x00000000e5560000, 0x00000000e5560000)
  from space 21824K,  20% used [0x00000000e5560000, 0x00000000e59d7bc0, 0x00000000e6ab0000)
  to   space 21824K,   0% used [0x00000000e6ab0000, 0x00000000e6ab0000, 0x00000000e8000000)
 concurrent mark-sweep generation total 393216K, used 97415K [0x00000000e8000000, 0x0000000100000000, 0x0000000100000000)
 Metaspace       used 30661K, capacity 31010K, committed 31308K, reserved 1077248K
  class space    used 3523K, capacity 3643K, committed 3660K, reserved 1048576K
2015-10-08T09:21:13.091+0800: 54.826: [GC (Allocation Failure) 54.826: [ParNew
Desired survivor size 20112992 bytes, new threshold 8 (max 8)
- age   1:     725152 bytes,     725152 total
- age   2:     460144 bytes,    1185296 total
- age   3:     512232 bytes,    1697528 total
- age   4:     479112 bytes,    2176640 total
- age   5:     369272 bytes,    2545912 total
- age   6:     397152 bytes,    2943064 total
- age   7:     348424 bytes,    3291488 total
- age   8:     530448 bytes,    3821936 total
: 91998K->4535K(109248K), 0.0089041 secs] 189414K->102239K(502464K), 0.0090103 secs] [Times: user=0.00 sys=0.00, real=0.01 secs] 
Heap after GC invocations=53 (full 1):
 par new generation   total 109248K, used 4535K [0x00000000e0000000, 0x00000000e8000000, 0x00000000e8000000)
  eden space 87424K,   0% used [0x00000000e0000000, 0x00000000e0000000, 0x00000000e5560000)
  from space 21824K,  20% used [0x00000000e6ab0000, 0x00000000e6f1de70, 0x00000000e8000000)
  to   space 21824K,   0% used [0x00000000e5560000, 0x00000000e5560000, 0x00000000e6ab0000)
 concurrent mark-sweep generation total 393216K, used 97703K [0x00000000e8000000, 0x0000000100000000, 0x0000000100000000)
 Metaspace       used 30661K, capacity 31010K, committed 31308K, reserved 1077248K
  class space    used 3523K, capacity 3643K, committed 3660K, reserved 1048576K
}
2015-10-08T09:21:13.100+0800: 54.835: Total time for which application threads were stopped: 0.0093166 seconds, Stopping threads took: 0.0000324 seconds
{Heap before GC invocations=53 (full 1):
 par new generation   total 109248K, used 91959K [0x00000000e0000000, 0x00000000e8000000, 0x00000000e8000000)
  eden space 87424K, 100% used [0x00000000e0000000, 0x00000000e5560000, 0x00000000e5560000)
  from space 21824K,  20% used [0x00000000e6ab0000, 0x00000000e6f1de70, 0x00000000e8000000)
  to   space 21824K,   0% used [0x00000000e5560000, 0x00000000e5560000, 0x00000000e6ab0000)
 concurrent mark-sweep generation total 393216K, used 97703K [0x00000000e8000000, 0x0000000100000000, 0x0000000100000000)
 Metaspace       used 30662K, capacity 31010K, committed 31308K, reserved 1077248K
  class space    used 3523K, capacity 3643K, committed 3660K, reserved 1048576K
2015-10-08T09:21:13.321+0800: 55.055: [GC (Allocation Failure) 55.055: [ParNew
Desired survivor size 20112992 bytes, new threshold 8 (max 8)
- age   1:     394912 bytes,     394912 total
- age   2:     593872 bytes,     988784 total
- age   3:     460144 bytes,    1448928 total
- age   4:     512232 bytes,    1961160 total
- age   5:     479112 bytes,    2440272 total
- age   6:     342456 bytes,    2782728 total
- age   7:     397152 bytes,    3179880 total
- age   8:     348424 bytes,    3528304 total
: 91959K->5620K(109248K), 0.0057881 secs] 189663K->103842K(502464K), 0.0058844 secs] [Times: user=0.06 sys=0.00, real=0.01 secs] 
Heap after GC invocations=54 (full 1):
 par new generation   total 109248K, used 5620K [0x00000000e0000000, 0x00000000e8000000, 0x00000000e8000000)
  eden space 87424K,   0% used [0x00000000e0000000, 0x00000000e0000000, 0x00000000e5560000)
  from space 21824K,  25% used [0x00000000e5560000, 0x00000000e5add160, 0x00000000e6ab0000)
  to   space 21824K,   0% used [0x00000000e6ab0000, 0x00000000e6ab0000, 0x00000000e8000000)
 concurrent mark-sweep generation total 393216K, used 98222K [0x00000000e8000000, 0x0000000100000000, 0x0000000100000000)
 Metaspace       used 30662K, capacity 31010K, committed 31308K, reserved 1077248K
  class space    used 3523K, capacity 3643K, committed 3660K, reserved 1048576K
}
2015-10-08T09:21:13.327+0800: 55.061: Total time for which application threads were stopped: 0.0061492 seconds, Stopping threads took: 0.0000328 seconds
{Heap before GC invocations=54 (full 1):
 par new generation   total 109248K, used 93044K [0x00000000e0000000, 0x00000000e8000000, 0x00000000e8000000)
  eden space 87424K, 100% used [0x00000000e0000000, 0x00000000e5560000, 0x00000000e5560000)
  from space 21824K,  25% used [0x00000000e5560000, 0x00000000e5add160, 0x00000000e6ab0000)
  to   space 21824K,   0% used [0x00000000e6ab0000, 0x00000000e6ab0000, 0x00000000e8000000)
 concurrent mark-sweep generation total 393216K, used 98222K [0x00000000e8000000, 0x0000000100000000, 0x0000000100000000)
 Metaspace       used 30662K, capacity 31010K, committed 31308K, reserved 1077248K
  class space    used 3523K, capacity 3643K, committed 3660K, reserved 1048576K
2015-10-08T09:21:13.443+0800: 55.177: [GC (Allocation Failure) 55.177: [ParNew
Desired survivor size 20112992 bytes, new threshold 8 (max 8)
- age   1:     713760 bytes,     713760 total
- age   2:     268752 bytes,     982512 total
- age   3:     582176 bytes,    1564688 total
- age   4:     460144 bytes,    2024832 total
- age   5:     512232 bytes,    2537064 total
- age   6:     479112 bytes,    3016176 total
- age   7:     342456 bytes,    3358632 total
- age   8:     397152 bytes,    3755784 total
: 93044K->4160K(109248K), 0.0054434 secs] 191266K->102594K(502464K), 0.0055335 secs] [Times: user=0.00 sys=0.00, real=0.01 secs] 
Heap after GC invocations=55 (full 1):
 par new generation   total 109248K, used 4160K [0x00000000e0000000, 0x00000000e8000000, 0x00000000e8000000)
  eden space 87424K,   0% used [0x00000000e0000000, 0x00000000e0000000, 0x00000000e5560000)
  from space 21824K,  19% used [0x00000000e6ab0000, 0x00000000e6ec02d0, 0x00000000e8000000)
  to   space 21824K,   0% used [0x00000000e5560000, 0x00000000e5560000, 0x00000000e6ab0000)
 concurrent mark-sweep generation total 393216K, used 98433K [0x00000000e8000000, 0x0000000100000000, 0x0000000100000000)
 Metaspace       used 30662K, capacity 31010K, committed 31308K, reserved 1077248K
  class space    used 3523K, capacity 3643K, committed 3660K, reserved 1048576K
}
2015-10-08T09:21:13.449+0800: 55.183: Total time for which application threads were stopped: 0.0057517 seconds, Stopping threads took: 0.0000268 seconds
{Heap before GC invocations=55 (full 1):
 par new generation   total 109248K, used 91584K [0x00000000e0000000, 0x00000000e8000000, 0x00000000e8000000)
  eden space 87424K, 100% used [0x00000000e0000000, 0x00000000e5560000, 0x00000000e5560000)
  from space 21824K,  19% used [0x00000000e6ab0000, 0x00000000e6ec02d0, 0x00000000e8000000)
  to   space 21824K,   0% used [0x00000000e5560000, 0x00000000e5560000, 0x00000000e6ab0000)
 concurrent mark-sweep generation total 393216K, used 98433K [0x00000000e8000000, 0x0000000100000000, 0x0000000100000000)
 Metaspace       used 30664K, capacity 31010K, committed 31308K, reserved 1077248K
  class space    used 3523K, capacity 3643K, committed 3660K, reserved 1048576K
2015-10-08T09:21:13.536+0800: 55.270: [GC (Allocation Failure) 55.270: [ParNew
Desired survivor size 20112992 bytes, new threshold 8 (max 8)
- age   1:     371000 bytes,     371000 total
- age   2:     588392 bytes,     959392 total
- age   3:     268752 bytes,    1228144 total
- age   4:     582176 bytes,    1810320 total
- age   5:     445312 bytes,    2255632 total
- age   6:     512232 bytes,    2767864 total
- age   7:     479112 bytes,    3246976 total
- age   8:     342456 bytes,    3589432 total
: 91584K->5542K(109248K), 0.0064583 secs] 190018K->104364K(502464K), 0.0065665 secs] [Times: user=0.00 sys=0.00, real=0.01 secs] 
Heap after GC invocations=56 (full 1):
 par new generation   total 109248K, used 5542K [0x00000000e0000000, 0x00000000e8000000, 0x00000000e8000000)
  eden space 87424K,   0% used [0x00000000e0000000, 0x00000000e0000000, 0x00000000e5560000)
  from space 21824K,  25% used [0x00000000e5560000, 0x00000000e5ac9858, 0x00000000e6ab0000)
  to   space 21824K,   0% used [0x00000000e6ab0000, 0x00000000e6ab0000, 0x00000000e8000000)
 concurrent mark-sweep generation total 393216K, used 98822K [0x00000000e8000000, 0x0000000100000000, 0x0000000100000000)
 Metaspace       used 30664K, capacity 31010K, committed 31308K, reserved 1077248K
  class space    used 3523K, capacity 3643K, committed 3660K, reserved 1048576K
}
2015-10-08T09:21:13.543+0800: 55.277: Total time for which application threads were stopped: 0.0068156 seconds, Stopping threads took: 0.0000292 seconds
{Heap before GC invocations=56 (full 1):
 par new generation   total 109248K, used 92966K [0x00000000e0000000, 0x00000000e8000000, 0x00000000e8000000)
  eden space 87424K, 100% used [0x00000000e0000000, 0x00000000e5560000, 0x00000000e5560000)
  from space 21824K,  25% used [0x00000000e5560000, 0x00000000e5ac9858, 0x00000000e6ab0000)
  to   space 21824K,   0% used [0x00000000e6ab0000, 0x00000000e6ab0000, 0x00000000e8000000)
 concurrent mark-sweep generation total 393216K, used 98822K [0x00000000e8000000, 0x0000000100000000, 0x0000000100000000)
 Metaspace       used 30664K, capacity 31010K, committed 31308K, reserved 1077248K
  class space    used 3523K, capacity 3643K, committed 3660K, reserved 1048576K
2015-10-08T09:21:13.699+0800: 55.433: [GC (Allocation Failure) 55.433: [ParNew
Desired survivor size 20112992 bytes, new threshold 8 (max 8)
- age   1:     663520 bytes,     663520 total
- age   2:     242952 bytes,     906472 total
- age   3:     588392 bytes,    1494864 total
- age   4:     268752 bytes,    1763616 total
- age   5:     582176 bytes,    2345792 total
- age   6:     445312 bytes,    2791104 total
- age   7:     511456 bytes,    3302560 total
- age   8:     479112 bytes,    3781672 total
: 92966K->5132K(109248K), 0.0067812 secs] 191788K->104289K(502464K), 0.0068665 secs] [Times: user=0.06 sys=0.00, real=0.01 secs] 
Heap after GC invocations=57 (full 1):
 par new generation   total 109248K, used 5132K [0x00000000e0000000, 0x00000000e8000000, 0x00000000e8000000)
  eden space 87424K,   0% used [0x00000000e0000000, 0x00000000e0000000, 0x00000000e5560000)
  from space 21824K,  23% used [0x00000000e6ab0000, 0x00000000e6fb3070, 0x00000000e8000000)
  to   space 21824K,   0% used [0x00000000e5560000, 0x00000000e5560000, 0x00000000e6ab0000)
 concurrent mark-sweep generation total 393216K, used 99156K [0x00000000e8000000, 0x0000000100000000, 0x0000000100000000)
 Metaspace       used 30664K, capacity 31010K, committed 31308K, reserved 1077248K
  class space    used 3523K, capacity 3643K, committed 3660K, reserved 1048576K
}
2015-10-08T09:21:13.706+0800: 55.440: Total time for which application threads were stopped: 0.0071029 seconds, Stopping threads took: 0.0000328 seconds
{Heap before GC invocations=57 (full 1):
 par new generation   total 109248K, used 92550K [0x00000000e0000000, 0x00000000e8000000, 0x00000000e8000000)
  eden space 87424K,  99% used [0x00000000e0000000, 0x00000000e555ea50, 0x00000000e5560000)
  from space 21824K,  23% used [0x00000000e6ab0000, 0x00000000e6fb3070, 0x00000000e8000000)
  to   space 21824K,   0% used [0x00000000e5560000, 0x00000000e5560000, 0x00000000e6ab0000)
 concurrent mark-sweep generation total 393216K, used 99156K [0x00000000e8000000, 0x0000000100000000, 0x0000000100000000)
 Metaspace       used 30664K, capacity 31010K, committed 31308K, reserved 1077248K
  class space    used 3523K, capacity 3643K, committed 3660K, reserved 1048576K
2015-10-08T09:21:13.784+0800: 55.519: [GC (Allocation Failure) 55.519: [ParNew
Desired survivor size 20112992 bytes, new threshold 8 (max 8)
- age   1:     309920 bytes,     309920 total
- age   2:     538928 bytes,     848848 total
- age   3:     242952 bytes,    1091800 total
- age   4:     588392 bytes,    1680192 total
- age   5:     268752 bytes,    1948944 total
- age   6:     582176 bytes,    2531120 total
- age   7:     445312 bytes,    2976432 total
- age   8:     511456 bytes,    3487888 total
: 92550K->4512K(109248K), 0.0071396 secs] 191707K->104138K(502464K), 0.0072375 secs] [Times: user=0.00 sys=0.00, real=0.01 secs] 
Heap after GC invocations=58 (full 1):
 par new generation   total 109248K, used 4512K [0x00000000e0000000, 0x00000000e8000000, 0x00000000e8000000)
  eden space 87424K,   0% used [0x00000000e0000000, 0x00000000e0000000, 0x00000000e5560000)
  from space 21824K,  20% used [0x00000000e5560000, 0x00000000e59c8320, 0x00000000e6ab0000)
  to   space 21824K,   0% used [0x00000000e6ab0000, 0x00000000e6ab0000, 0x00000000e8000000)
 concurrent mark-sweep generation total 393216K, used 99625K [0x00000000e8000000, 0x0000000100000000, 0x0000000100000000)
 Metaspace       used 30664K, capacity 31010K, committed 31308K, reserved 1077248K
  class space    used 3523K, capacity 3643K, committed 3660K, reserved 1048576K
}
2015-10-08T09:21:13.792+0800: 55.526: Total time for which application threads were stopped: 0.0074661 seconds, Stopping threads took: 0.0000312 seconds
{Heap before GC invocations=58 (full 1):
 par new generation   total 109248K, used 91936K [0x00000000e0000000, 0x00000000e8000000, 0x00000000e8000000)
  eden space 87424K, 100% used [0x00000000e0000000, 0x00000000e5560000, 0x00000000e5560000)
  from space 21824K,  20% used [0x00000000e5560000, 0x00000000e59c8320, 0x00000000e6ab0000)
  to   space 21824K,   0% used [0x00000000e6ab0000, 0x00000000e6ab0000, 0x00000000e8000000)
 concurrent mark-sweep generation total 393216K, used 99625K [0x00000000e8000000, 0x0000000100000000, 0x0000000100000000)
 Metaspace       used 30664K, capacity 31010K, committed 31308K, reserved 1077248K
  class space    used 3523K, capacity 3643K, committed 3660K, reserved 1048576K
2015-10-08T09:21:13.870+0800: 55.605: [GC (Allocation Failure) 55.605: [ParNew
Desired survivor size 20112992 bytes, new threshold 8 (max 8)
- age   1:     702128 bytes,     702128 total
- age   2:     183856 bytes,     885984 total
- age   3:     538928 bytes,    1424912 total
- age   4:     242952 bytes,    1667864 total
- age   5:     588392 bytes,    2256256 total
- age   6:     268752 bytes,    2525008 total
- age   7:     582176 bytes,    3107184 total
- age   8:     445312 bytes,    3552496 total
: 91936K->4586K(109248K), 0.0063427 secs] 191562K->104711K(502464K), 0.0064331 secs] [Times: user=0.05 sys=0.00, real=0.01 secs] 
Heap after GC invocations=59 (full 1):
 par new generation   total 109248K, used 4586K [0x00000000e0000000, 0x00000000e8000000, 0x00000000e8000000)
  eden space 87424K,   0% used [0x00000000e0000000, 0x00000000e0000000, 0x00000000e5560000)
  from space 21824K,  21% used [0x00000000e6ab0000, 0x00000000e6f2a998, 0x00000000e8000000)
  to   space 21824K,   0% used [0x00000000e5560000, 0x00000000e5560000, 0x00000000e6ab0000)
 concurrent mark-sweep generation total 393216K, used 100125K [0x00000000e8000000, 0x0000000100000000, 0x0000000100000000)
 Metaspace       used 30664K, capacity 31010K, committed 31308K, reserved 1077248K
  class space    used 3523K, capacity 3643K, committed 3660K, reserved 1048576K
}
2015-10-08T09:21:13.877+0800: 55.611: Total time for which application threads were stopped: 0.0066624 seconds, Stopping threads took: 0.0000284 seconds
{Heap before GC invocations=59 (full 1):
 par new generation   total 109248K, used 92010K [0x00000000e0000000, 0x00000000e8000000, 0x00000000e8000000)
  eden space 87424K, 100% used [0x00000000e0000000, 0x00000000e5560000, 0x00000000e5560000)
  from space 21824K,  21% used [0x00000000e6ab0000, 0x00000000e6f2a998, 0x00000000e8000000)
  to   space 21824K,   0% used [0x00000000e5560000, 0x00000000e5560000, 0x00000000e6ab0000)
 concurrent mark-sweep generation total 393216K, used 100125K [0x00000000e8000000, 0x0000000100000000, 0x0000000100000000)
 Metaspace       used 30664K, capacity 31010K, committed 31308K, reserved 1077248K
  class space    used 3523K, capacity 3643K, committed 3660K, reserved 1048576K
2015-10-08T09:21:13.976+0800: 55.710: [GC (Allocation Failure) 55.710: [ParNew
Desired survivor size 20112992 bytes, new threshold 8 (max 8)
- age   1:     370160 bytes,     370160 total
- age   2:     538600 bytes,     908760 total
- age   3:     183856 bytes,    1092616 total
- age   4:     538928 bytes,    1631544 total
- age   5:     242952 bytes,    1874496 total
- age   6:     588392 bytes,    2462888 total
- age   7:     238576 bytes,    2701464 total
- age   8:     582176 bytes,    3283640 total
: 92010K->4294K(109248K), 0.0076283 secs] 192135K->104855K(502464K), 0.0077519 secs] [Times: user=0.00 sys=0.01, real=0.01 secs] 
Heap after GC invocations=60 (full 1):
 par new generation   total 109248K, used 4294K [0x00000000e0000000, 0x00000000e8000000, 0x00000000e8000000)
  eden space 87424K,   0% used [0x00000000e0000000, 0x00000000e0000000, 0x00000000e5560000)
  from space 21824K,  19% used [0x00000000e5560000, 0x00000000e5991b10, 0x00000000e6ab0000)
  to   space 21824K,   0% used [0x00000000e6ab0000, 0x00000000e6ab0000, 0x00000000e8000000)
 concurrent mark-sweep generation total 393216K, used 100560K [0x00000000e8000000, 0x0000000100000000, 0x0000000100000000)
 Metaspace       used 30664K, capacity 31010K, committed 31308K, reserved 1077248K
  class space    used 3523K, capacity 3643K, committed 3660K, reserved 1048576K
}
2015-10-08T09:21:13.984+0800: 55.718: Total time for which application threads were stopped: 0.0081249 seconds, Stopping threads took: 0.0000643 seconds
{Heap before GC invocations=60 (full 1):
 par new generation   total 109248K, used 91718K [0x00000000e0000000, 0x00000000e8000000, 0x00000000e8000000)
  eden space 87424K, 100% used [0x00000000e0000000, 0x00000000e5560000, 0x00000000e5560000)
  from space 21824K,  19% used [0x00000000e5560000, 0x00000000e5991b10, 0x00000000e6ab0000)
  to   space 21824K,   0% used [0x00000000e6ab0000, 0x00000000e6ab0000, 0x00000000e8000000)
 concurrent mark-sweep generation total 393216K, used 100560K [0x00000000e8000000, 0x0000000100000000, 0x0000000100000000)
 Metaspace       used 30678K, capacity 31010K, committed 31308K, reserved 1077248K
  class space    used 3523K, capacity 3643K, committed 3660K, reserved 1048576K
2015-10-08T09:21:14.105+0800: 55.839: [GC (Allocation Failure) 55.839: [ParNew
Desired survivor size 20112992 bytes, new threshold 8 (max 8)
- age   1:     391096 bytes,     391096 total
- age   2:     242376 bytes,     633472 total
- age   3:     538600 bytes,    1172072 total
- age   4:     183856 bytes,    1355928 total
- age   5:     538928 bytes,    1894856 total
- age   6:     242952 bytes,    2137808 total
- age   7:     588392 bytes,    2726200 total
- age   8:     271360 bytes,    2997560 total
: 91718K->4079K(109248K), 0.0060999 secs] 192279K->105210K(502464K), 0.0061812 secs] [Times: user=0.06 sys=0.00, real=0.01 secs] 
Heap after GC invocations=61 (full 1):
 par new generation   total 109248K, used 4079K [0x00000000e0000000, 0x00000000e8000000, 0x00000000e8000000)
  eden space 87424K,   0% used [0x00000000e0000000, 0x00000000e0000000, 0x00000000e5560000)
  from space 21824K,  18% used [0x00000000e6ab0000, 0x00000000e6eabfb0, 0x00000000e8000000)
  to   space 21824K,   0% used [0x00000000e5560000, 0x00000000e5560000, 0x00000000e6ab0000)
 concurrent mark-sweep generation total 393216K, used 101130K [0x00000000e8000000, 0x0000000100000000, 0x0000000100000000)
 Metaspace       used 30678K, capacity 31010K, committed 31308K, reserved 1077248K
  class space    used 3523K, capacity 3643K, committed 3660K, reserved 1048576K
}
2015-10-08T09:21:14.111+0800: 55.846: Total time for which application threads were stopped: 0.0064804 seconds, Stopping threads took: 0.0000292 seconds
{Heap before GC invocations=61 (full 1):
 par new generation   total 109248K, used 91503K [0x00000000e0000000, 0x00000000e8000000, 0x00000000e8000000)
  eden space 87424K, 100% used [0x00000000e0000000, 0x00000000e5560000, 0x00000000e5560000)
  from space 21824K,  18% used [0x00000000e6ab0000, 0x00000000e6eabfb0, 0x00000000e8000000)
  to   space 21824K,   0% used [0x00000000e5560000, 0x00000000e5560000, 0x00000000e6ab0000)
 concurrent mark-sweep generation total 393216K, used 101130K [0x00000000e8000000, 0x0000000100000000, 0x0000000100000000)
 Metaspace       used 30678K, capacity 31010K, committed 31308K, reserved 1077248K
  class space    used 3523K, capacity 3643K, committed 3660K, reserved 1048576K
2015-10-08T09:21:14.228+0800: 55.963: [GC (Allocation Failure) 55.963: [ParNew
Desired survivor size 20112992 bytes, new threshold 8 (max 8)
- age   1:     691272 bytes,     691272 total
- age   2:     257488 bytes,     948760 total
- age   3:     242376 bytes,    1191136 total
- age   4:     538600 bytes,    1729736 total
- age   5:     183856 bytes,    1913592 total
- age   6:     538928 bytes,    2452520 total
- age   7:     242952 bytes,    2695472 total
- age   8:     534248 bytes,    3229720 total
: 91503K->4481K(109248K), 0.0057537 secs] 192634K->105845K(502464K), 0.0058453 secs] [Times: user=0.05 sys=0.00, real=0.01 secs] 
Heap after GC invocations=62 (full 1):
 par new generation   total 109248K, used 4481K [0x00000000e0000000, 0x00000000e8000000, 0x00000000e8000000)
  eden space 87424K,   0% used [0x00000000e0000000, 0x00000000e0000000, 0x00000000e5560000)
  from space 21824K,  20% used [0x00000000e5560000, 0x00000000e59c04a0, 0x00000000e6ab0000)
  to   space 21824K,   0% used [0x00000000e6ab0000, 0x00000000e6ab0000, 0x00000000e8000000)
 concurrent mark-sweep generation total 393216K, used 101364K [0x00000000e8000000, 0x0000000100000000, 0x0000000100000000)
 Metaspace       used 30678K, capacity 31010K, committed 31308K, reserved 1077248K
  class space    used 3523K, capacity 3643K, committed 3660K, reserved 1048576K
}
2015-10-08T09:21:14.234+0800: 55.968: Total time for which application threads were stopped: 0.0060703 seconds, Stopping threads took: 0.0000355 seconds
{Heap before GC invocations=62 (full 1):
 par new generation   total 109248K, used 91905K [0x00000000e0000000, 0x00000000e8000000, 0x00000000e8000000)
  eden space 87424K, 100% used [0x00000000e0000000, 0x00000000e5560000, 0x00000000e5560000)
  from space 21824K,  20% used [0x00000000e5560000, 0x00000000e59c04a0, 0x00000000e6ab0000)
  to   space 21824K,   0% used [0x00000000e6ab0000, 0x00000000e6ab0000, 0x00000000e8000000)
 concurrent mark-sweep generation total 393216K, used 101364K [0x00000000e8000000, 0x0000000100000000, 0x0000000100000000)
 Metaspace       used 30678K, capacity 31010K, committed 31308K, reserved 1077248K
  class space    used 3523K, capacity 3643K, committed 3660K, reserved 1048576K
2015-10-08T09:21:14.321+0800: 56.056: [GC (Allocation Failure) 56.056: [ParNew
Desired survivor size 20112992 bytes, new threshold 8 (max 8)
- age   1:     342008 bytes,     342008 total
- age   2:     565112 bytes,     907120 total
- age   3:     257488 bytes,    1164608 total
- age   4:     242376 bytes,    1406984 total
- age   5:     519848 bytes,    1926832 total
- age   6:     183856 bytes,    2110688 total
- age   7:     538928 bytes,    2649616 total
- age   8:     242952 bytes,    2892568 total
: 91905K->3969K(109248K), 0.0056890 secs] 193269K->105855K(502464K), 0.0057683 secs] [Times: user=0.05 sys=0.00, real=0.01 secs] 
Heap after GC invocations=63 (full 1):
 par new generation   total 109248K, used 3969K [0x00000000e0000000, 0x00000000e8000000, 0x00000000e8000000)
  eden space 87424K,   0% used [0x00000000e0000000, 0x00000000e0000000, 0x00000000e5560000)
  from space 21824K,  18% used [0x00000000e6ab0000, 0x00000000e6e90410, 0x00000000e8000000)
  to   space 21824K,   0% used [0x00000000e5560000, 0x00000000e5560000, 0x00000000e6ab0000)
 concurrent mark-sweep generation total 393216K, used 101886K [0x00000000e8000000, 0x0000000100000000, 0x0000000100000000)
 Metaspace       used 30678K, capacity 31010K, committed 31308K, reserved 1077248K
  class space    used 3523K, capacity 3643K, committed 3660K, reserved 1048576K
}
2015-10-08T09:21:14.327+0800: 56.061: Total time for which application threads were stopped: 0.0060963 seconds, Stopping threads took: 0.0000912 seconds
{Heap before GC invocations=63 (full 1):
 par new generation   total 109248K, used 91393K [0x00000000e0000000, 0x00000000e8000000, 0x00000000e8000000)
  eden space 87424K, 100% used [0x00000000e0000000, 0x00000000e5560000, 0x00000000e5560000)
  from space 21824K,  18% used [0x00000000e6ab0000, 0x00000000e6e90410, 0x00000000e8000000)
  to   space 21824K,   0% used [0x00000000e5560000, 0x00000000e5560000, 0x00000000e6ab0000)
 concurrent mark-sweep generation total 393216K, used 101886K [0x00000000e8000000, 0x0000000100000000, 0x0000000100000000)
 Metaspace       used 30678K, capacity 31010K, committed 31308K, reserved 1077248K
  class space    used 3523K, capacity 3643K, committed 3660K, reserved 1048576K
2015-10-08T09:21:14.461+0800: 56.195: [GC (Allocation Failure) 56.195: [ParNew
Desired survivor size 20112992 bytes, new threshold 8 (max 8)
- age   1:     612376 bytes,     612376 total
- age   2:     214904 bytes,     827280 total
- age   3:     573808 bytes,    1401088 total
- age   4:     252816 bytes,    1653904 total
- age   5:     234152 bytes,    1888056 total
- age   6:     519848 bytes,    2407904 total
- age   7:     183856 bytes,    2591760 total
- age   8:     538056 bytes,    3129816 total
: 91393K->3980K(109248K), 0.0060273 secs] 193279K->106099K(502464K), 0.0060975 secs] [Times: user=0.02 sys=0.00, real=0.01 secs] 
Heap after GC invocations=64 (full 1):
 par new generation   total 109248K, used 3980K [0x00000000e0000000, 0x00000000e8000000, 0x00000000e8000000)
  eden space 87424K,   0% used [0x00000000e0000000, 0x00000000e0000000, 0x00000000e5560000)
  from space 21824K,  18% used [0x00000000e5560000, 0x00000000e59431d0, 0x00000000e6ab0000)
  to   space 21824K,   0% used [0x00000000e6ab0000, 0x00000000e6ab0000, 0x00000000e8000000)
 concurrent mark-sweep generation total 393216K, used 102118K [0x00000000e8000000, 0x0000000100000000, 0x0000000100000000)
 Metaspace       used 30678K, capacity 31010K, committed 31308K, reserved 1077248K
  class space    used 3523K, capacity 3643K, committed 3660K, reserved 1048576K
}
2015-10-08T09:21:14.467+0800: 56.202: Total time for which application threads were stopped: 0.0063371 seconds, Stopping threads took: 0.0000253 seconds
{Heap before GC invocations=64 (full 1):
 par new generation   total 109248K, used 91404K [0x00000000e0000000, 0x00000000e8000000, 0x00000000e8000000)
  eden space 87424K, 100% used [0x00000000e0000000, 0x00000000e5560000, 0x00000000e5560000)
  from space 21824K,  18% used [0x00000000e5560000, 0x00000000e59431d0, 0x00000000e6ab0000)
  to   space 21824K,   0% used [0x00000000e6ab0000, 0x00000000e6ab0000, 0x00000000e8000000)
 concurrent mark-sweep generation total 393216K, used 102118K [0x00000000e8000000, 0x0000000100000000, 0x0000000100000000)
 Metaspace       used 30681K, capacity 31010K, committed 31308K, reserved 1077248K
  class space    used 3523K, capacity 3643K, committed 3660K, reserved 1048576K
2015-10-08T09:21:14.605+0800: 56.339: [GC (Allocation Failure) 56.339: [ParNew
Desired survivor size 20112992 bytes, new threshold 8 (max 8)
- age   1:     354864 bytes,     354864 total
- age   2:     477488 bytes,     832352 total
- age   3:     214904 bytes,    1047256 total
- age   4:     565112 bytes,    1612368 total
- age   5:     252816 bytes,    1865184 total
- age   6:     224864 bytes,    2090048 total
- age   7:     511624 bytes,    2601672 total
- age   8:     183856 bytes,    2785528 total
: 91404K->4518K(109248K), 0.0067031 secs] 193523K->107162K(502464K), 0.0067761 secs] [Times: user=0.06 sys=0.00, real=0.01 secs] 
Heap after GC invocations=65 (full 1):
 par new generation   total 109248K, used 4518K [0x00000000e0000000, 0x00000000e8000000, 0x00000000e8000000)
  eden space 87424K,   0% used [0x00000000e0000000, 0x00000000e0000000, 0x00000000e5560000)
  from space 21824K,  20% used [0x00000000e6ab0000, 0x00000000e6f198b0, 0x00000000e8000000)
  to   space 21824K,   0% used [0x00000000e5560000, 0x00000000e5560000, 0x00000000e6ab0000)
 concurrent mark-sweep generation total 393216K, used 102644K [0x00000000e8000000, 0x0000000100000000, 0x0000000100000000)
 Metaspace       used 30681K, capacity 31010K, committed 31308K, reserved 1077248K
  class space    used 3523K, capacity 3643K, committed 3660K, reserved 1048576K
}
2015-10-08T09:21:14.612+0800: 56.346: Total time for which application threads were stopped: 0.0069881 seconds, Stopping threads took: 0.0000237 seconds
{Heap before GC invocations=65 (full 1):
 par new generation   total 109248K, used 91942K [0x00000000e0000000, 0x00000000e8000000, 0x00000000e8000000)
  eden space 87424K, 100% used [0x00000000e0000000, 0x00000000e5560000, 0x00000000e5560000)
  from space 21824K,  20% used [0x00000000e6ab0000, 0x00000000e6f198b0, 0x00000000e8000000)
  to   space 21824K,   0% used [0x00000000e5560000, 0x00000000e5560000, 0x00000000e6ab0000)
 concurrent mark-sweep generation total 393216K, used 102644K [0x00000000e8000000, 0x0000000100000000, 0x0000000100000000)
 Metaspace       used 30681K, capacity 31010K, committed 31308K, reserved 1077248K
  class space    used 3523K, capacity 3643K, committed 3660K, reserved 1048576K
2015-10-08T09:21:14.744+0800: 56.478: [GC (Allocation Failure) 56.478: [ParNew
Desired survivor size 20112992 bytes, new threshold 8 (max 8)
- age   1:     493216 bytes,     493216 total
- age   2:     227048 bytes,     720264 total
- age   3:     477488 bytes,    1197752 total
- age   4:     247688 bytes,    1445440 total
- age   5:     565112 bytes,    2010552 total
- age   6:     252816 bytes,    2263368 total
- age   7:     190928 bytes,    2454296 total
- age   8:     544408 bytes,    2998704 total
: 91942K->3802K(109248K), 0.0058852 secs] 194586K->106626K(502464K), 0.0059724 secs] [Times: user=0.06 sys=0.00, real=0.01 secs] 
Heap after GC invocations=66 (full 1):
 par new generation   total 109248K, used 3802K [0x00000000e0000000, 0x00000000e8000000, 0x00000000e8000000)
  eden space 87424K,   0% used [0x00000000e0000000, 0x00000000e0000000, 0x00000000e5560000)
  from space 21824K,  17% used [0x00000000e5560000, 0x00000000e59168e0, 0x00000000e6ab0000)
  to   space 21824K,   0% used [0x00000000e6ab0000, 0x00000000e6ab0000, 0x00000000e8000000)
 concurrent mark-sweep generation total 393216K, used 102824K [0x00000000e8000000, 0x0000000100000000, 0x0000000100000000)
 Metaspace       used 30681K, capacity 31010K, committed 31308K, reserved 1077248K
  class space    used 3523K, capacity 3643K, committed 3660K, reserved 1048576K
}
2015-10-08T09:21:14.750+0800: 56.484: Total time for which application threads were stopped: 0.0061903 seconds, Stopping threads took: 0.0000272 seconds
{Heap before GC invocations=66 (full 1):
 par new generation   total 109248K, used 91226K [0x00000000e0000000, 0x00000000e8000000, 0x00000000e8000000)
  eden space 87424K, 100% used [0x00000000e0000000, 0x00000000e5560000, 0x00000000e5560000)
  from space 21824K,  17% used [0x00000000e5560000, 0x00000000e59168e0, 0x00000000e6ab0000)
  to   space 21824K,   0% used [0x00000000e6ab0000, 0x00000000e6ab0000, 0x00000000e8000000)
 concurrent mark-sweep generation total 393216K, used 102824K [0x00000000e8000000, 0x0000000100000000, 0x0000000100000000)
 Metaspace       used 30681K, capacity 31010K, committed 31308K, reserved 1077248K
  class space    used 3523K, capacity 3643K, committed 3660K, reserved 1048576K
2015-10-08T09:21:14.831+0800: 56.565: [GC (Allocation Failure) 56.565: [ParNew
Desired survivor size 20112992 bytes, new threshold 8 (max 8)
- age   1:     860288 bytes,     860288 total
- age   2:     366552 bytes,    1226840 total
- age   3:     216640 bytes,    1443480 total
- age   4:     477488 bytes,    1920968 total
- age   5:     193800 bytes,    2114768 total
- age   6:     565112 bytes,    2679880 total
- age   7:     252816 bytes,    2932696 total
- age   8:     190928 bytes,    3123624 total
: 91226K->3879K(109248K), 0.0060383 secs] 194050K->107204K(502464K), 0.0061437 secs] [Times: user=0.00 sys=0.00, real=0.01 secs] 
Heap after GC invocations=67 (full 1):
 par new generation   total 109248K, used 3879K [0x00000000e0000000, 0x00000000e8000000, 0x00000000e8000000)
  eden space 87424K,   0% used [0x00000000e0000000, 0x00000000e0000000, 0x00000000e5560000)
  from space 21824K,  17% used [0x00000000e6ab0000, 0x00000000e6e79f68, 0x00000000e8000000)
  to   space 21824K,   0% used [0x00000000e5560000, 0x00000000e5560000, 0x00000000e6ab0000)
 concurrent mark-sweep generation total 393216K, used 103324K [0x00000000e8000000, 0x0000000100000000, 0x0000000100000000)
 Metaspace       used 30681K, capacity 31010K, committed 31308K, reserved 1077248K
  class space    used 3523K, capacity 3643K, committed 3660K, reserved 1048576K
}
2015-10-08T09:21:14.837+0800: 56.572: Total time for which application threads were stopped: 0.0064121 seconds, Stopping threads took: 0.0000347 seconds
{Heap before GC invocations=67 (full 1):
 par new generation   total 109248K, used 91303K [0x00000000e0000000, 0x00000000e8000000, 0x00000000e8000000)
  eden space 87424K, 100% used [0x00000000e0000000, 0x00000000e5560000, 0x00000000e5560000)
  from space 21824K,  17% used [0x00000000e6ab0000, 0x00000000e6e79f68, 0x00000000e8000000)
  to   space 21824K,   0% used [0x00000000e5560000, 0x00000000e5560000, 0x00000000e6ab0000)
 concurrent mark-sweep generation total 393216K, used 103324K [0x00000000e8000000, 0x0000000100000000, 0x0000000100000000)
 Metaspace       used 30681K, capacity 31010K, committed 31308K, reserved 1077248K
  class space    used 3523K, capacity 3643K, committed 3660K, reserved 1048576K
2015-10-08T09:21:14.959+0800: 56.693: [GC (Allocation Failure) 56.693: [ParNew
Desired survivor size 20112992 bytes, new threshold 8 (max 8)
- age   1:     509120 bytes,     509120 total
- age   2:     732976 bytes,    1242096 total
- age   3:     366552 bytes,    1608648 total
- age   4:     216640 bytes,    1825288 total
- age   5:     477488 bytes,    2302776 total
- age   6:     193800 bytes,    2496576 total
- age   7:     565112 bytes,    3061688 total
- age   8:     252816 bytes,    3314504 total
: 91303K->4360K(109248K), 0.0169975 secs] 194628K->107872K(502464K), 0.0171423 secs] [Times: user=0.03 sys=0.00, real=0.02 secs] 
Heap after GC invocations=68 (full 1):
 par new generation   total 109248K, used 4360K [0x00000000e0000000, 0x00000000e8000000, 0x00000000e8000000)
  eden space 87424K,   0% used [0x00000000e0000000, 0x00000000e0000000, 0x00000000e5560000)
  from space 21824K,  19% used [0x00000000e5560000, 0x00000000e59a2390, 0x00000000e6ab0000)
  to   space 21824K,   0% used [0x00000000e6ab0000, 0x00000000e6ab0000, 0x00000000e8000000)
 concurrent mark-sweep generation total 393216K, used 103511K [0x00000000e8000000, 0x0000000100000000, 0x0000000100000000)
 Metaspace       used 30681K, capacity 31010K, committed 31308K, reserved 1077248K
  class space    used 3523K, capacity 3643K, committed 3660K, reserved 1048576K
}
2015-10-08T09:21:14.976+0800: 56.710: Total time for which application threads were stopped: 0.0174976 seconds, Stopping threads took: 0.0000292 seconds
{Heap before GC invocations=68 (full 1):
 par new generation   total 109248K, used 91784K [0x00000000e0000000, 0x00000000e8000000, 0x00000000e8000000)
  eden space 87424K, 100% used [0x00000000e0000000, 0x00000000e5560000, 0x00000000e5560000)
  from space 21824K,  19% used [0x00000000e5560000, 0x00000000e59a2390, 0x00000000e6ab0000)
  to   space 21824K,   0% used [0x00000000e6ab0000, 0x00000000e6ab0000, 0x00000000e8000000)
 concurrent mark-sweep generation total 393216K, used 103511K [0x00000000e8000000, 0x0000000100000000, 0x0000000100000000)
 Metaspace       used 30681K, capacity 31010K, committed 31308K, reserved 1077248K
  class space    used 3523K, capacity 3643K, committed 3660K, reserved 1048576K
2015-10-08T09:21:15.156+0800: 56.890: [GC (Allocation Failure) 56.890: [ParNew
Desired survivor size 20112992 bytes, new threshold 8 (max 8)
- age   1:     968816 bytes,     968816 total
- age   2:     383024 bytes,    1351840 total
- age   3:     732976 bytes,    2084816 total
- age   4:     347800 bytes,    2432616 total
- age   5:     216640 bytes,    2649256 total
- age   6:     477488 bytes,    3126744 total
- age   7:     193800 bytes,    3320544 total
- age   8:     565112 bytes,    3885656 total
: 91784K->4591K(109248K), 0.0059874 secs] 195296K->108349K(502464K), 0.0060825 secs] [Times: user=0.00 sys=0.00, real=0.01 secs] 
Heap after GC invocations=69 (full 1):
 par new generation   total 109248K, used 4591K [0x00000000e0000000, 0x00000000e8000000, 0x00000000e8000000)
  eden space 87424K,   0% used [0x00000000e0000000, 0x00000000e0000000, 0x00000000e5560000)
  from space 21824K,  21% used [0x00000000e6ab0000, 0x00000000e6f2bfd0, 0x00000000e8000000)
  to   space 21824K,   0% used [0x00000000e5560000, 0x00000000e5560000, 0x00000000e6ab0000)
 concurrent mark-sweep generation total 393216K, used 103757K [0x00000000e8000000, 0x0000000100000000, 0x0000000100000000)
 Metaspace       used 30681K, capacity 31010K, committed 31308K, reserved 1077248K
  class space    used 3523K, capacity 3643K, committed 3660K, reserved 1048576K
}
2015-10-08T09:21:15.162+0800: 56.897: Total time for which application threads were stopped: 0.0063056 seconds, Stopping threads took: 0.0000241 seconds
{Heap before GC invocations=69 (full 1):
 par new generation   total 109248K, used 92015K [0x00000000e0000000, 0x00000000e8000000, 0x00000000e8000000)
  eden space 87424K, 100% used [0x00000000e0000000, 0x00000000e5560000, 0x00000000e5560000)
  from space 21824K,  21% used [0x00000000e6ab0000, 0x00000000e6f2bfd0, 0x00000000e8000000)
  to   space 21824K,   0% used [0x00000000e5560000, 0x00000000e5560000, 0x00000000e6ab0000)
 concurrent mark-sweep generation total 393216K, used 103757K [0x00000000e8000000, 0x0000000100000000, 0x0000000100000000)
 Metaspace       used 30682K, capacity 31010K, committed 31308K, reserved 1077248K
  class space    used 3523K, capacity 3643K, committed 3660K, reserved 1048576K
2015-10-08T09:21:15.237+0800: 56.972: [GC (Allocation Failure) 56.972: [ParNew
Desired survivor size 20112992 bytes, new threshold 8 (max 8)
- age   1:     379176 bytes,     379176 total
- age   2:     839472 bytes,    1218648 total
- age   3:     383024 bytes,    1601672 total
- age   4:     706272 bytes,    2307944 total
- age   5:     347800 bytes,    2655744 total
- age   6:     216640 bytes,    2872384 total
- age   7:     477488 bytes,    3349872 total
- age   8:     193800 bytes,    3543672 total
: 92015K->4957K(109248K), 0.0057750 secs] 195773K->109267K(502464K), 0.0058753 secs] [Times: user=0.00 sys=0.00, real=0.01 secs] 
Heap after GC invocations=70 (full 1):
 par new generation   total 109248K, used 4957K [0x00000000e0000000, 0x00000000e8000000, 0x00000000e8000000)
  eden space 87424K,   0% used [0x00000000e0000000, 0x00000000e0000000, 0x00000000e5560000)
  from space 21824K,  22% used [0x00000000e5560000, 0x00000000e5a376f0, 0x00000000e6ab0000)
  to   space 21824K,   0% used [0x00000000e6ab0000, 0x00000000e6ab0000, 0x00000000e8000000)
 concurrent mark-sweep generation total 393216K, used 104309K [0x00000000e8000000, 0x0000000100000000, 0x0000000100000000)
 Metaspace       used 30682K, capacity 31010K, committed 31308K, reserved 1077248K
  class space    used 3523K, capacity 3643K, committed 3660K, reserved 1048576K
}
2015-10-08T09:21:15.244+0800: 56.978: Total time for which application threads were stopped: 0.0061532 seconds, Stopping threads took: 0.0000391 seconds
{Heap before GC invocations=70 (full 1):
 par new generation   total 109248K, used 92381K [0x00000000e0000000, 0x00000000e8000000, 0x00000000e8000000)
  eden space 87424K, 100% used [0x00000000e0000000, 0x00000000e5560000, 0x00000000e5560000)
  from space 21824K,  22% used [0x00000000e5560000, 0x00000000e5a376f0, 0x00000000e6ab0000)
  to   space 21824K,   0% used [0x00000000e6ab0000, 0x00000000e6ab0000, 0x00000000e8000000)
 concurrent mark-sweep generation total 393216K, used 104309K [0x00000000e8000000, 0x0000000100000000, 0x0000000100000000)
 Metaspace       used 30682K, capacity 31010K, committed 31308K, reserved 1077248K
  class space    used 3523K, capacity 3643K, committed 3660K, reserved 1048576K
2015-10-08T09:21:15.321+0800: 57.055: [GC (Allocation Failure) 57.055: [ParNew
Desired survivor size 20112992 bytes, new threshold 8 (max 8)
- age   1:     713856 bytes,     713856 total
- age   2:     252416 bytes,     966272 total
- age   3:     839472 bytes,    1805744 total
- age   4:     383024 bytes,    2188768 total
- age   5:     706272 bytes,    2895040 total
- age   6:     347800 bytes,    3242840 total
- age   7:     206232 bytes,    3449072 total
- age   8:     477488 bytes,    3926560 total
: 92381K->4779K(109248K), 0.0057411 secs] 196691K->109278K(502464K), 0.0058331 secs] [Times: user=0.01 sys=0.00, real=0.00 secs] 
Heap after GC invocations=71 (full 1):
 par new generation   total 109248K, used 4779K [0x00000000e0000000, 0x00000000e8000000, 0x00000000e8000000)
  eden space 87424K,   0% used [0x00000000e0000000, 0x00000000e0000000, 0x00000000e5560000)
  from space 21824K,  21% used [0x00000000e6ab0000, 0x00000000e6f5ac00, 0x00000000e8000000)
  to   space 21824K,   0% used [0x00000000e5560000, 0x00000000e5560000, 0x00000000e6ab0000)
 concurrent mark-sweep generation total 393216K, used 104499K [0x00000000e8000000, 0x0000000100000000, 0x0000000100000000)
 Metaspace       used 30682K, capacity 31010K, committed 31308K, reserved 1077248K
  class space    used 3523K, capacity 3643K, committed 3660K, reserved 1048576K
}
2015-10-08T09:21:15.327+0800: 57.061: Total time for which application threads were stopped: 0.0060502 seconds, Stopping threads took: 0.0000304 seconds
{Heap before GC invocations=71 (full 1):
 par new generation   total 109248K, used 92203K [0x00000000e0000000, 0x00000000e8000000, 0x00000000e8000000)
  eden space 87424K, 100% used [0x00000000e0000000, 0x00000000e5560000, 0x00000000e5560000)
  from space 21824K,  21% used [0x00000000e6ab0000, 0x00000000e6f5ac00, 0x00000000e8000000)
  to   space 21824K,   0% used [0x00000000e5560000, 0x00000000e5560000, 0x00000000e6ab0000)
 concurrent mark-sweep generation total 393216K, used 104499K [0x00000000e8000000, 0x0000000100000000, 0x0000000100000000)
 Metaspace       used 30682K, capacity 31010K, committed 31308K, reserved 1077248K
  class space    used 3523K, capacity 3643K, committed 3660K, reserved 1048576K
2015-10-08T09:21:15.425+0800: 57.159: [GC (Allocation Failure) 57.159: [ParNew
Desired survivor size 20112992 bytes, new threshold 8 (max 8)
- age   1:     333208 bytes,     333208 total
- age   2:     588632 bytes,     921840 total
- age   3:     252416 bytes,    1174256 total
- age   4:     839472 bytes,    2013728 total
- age   5:     383024 bytes,    2396752 total
- age   6:     706272 bytes,    3103024 total
- age   7:     347800 bytes,    3450824 total
- age   8:     206232 bytes,    3657056 total
: 92203K->5962K(109248K), 0.0052319 secs] 196702K->110928K(502464K), 0.0053167 secs] [Times: user=0.00 sys=0.00, real=0.01 secs] 
Heap after GC invocations=72 (full 1):
 par new generation   total 109248K, used 5962K [0x00000000e0000000, 0x00000000e8000000, 0x00000000e8000000)
  eden space 87424K,   0% used [0x00000000e0000000, 0x00000000e0000000, 0x00000000e5560000)
  from space 21824K,  27% used [0x00000000e5560000, 0x00000000e5b32858, 0x00000000e6ab0000)
  to   space 21824K,   0% used [0x00000000e6ab0000, 0x00000000e6ab0000, 0x00000000e8000000)
 concurrent mark-sweep generation total 393216K, used 104966K [0x00000000e8000000, 0x0000000100000000, 0x0000000100000000)
 Metaspace       used 30682K, capacity 31010K, committed 31308K, reserved 1077248K
  class space    used 3523K, capacity 3643K, committed 3660K, reserved 1048576K
}
2015-10-08T09:21:15.431+0800: 57.165: Total time for which application threads were stopped: 0.0055449 seconds, Stopping threads took: 0.0000292 seconds
{Heap before GC invocations=72 (full 1):
 par new generation   total 109248K, used 93386K [0x00000000e0000000, 0x00000000e8000000, 0x00000000e8000000)
  eden space 87424K, 100% used [0x00000000e0000000, 0x00000000e5560000, 0x00000000e5560000)
  from space 21824K,  27% used [0x00000000e5560000, 0x00000000e5b32858, 0x00000000e6ab0000)
  to   space 21824K,   0% used [0x00000000e6ab0000, 0x00000000e6ab0000, 0x00000000e8000000)
 concurrent mark-sweep generation total 393216K, used 104966K [0x00000000e8000000, 0x0000000100000000, 0x0000000100000000)
 Metaspace       used 30682K, capacity 31010K, committed 31308K, reserved 1077248K
  class space    used 3523K, capacity 3643K, committed 3660K, reserved 1048576K
2015-10-08T09:21:15.500+0800: 57.235: [GC (Allocation Failure) 57.235: [ParNew
Desired survivor size 20112992 bytes, new threshold 8 (max 8)
- age   1:     580208 bytes,     580208 total
- age   2:     202312 bytes,     782520 total
- age   3:     588632 bytes,    1371152 total
- age   4:     252416 bytes,    1623568 total
- age   5:     839472 bytes,    2463040 total
- age   6:     383024 bytes,    2846064 total
- age   7:     706272 bytes,    3552336 total
- age   8:     309624 bytes,    3861960 total
: 93386K->5366K(109248K), 0.0065325 secs] 198352K->110534K(502464K), 0.0066320 secs] [Times: user=0.00 sys=0.00, real=0.01 secs] 
Heap after GC invocations=73 (full 1):
 par new generation   total 109248K, used 5366K [0x00000000e0000000, 0x00000000e8000000, 0x00000000e8000000)
  eden space 87424K,   0% used [0x00000000e0000000, 0x00000000e0000000, 0x00000000e5560000)
  from space 21824K,  24% used [0x00000000e6ab0000, 0x00000000e6fed8e8, 0x00000000e8000000)
  to   space 21824K,   0% used [0x00000000e5560000, 0x00000000e5560000, 0x00000000e6ab0000)
 concurrent mark-sweep generation total 393216K, used 105167K [0x00000000e8000000, 0x0000000100000000, 0x0000000100000000)
 Metaspace       used 30682K, capacity 31010K, committed 31308K, reserved 1077248K
  class space    used 3523K, capacity 3643K, committed 3660K, reserved 1048576K
}
2015-10-08T09:21:15.507+0800: 57.242: Total time for which application threads were stopped: 0.0069537 seconds, Stopping threads took: 0.0000900 seconds
{Heap before GC invocations=73 (full 1):
 par new generation   total 109248K, used 92790K [0x00000000e0000000, 0x00000000e8000000, 0x00000000e8000000)
  eden space 87424K, 100% used [0x00000000e0000000, 0x00000000e5560000, 0x00000000e5560000)
  from space 21824K,  24% used [0x00000000e6ab0000, 0x00000000e6fed8e8, 0x00000000e8000000)
  to   space 21824K,   0% used [0x00000000e5560000, 0x00000000e5560000, 0x00000000e6ab0000)
 concurrent mark-sweep generation total 393216K, used 105167K [0x00000000e8000000, 0x0000000100000000, 0x0000000100000000)
 Metaspace       used 30682K, capacity 31010K, committed 31308K, reserved 1077248K
  class space    used 3523K, capacity 3643K, committed 3660K, reserved 1048576K
2015-10-08T09:21:15.659+0800: 57.393: [GC (Allocation Failure) 57.393: [ParNew
Desired survivor size 20112992 bytes, new threshold 8 (max 8)
- age   1:     462240 bytes,     462240 total
- age   2:     416016 bytes,     878256 total
- age   3:     202312 bytes,    1080568 total
- age   4:     588632 bytes,    1669200 total
- age   5:     285200 bytes,    1954400 total
- age   6:     839472 bytes,    2793872 total
- age   7:     383024 bytes,    3176896 total
- age   8:     706272 bytes,    3883168 total
: 92790K->5046K(109248K), 0.0061619 secs] 197958K->110517K(502464K), 0.0062436 secs] [Times: user=0.00 sys=0.00, real=0.01 secs] 
Heap after GC invocations=74 (full 1):
 par new generation   total 109248K, used 5046K [0x00000000e0000000, 0x00000000e8000000, 0x00000000e8000000)
  eden space 87424K,   0% used [0x00000000e0000000, 0x00000000e0000000, 0x00000000e5560000)
  from space 21824K,  23% used [0x00000000e5560000, 0x00000000e5a4dbf8, 0x00000000e6ab0000)
  to   space 21824K,   0% used [0x00000000e6ab0000, 0x00000000e6ab0000, 0x00000000e8000000)
 concurrent mark-sweep generation total 393216K, used 105470K [0x00000000e8000000, 0x0000000100000000, 0x0000000100000000)
 Metaspace       used 30682K, capacity 31010K, committed 31308K, reserved 1077248K
  class space    used 3523K, capacity 3643K, committed 3660K, reserved 1048576K
}
2015-10-08T09:21:15.666+0800: 57.400: Total time for which application threads were stopped: 0.0065167 seconds, Stopping threads took: 0.0000320 seconds
{Heap before GC invocations=74 (full 1):
 par new generation   total 109248K, used 92470K [0x00000000e0000000, 0x00000000e8000000, 0x00000000e8000000)
  eden space 87424K, 100% used [0x00000000e0000000, 0x00000000e5560000, 0x00000000e5560000)
  from space 21824K,  23% used [0x00000000e5560000, 0x00000000e5a4dbf8, 0x00000000e6ab0000)
  to   space 21824K,   0% used [0x00000000e6ab0000, 0x00000000e6ab0000, 0x00000000e8000000)
 concurrent mark-sweep generation total 393216K, used 105470K [0x00000000e8000000, 0x0000000100000000, 0x0000000100000000)
 Metaspace       used 30682K, capacity 31010K, committed 31308K, reserved 1077248K
  class space    used 3523K, capacity 3643K, committed 3660K, reserved 1048576K
2015-10-08T09:21:15.795+0800: 57.529: [GC (Allocation Failure) 57.529: [ParNew
Desired survivor size 20112992 bytes, new threshold 8 (max 8)
- age   1:     421832 bytes,     421832 total
- age   2:     336872 bytes,     758704 total
- age   3:     416016 bytes,    1174720 total
- age   4:     192920 bytes,    1367640 total
- age   5:     576936 bytes,    1944576 total
- age   6:     252416 bytes,    2196992 total
- age   7:     839472 bytes,    3036464 total
- age   8:     383024 bytes,    3419488 total
: 92470K->3746K(109248K), 0.0060904 secs] 197941K->109907K(502464K), 0.0061852 secs] [Times: user=0.00 sys=0.00, real=0.01 secs] 
Heap after GC invocations=75 (full 1):
 par new generation   total 109248K, used 3746K [0x00000000e0000000, 0x00000000e8000000, 0x00000000e8000000)
  eden space 87424K,   0% used [0x00000000e0000000, 0x00000000e0000000, 0x00000000e5560000)
  from space 21824K,  17% used [0x00000000e6ab0000, 0x00000000e6e58a10, 0x00000000e8000000)
  to   space 21824K,   0% used [0x00000000e5560000, 0x00000000e5560000, 0x00000000e6ab0000)
 concurrent mark-sweep generation total 393216K, used 106160K [0x00000000e8000000, 0x0000000100000000, 0x0000000100000000)
 Metaspace       used 30682K, capacity 31010K, committed 31308K, reserved 1077248K
  class space    used 3523K, capacity 3643K, committed 3660K, reserved 1048576K
}
2015-10-08T09:21:15.801+0800: 57.535: Total time for which application threads were stopped: 0.0064181 seconds, Stopping threads took: 0.0000296 seconds
{Heap before GC invocations=75 (full 1):
 par new generation   total 109248K, used 91170K [0x00000000e0000000, 0x00000000e8000000, 0x00000000e8000000)
  eden space 87424K, 100% used [0x00000000e0000000, 0x00000000e5560000, 0x00000000e5560000)
  from space 21824K,  17% used [0x00000000e6ab0000, 0x00000000e6e58a10, 0x00000000e8000000)
  to   space 21824K,   0% used [0x00000000e5560000, 0x00000000e5560000, 0x00000000e6ab0000)
 concurrent mark-sweep generation total 393216K, used 106160K [0x00000000e8000000, 0x0000000100000000, 0x0000000100000000)
 Metaspace       used 30682K, capacity 31010K, committed 31308K, reserved 1077248K
  class space    used 3523K, capacity 3643K, committed 3660K, reserved 1048576K
2015-10-08T09:21:15.923+0800: 57.657: [GC (Allocation Failure) 57.657: [ParNew
Desired survivor size 20112992 bytes, new threshold 8 (max 8)
- age   1:     393408 bytes,     393408 total
- age   2:     293248 bytes,     686656 total
- age   3:     336872 bytes,    1023528 total
- age   4:     416016 bytes,    1439544 total
- age   5:     192920 bytes,    1632464 total
- age   6:     576936 bytes,    2209400 total
- age   7:     252416 bytes,    2461816 total
- age   8:     839472 bytes,    3301288 total
: 91170K->5006K(109248K), 0.0057174 secs] 197331K->111541K(502464K), 0.0058729 secs] [Times: user=0.00 sys=0.00, real=0.01 secs] 
Heap after GC invocations=76 (full 1):
 par new generation   total 109248K, used 5006K [0x00000000e0000000, 0x00000000e8000000, 0x00000000e8000000)
  eden space 87424K,   0% used [0x00000000e0000000, 0x00000000e0000000, 0x00000000e5560000)
  from space 21824K,  22% used [0x00000000e5560000, 0x00000000e5a439e8, 0x00000000e6ab0000)
  to   space 21824K,   0% used [0x00000000e6ab0000, 0x00000000e6ab0000, 0x00000000e8000000)
 concurrent mark-sweep generation total 393216K, used 106535K [0x00000000e8000000, 0x0000000100000000, 0x0000000100000000)
 Metaspace       used 30682K, capacity 31010K, committed 31308K, reserved 1077248K
  class space    used 3523K, capacity 3643K, committed 3660K, reserved 1048576K
}
2015-10-08T09:21:15.929+0800: 57.663: Total time for which application threads were stopped: 0.0061011 seconds, Stopping threads took: 0.0000288 seconds
{Heap before GC invocations=76 (full 1):
 par new generation   total 109248K, used 92430K [0x00000000e0000000, 0x00000000e8000000, 0x00000000e8000000)
  eden space 87424K, 100% used [0x00000000e0000000, 0x00000000e5560000, 0x00000000e5560000)
  from space 21824K,  22% used [0x00000000e5560000, 0x00000000e5a439e8, 0x00000000e6ab0000)
  to   space 21824K,   0% used [0x00000000e6ab0000, 0x00000000e6ab0000, 0x00000000e8000000)
 concurrent mark-sweep generation total 393216K, used 106535K [0x00000000e8000000, 0x0000000100000000, 0x0000000100000000)
 Metaspace       used 30682K, capacity 31010K, committed 31308K, reserved 1077248K
  class space    used 3523K, capacity 3643K, committed 3660K, reserved 1048576K
2015-10-08T09:21:16.032+0800: 57.766: [GC (Allocation Failure) 57.766: [ParNew
Desired survivor size 20112992 bytes, new threshold 8 (max 8)
- age   1:     488512 bytes,     488512 total
- age   2:     223496 bytes,     712008 total
- age   3:     293248 bytes,    1005256 total
- age   4:     336872 bytes,    1342128 total
- age   5:     448800 bytes,    1790928 total
- age   6:     192920 bytes,    1983848 total
- age   7:     576936 bytes,    2560784 total
- age   8:     252416 bytes,    2813200 total
: 92430K->3660K(109248K), 0.0063296 secs] 198965K->111016K(502464K), 0.0064074 secs] [Times: user=0.00 sys=0.00, real=0.01 secs] 
Heap after GC invocations=77 (full 1):
 par new generation   total 109248K, used 3660K [0x00000000e0000000, 0x00000000e8000000, 0x00000000e8000000)
  eden space 87424K,   0% used [0x00000000e0000000, 0x00000000e0000000, 0x00000000e5560000)
  from space 21824K,  16% used [0x00000000e6ab0000, 0x00000000e6e432d0, 0x00000000e8000000)
  to   space 21824K,   0% used [0x00000000e5560000, 0x00000000e5560000, 0x00000000e6ab0000)
 concurrent mark-sweep generation total 393216K, used 107355K [0x00000000e8000000, 0x0000000100000000, 0x0000000100000000)
 Metaspace       used 30682K, capacity 31010K, committed 31308K, reserved 1077248K
  class space    used 3523K, capacity 3643K, committed 3660K, reserved 1048576K
}
2015-10-08T09:21:16.038+0800: 57.773: Total time for which application threads were stopped: 0.0066308 seconds, Stopping threads took: 0.0000245 seconds
{Heap before GC invocations=77 (full 1):
 par new generation   total 109248K, used 91084K [0x00000000e0000000, 0x00000000e8000000, 0x00000000e8000000)
  eden space 87424K, 100% used [0x00000000e0000000, 0x00000000e5560000, 0x00000000e5560000)
  from space 21824K,  16% used [0x00000000e6ab0000, 0x00000000e6e432d0, 0x00000000e8000000)
  to   space 21824K,   0% used [0x00000000e5560000, 0x00000000e5560000, 0x00000000e6ab0000)
 concurrent mark-sweep generation total 393216K, used 107355K [0x00000000e8000000, 0x0000000100000000, 0x0000000100000000)
 Metaspace       used 30682K, capacity 31010K, committed 31308K, reserved 1077248K
  class space    used 3523K, capacity 3643K, committed 3660K, reserved 1048576K
2015-10-08T09:21:16.184+0800: 57.919: [GC (Allocation Failure) 57.919: [ParNew
Desired survivor size 20112992 bytes, new threshold 8 (max 8)
- age   1:     509784 bytes,     509784 total
- age   2:     362920 bytes,     872704 total
- age   3:     223496 bytes,    1096200 total
- age   4:     293248 bytes,    1389448 total
- age   5:     336872 bytes,    1726320 total
- age   6:     448800 bytes,    2175120 total
- age   7:     192920 bytes,    2368040 total
- age   8:     576936 bytes,    2944976 total
: 91084K->3704K(109248K), 0.0070311 secs] 198440K->111277K(502464K), 0.0071258 secs] [Times: user=0.00 sys=0.00, real=0.01 secs] 
Heap after GC invocations=78 (full 1):
 par new generation   total 109248K, used 3704K [0x00000000e0000000, 0x00000000e8000000, 0x00000000e8000000)
  eden space 87424K,   0% used [0x00000000e0000000, 0x00000000e0000000, 0x00000000e5560000)
  from space 21824K,  16% used [0x00000000e5560000, 0x00000000e58fe190, 0x00000000e6ab0000)
  to   space 21824K,   0% used [0x00000000e6ab0000, 0x00000000e6ab0000, 0x00000000e8000000)
 concurrent mark-sweep generation total 393216K, used 107573K [0x00000000e8000000, 0x0000000100000000, 0x0000000100000000)
 Metaspace       used 30682K, capacity 31010K, committed 31308K, reserved 1077248K
  class space    used 3523K, capacity 3643K, committed 3660K, reserved 1048576K
}
2015-10-08T09:21:16.192+0800: 57.926: Total time for which application threads were stopped: 0.0073875 seconds, Stopping threads took: 0.0000442 seconds
{Heap before GC invocations=78 (full 1):
 par new generation   total 109248K, used 91128K [0x00000000e0000000, 0x00000000e8000000, 0x00000000e8000000)
  eden space 87424K, 100% used [0x00000000e0000000, 0x00000000e5560000, 0x00000000e5560000)
  from space 21824K,  16% used [0x00000000e5560000, 0x00000000e58fe190, 0x00000000e6ab0000)
  to   space 21824K,   0% used [0x00000000e6ab0000, 0x00000000e6ab0000, 0x00000000e8000000)
 concurrent mark-sweep generation total 393216K, used 107573K [0x00000000e8000000, 0x0000000100000000, 0x0000000100000000)
 Metaspace       used 30683K, capacity 31010K, committed 31308K, reserved 1077248K
  class space    used 3523K, capacity 3643K, committed 3660K, reserved 1048576K
2015-10-08T09:21:16.308+0800: 58.042: [GC (Allocation Failure) 58.042: [ParNew
Desired survivor size 20112992 bytes, new threshold 8 (max 8)
- age   1:     460192 bytes,     460192 total
- age   2:     383320 bytes,     843512 total
- age   3:     362920 bytes,    1206432 total
- age   4:     223496 bytes,    1429928 total
- age   5:     293248 bytes,    1723176 total
- age   6:     336872 bytes,    2060048 total
- age   7:     416016 bytes,    2476064 total
- age   8:     192920 bytes,    2668984 total
: 91128K->3694K(109248K), 0.0060565 secs] 198701K->111832K(502464K), 0.0061417 secs] [Times: user=0.05 sys=0.00, real=0.01 secs] 
Heap after GC invocations=79 (full 1):
 par new generation   total 109248K, used 3694K [0x00000000e0000000, 0x00000000e8000000, 0x00000000e8000000)
  eden space 87424K,   0% used [0x00000000e0000000, 0x00000000e0000000, 0x00000000e5560000)
  from space 21824K,  16% used [0x00000000e6ab0000, 0x00000000e6e4bb88, 0x00000000e8000000)
  to   space 21824K,   0% used [0x00000000e5560000, 0x00000000e5560000, 0x00000000e6ab0000)
 concurrent mark-sweep generation total 393216K, used 108137K [0x00000000e8000000, 0x0000000100000000, 0x0000000100000000)
 Metaspace       used 30683K, capacity 31010K, committed 31308K, reserved 1077248K
  class space    used 3523K, capacity 3643K, committed 3660K, reserved 1048576K
}
2015-10-08T09:21:16.314+0800: 58.048: Total time for which application threads were stopped: 0.0063648 seconds, Stopping threads took: 0.0000272 seconds
{Heap before GC invocations=79 (full 1):
 par new generation   total 109248K, used 91118K [0x00000000e0000000, 0x00000000e8000000, 0x00000000e8000000)
  eden space 87424K, 100% used [0x00000000e0000000, 0x00000000e5560000, 0x00000000e5560000)
  from space 21824K,  16% used [0x00000000e6ab0000, 0x00000000e6e4bb88, 0x00000000e8000000)
  to   space 21824K,   0% used [0x00000000e5560000, 0x00000000e5560000, 0x00000000e6ab0000)
 concurrent mark-sweep generation total 393216K, used 108137K [0x00000000e8000000, 0x0000000100000000, 0x0000000100000000)
 Metaspace       used 30683K, capacity 31010K, committed 31308K, reserved 1077248K
  class space    used 3523K, capacity 3643K, committed 3660K, reserved 1048576K
2015-10-08T09:21:16.405+0800: 58.139: [GC (Allocation Failure) 58.140: [ParNew
Desired survivor size 20112992 bytes, new threshold 8 (max 8)
- age   1:     383656 bytes,     383656 total
- age   2:     335248 bytes,     718904 total
- age   3:     383344 bytes,    1102248 total
- age   4:     362920 bytes,    1465168 total
- age   5:     223496 bytes,    1688664 total
- age   6:     293248 bytes,    1981912 total
- age   7:     336872 bytes,    2318784 total
- age   8:     448800 bytes,    2767584 total
: 91118K->3611K(109248K), 0.0066435 secs] 199256K->111937K(502464K), 0.0067402 secs] [Times: user=0.00 sys=0.00, real=0.01 secs] 
Heap after GC invocations=80 (full 1):
 par new generation   total 109248K, used 3611K [0x00000000e0000000, 0x00000000e8000000, 0x00000000e8000000)
  eden space 87424K,   0% used [0x00000000e0000000, 0x00000000e0000000, 0x00000000e5560000)
  from space 21824K,  16% used [0x00000000e5560000, 0x00000000e58e6e70, 0x00000000e6ab0000)
  to   space 21824K,   0% used [0x00000000e6ab0000, 0x00000000e6ab0000, 0x00000000e8000000)
 concurrent mark-sweep generation total 393216K, used 108326K [0x00000000e8000000, 0x0000000100000000, 0x0000000100000000)
 Metaspace       used 30683K, capacity 31010K, committed 31308K, reserved 1077248K
  class space    used 3523K, capacity 3643K, committed 3660K, reserved 1048576K
}
2015-10-08T09:21:16.412+0800: 58.146: Total time for which application threads were stopped: 0.0070283 seconds, Stopping threads took: 0.0000651 seconds
{Heap before GC invocations=80 (full 1):
 par new generation   total 109248K, used 91035K [0x00000000e0000000, 0x00000000e8000000, 0x00000000e8000000)
  eden space 87424K, 100% used [0x00000000e0000000, 0x00000000e5560000, 0x00000000e5560000)
  from space 21824K,  16% used [0x00000000e5560000, 0x00000000e58e6e70, 0x00000000e6ab0000)
  to   space 21824K,   0% used [0x00000000e6ab0000, 0x00000000e6ab0000, 0x00000000e8000000)
 concurrent mark-sweep generation total 393216K, used 108326K [0x00000000e8000000, 0x0000000100000000, 0x0000000100000000)
 Metaspace       used 30683K, capacity 31010K, committed 31308K, reserved 1077248K
  class space    used 3523K, capacity 3643K, committed 3660K, reserved 1048576K
2015-10-08T09:21:16.502+0800: 58.236: [GC (Allocation Failure) 58.236: [ParNew
Desired survivor size 20112992 bytes, new threshold 8 (max 8)
- age   1:     896744 bytes,     896744 total
- age   2:     254752 bytes,    1151496 total
- age   3:     335248 bytes,    1486744 total
- age   4:     383320 bytes,    1870064 total
- age   5:     362920 bytes,    2232984 total
- age   6:     223496 bytes,    2456480 total
- age   7:     293248 bytes,    2749728 total
- age   8:     336872 bytes,    3086600 total
: 91035K->3989K(109248K), 0.0066971 secs] 199361K->112680K(502464K), 0.0067820 secs] [Times: user=0.00 sys=0.00, real=0.01 secs] 
Heap after GC invocations=81 (full 1):
 par new generation   total 109248K, used 3989K [0x00000000e0000000, 0x00000000e8000000, 0x00000000e8000000)
  eden space 87424K,   0% used [0x00000000e0000000, 0x00000000e0000000, 0x00000000e5560000)
  from space 21824K,  18% used [0x00000000e6ab0000, 0x00000000e6e955c0, 0x00000000e8000000)
  to   space 21824K,   0% used [0x00000000e5560000, 0x00000000e5560000, 0x00000000e6ab0000)
 concurrent mark-sweep generation total 393216K, used 108691K [0x00000000e8000000, 0x0000000100000000, 0x0000000100000000)
 Metaspace       used 30683K, capacity 31010K, committed 31308K, reserved 1077248K
  class space    used 3523K, capacity 3643K, committed 3660K, reserved 1048576K
}
2015-10-08T09:21:16.509+0800: 58.243: Total time for which application threads were stopped: 0.0070129 seconds, Stopping threads took: 0.0000363 seconds
{Heap before GC invocations=81 (full 1):
 par new generation   total 109248K, used 91413K [0x00000000e0000000, 0x00000000e8000000, 0x00000000e8000000)
  eden space 87424K, 100% used [0x00000000e0000000, 0x00000000e5560000, 0x00000000e5560000)
  from space 21824K,  18% used [0x00000000e6ab0000, 0x00000000e6e955c0, 0x00000000e8000000)
  to   space 21824K,   0% used [0x00000000e5560000, 0x00000000e5560000, 0x00000000e6ab0000)
 concurrent mark-sweep generation total 393216K, used 108691K [0x00000000e8000000, 0x0000000100000000, 0x0000000100000000)
 Metaspace       used 30683K, capacity 31010K, committed 31308K, reserved 1077248K
  class space    used 3523K, capacity 3643K, committed 3660K, reserved 1048576K
2015-10-08T09:21:16.649+0800: 58.384: [GC (Allocation Failure) 58.384: [ParNew
Desired survivor size 20112992 bytes, new threshold 8 (max 8)
- age   1:     918816 bytes,     918816 total
- age   2:     648840 bytes,    1567656 total
- age   3:     287536 bytes,    1855192 total
- age   4:     302960 bytes,    2158152 total
- age   5:     345304 bytes,    2503456 total
- age   6:     362920 bytes,    2866376 total
- age   7:     223496 bytes,    3089872 total
- age   8:     232328 bytes,    3322200 total
: 91413K->4361K(109248K), 0.0076268 secs] 200104K->113381K(502464K), 0.0077302 secs] [Times: user=0.03 sys=0.02, real=0.01 secs] 
Heap after GC invocations=82 (full 1):
 par new generation   total 109248K, used 4361K [0x00000000e0000000, 0x00000000e8000000, 0x00000000e8000000)
  eden space 87424K,   0% used [0x00000000e0000000, 0x00000000e0000000, 0x00000000e5560000)
  from space 21824K,  19% used [0x00000000e5560000, 0x00000000e59a25d0, 0x00000000e6ab0000)
  to   space 21824K,   0% used [0x00000000e6ab0000, 0x00000000e6ab0000, 0x00000000e8000000)
 concurrent mark-sweep generation total 393216K, used 109020K [0x00000000e8000000, 0x0000000100000000, 0x0000000100000000)
 Metaspace       used 30683K, capacity 31010K, committed 31308K, reserved 1077248K
  class space    used 3523K, capacity 3643K, committed 3660K, reserved 1048576K
}
2015-10-08T09:21:16.657+0800: 58.391: Total time for which application threads were stopped: 0.0080199 seconds, Stopping threads took: 0.0000264 seconds
{Heap before GC invocations=82 (full 1):
 par new generation   total 109248K, used 91785K [0x00000000e0000000, 0x00000000e8000000, 0x00000000e8000000)
  eden space 87424K, 100% used [0x00000000e0000000, 0x00000000e5560000, 0x00000000e5560000)
  from space 21824K,  19% used [0x00000000e5560000, 0x00000000e59a25d0, 0x00000000e6ab0000)
  to   space 21824K,   0% used [0x00000000e6ab0000, 0x00000000e6ab0000, 0x00000000e8000000)
 concurrent mark-sweep generation total 393216K, used 109020K [0x00000000e8000000, 0x0000000100000000, 0x0000000100000000)
 Metaspace       used 30683K, capacity 31010K, committed 31308K, reserved 1077248K
  class space    used 3523K, capacity 3643K, committed 3660K, reserved 1048576K
2015-10-08T09:21:16.751+0800: 58.486: [GC (Allocation Failure) 58.486: [ParNew
Desired survivor size 20112992 bytes, new threshold 8 (max 8)
- age   1:     888400 bytes,     888400 total
- age   2:     835144 bytes,    1723544 total
- age   3:     648840 bytes,    2372384 total
- age   4:     254752 bytes,    2627136 total
- age   5:     293672 bytes,    2920808 total
- age   6:     345304 bytes,    3266112 total
- age   7:     362920 bytes,    3629032 total
- age   8:     223496 bytes,    3852528 total
: 91785K->4498K(109248K), 0.0074183 secs] 200805K->113745K(502464K), 0.0075052 secs] [Times: user=0.00 sys=0.00, real=0.01 secs] 
Heap after GC invocations=83 (full 1):
 par new generation   total 109248K, used 4498K [0x00000000e0000000, 0x00000000e8000000, 0x00000000e8000000)
  eden space 87424K,   0% used [0x00000000e0000000, 0x00000000e0000000, 0x00000000e5560000)
  from space 21824K,  20% used [0x00000000e6ab0000, 0x00000000e6f148c8, 0x00000000e8000000)
  to   space 21824K,   0% used [0x00000000e5560000, 0x00000000e5560000, 0x00000000e6ab0000)
 concurrent mark-sweep generation total 393216K, used 109247K [0x00000000e8000000, 0x0000000100000000, 0x0000000100000000)
 Metaspace       used 30683K, capacity 31010K, committed 31308K, reserved 1077248K
  class space    used 3523K, capacity 3643K, committed 3660K, reserved 1048576K
}
2015-10-08T09:21:16.759+0800: 58.494: Total time for which application threads were stopped: 0.0077171 seconds, Stopping threads took: 0.0000276 seconds
{Heap before GC invocations=83 (full 1):
 par new generation   total 109248K, used 91922K [0x00000000e0000000, 0x00000000e8000000, 0x00000000e8000000)
  eden space 87424K, 100% used [0x00000000e0000000, 0x00000000e5560000, 0x00000000e5560000)
  from space 21824K,  20% used [0x00000000e6ab0000, 0x00000000e6f148c8, 0x00000000e8000000)
  to   space 21824K,   0% used [0x00000000e5560000, 0x00000000e5560000, 0x00000000e6ab0000)
 concurrent mark-sweep generation total 393216K, used 109247K [0x00000000e8000000, 0x0000000100000000, 0x0000000100000000)
 Metaspace       used 30735K, capacity 31074K, committed 31308K, reserved 1077248K
  class space    used 3523K, capacity 3643K, committed 3660K, reserved 1048576K
2015-10-08T09:21:17.082+0800: 58.817: [GC (Allocation Failure) 58.817: [ParNew
Desired survivor size 20112992 bytes, new threshold 8 (max 8)
- age   1:     947304 bytes,     947304 total
- age   2:     761968 bytes,    1709272 total
- age   3:     875360 bytes,    2584632 total
- age   4:     648840 bytes,    3233472 total
- age   5:     254752 bytes,    3488224 total
- age   6:     293672 bytes,    3781896 total
- age   7:     345304 bytes,    4127200 total
- age   8:     362920 bytes,    4490120 total
: 91922K->6894K(109248K), 0.0076962 secs] 201169K->116361K(502464K), 0.0078154 secs] [Times: user=0.00 sys=0.02, real=0.01 secs] 
Heap after GC invocations=84 (full 1):
 par new generation   total 109248K, used 6894K [0x00000000e0000000, 0x00000000e8000000, 0x00000000e8000000)
  eden space 87424K,   0% used [0x00000000e0000000, 0x00000000e0000000, 0x00000000e5560000)
  from space 21824K,  31% used [0x00000000e5560000, 0x00000000e5c1bbb0, 0x00000000e6ab0000)
  to   space 21824K,   0% used [0x00000000e6ab0000, 0x00000000e6ab0000, 0x00000000e8000000)
 concurrent mark-sweep generation total 393216K, used 109466K [0x00000000e8000000, 0x0000000100000000, 0x0000000100000000)
 Metaspace       used 30735K, capacity 31074K, committed 31308K, reserved 1077248K
  class space    used 3523K, capacity 3643K, committed 3660K, reserved 1048576K
}
2015-10-08T09:21:17.090+0800: 58.825: Total time for which application threads were stopped: 0.0557865 seconds, Stopping threads took: 0.0476529 seconds
{Heap before GC invocations=84 (full 1):
 par new generation   total 109248K, used 94318K [0x00000000e0000000, 0x00000000e8000000, 0x00000000e8000000)
  eden space 87424K, 100% used [0x00000000e0000000, 0x00000000e5560000, 0x00000000e5560000)
  from space 21824K,  31% used [0x00000000e5560000, 0x00000000e5c1bbb0, 0x00000000e6ab0000)
  to   space 21824K,   0% used [0x00000000e6ab0000, 0x00000000e6ab0000, 0x00000000e8000000)
 concurrent mark-sweep generation total 393216K, used 109466K [0x00000000e8000000, 0x0000000100000000, 0x0000000100000000)
 Metaspace       used 30753K, capacity 31074K, committed 31308K, reserved 1077248K
  class space    used 3523K, capacity 3643K, committed 3660K, reserved 1048576K
2015-10-08T09:21:17.361+0800: 59.096: [GC (Allocation Failure) 59.096: [ParNew
Desired survivor size 20112992 bytes, new threshold 8 (max 8)
- age   1:     333488 bytes,     333488 total
- age   2:     799048 bytes,    1132536 total
- age   3:     761968 bytes,    1894504 total
- age   4:     835144 bytes,    2729648 total
- age   5:     779976 bytes,    3509624 total
- age   6:     287536 bytes,    3797160 total
- age   7:     424808 bytes,    4221968 total
- age   8:     410872 bytes,    4632840 total
: 94318K->5526K(109248K), 0.0066529 secs] 203785K->115347K(502464K), 0.0067544 secs] [Times: user=0.00 sys=0.00, real=0.01 secs] 
Heap after GC invocations=85 (full 1):
 par new generation   total 109248K, used 5526K [0x00000000e0000000, 0x00000000e8000000, 0x00000000e8000000)
  eden space 87424K,   0% used [0x00000000e0000000, 0x00000000e0000000, 0x00000000e5560000)
  from space 21824K,  25% used [0x00000000e6ab0000, 0x00000000e70159c0, 0x00000000e8000000)
  to   space 21824K,   0% used [0x00000000e5560000, 0x00000000e5560000, 0x00000000e6ab0000)
 concurrent mark-sweep generation total 393216K, used 109821K [0x00000000e8000000, 0x0000000100000000, 0x0000000100000000)
 Metaspace       used 30753K, capacity 31074K, committed 31308K, reserved 1077248K
  class space    used 3523K, capacity 3643K, committed 3660K, reserved 1048576K
}
2015-10-08T09:21:17.368+0800: 59.102: Total time for which application threads were stopped: 0.0070571 seconds, Stopping threads took: 0.0000430 seconds
{Heap before GC invocations=85 (full 1):
 par new generation   total 109248K, used 92950K [0x00000000e0000000, 0x00000000e8000000, 0x00000000e8000000)
  eden space 87424K, 100% used [0x00000000e0000000, 0x00000000e5560000, 0x00000000e5560000)
  from space 21824K,  25% used [0x00000000e6ab0000, 0x00000000e70159c0, 0x00000000e8000000)
  to   space 21824K,   0% used [0x00000000e5560000, 0x00000000e5560000, 0x00000000e6ab0000)
 concurrent mark-sweep generation total 393216K, used 109821K [0x00000000e8000000, 0x0000000100000000, 0x0000000100000000)
 Metaspace       used 30778K, capacity 31074K, committed 31308K, reserved 1077248K
  class space    used 3523K, capacity 3643K, committed 3660K, reserved 1048576K
2015-10-08T09:21:17.604+0800: 59.339: [GC (Allocation Failure) 59.339: [ParNew
Desired survivor size 20112992 bytes, new threshold 8 (max 8)
- age   1:     514312 bytes,     514312 total
- age   2:     184936 bytes,     699248 total
- age   3:     798488 bytes,    1497736 total
- age   4:     750272 bytes,    2248008 total
- age   5:     835144 bytes,    3083152 total
- age   6:     648840 bytes,    3731992 total
- age   7:     254752 bytes,    3986744 total
- age   8:     276992 bytes,    4263736 total
: 92950K->5517K(109248K), 0.0072095 secs] 202771K->115676K(502464K), 0.0073161 secs] [Times: user=0.05 sys=0.00, real=0.01 secs] 
Heap after GC invocations=86 (full 1):
 par new generation   total 109248K, used 5517K [0x00000000e0000000, 0x00000000e8000000, 0x00000000e8000000)
  eden space 87424K,   0% used [0x00000000e0000000, 0x00000000e0000000, 0x00000000e5560000)
  from space 21824K,  25% used [0x00000000e5560000, 0x00000000e5ac3490, 0x00000000e6ab0000)
  to   space 21824K,   0% used [0x00000000e6ab0000, 0x00000000e6ab0000, 0x00000000e8000000)
 concurrent mark-sweep generation total 393216K, used 110159K [0x00000000e8000000, 0x0000000100000000, 0x0000000100000000)
 Metaspace       used 30778K, capacity 31074K, committed 31308K, reserved 1077248K
  class space    used 3523K, capacity 3643K, committed 3660K, reserved 1048576K
}
2015-10-08T09:21:17.611+0800: 59.346: Total time for which application threads were stopped: 0.0076196 seconds, Stopping threads took: 0.0000383 seconds
{Heap before GC invocations=86 (full 1):
 par new generation   total 109248K, used 92930K [0x00000000e0000000, 0x00000000e8000000, 0x00000000e8000000)
  eden space 87424K,  99% used [0x00000000e0000000, 0x00000000e555d598, 0x00000000e5560000)
  from space 21824K,  25% used [0x00000000e5560000, 0x00000000e5ac3490, 0x00000000e6ab0000)
  to   space 21824K,   0% used [0x00000000e6ab0000, 0x00000000e6ab0000, 0x00000000e8000000)
 concurrent mark-sweep generation total 393216K, used 110159K [0x00000000e8000000, 0x0000000100000000, 0x0000000100000000)
 Metaspace       used 30781K, capacity 31074K, committed 31308K, reserved 1077248K
  class space    used 3523K, capacity 3643K, committed 3660K, reserved 1048576K
2015-10-08T09:21:17.760+0800: 59.494: [GC (Allocation Failure) 59.494: [ParNew
Desired survivor size 20112992 bytes, new threshold 8 (max 8)
- age   1:     461656 bytes,     461656 total
- age   2:     365136 bytes,     826792 total
- age   3:     184776 bytes,    1011568 total
- age   4:     798464 bytes,    1810032 total
- age   5:     750272 bytes,    2560304 total
- age   6:     739904 bytes,    3300208 total
- age   7:     653656 bytes,    3953864 total
- age   8:     254752 bytes,    4208616 total
: 92930K->5074K(109248K), 0.0074408 secs] 203089K->115496K(502464K), 0.0075486 secs] [Times: user=0.05 sys=0.00, real=0.01 secs] 
Heap after GC invocations=87 (full 1):
 par new generation   total 109248K, used 5074K [0x00000000e0000000, 0x00000000e8000000, 0x00000000e8000000)
  eden space 87424K,   0% used [0x00000000e0000000, 0x00000000e0000000, 0x00000000e5560000)
  from space 21824K,  23% used [0x00000000e6ab0000, 0x00000000e6fa4be0, 0x00000000e8000000)
  to   space 21824K,   0% used [0x00000000e5560000, 0x00000000e5560000, 0x00000000e6ab0000)
 concurrent mark-sweep generation total 393216K, used 110421K [0x00000000e8000000, 0x0000000100000000, 0x0000000100000000)
 Metaspace       used 30781K, capacity 31074K, committed 31308K, reserved 1077248K
  class space    used 3523K, capacity 3643K, committed 3660K, reserved 1048576K
}
2015-10-08T09:21:17.768+0800: 59.501: Total time for which application threads were stopped: 0.0078636 seconds, Stopping threads took: 0.0000434 seconds
{Heap before GC invocations=87 (full 1):
 par new generation   total 109248K, used 92498K [0x00000000e0000000, 0x00000000e8000000, 0x00000000e8000000)
  eden space 87424K, 100% used [0x00000000e0000000, 0x00000000e5560000, 0x00000000e5560000)
  from space 21824K,  23% used [0x00000000e6ab0000, 0x00000000e6fa4be0, 0x00000000e8000000)
  to   space 21824K,   0% used [0x00000000e5560000, 0x00000000e5560000, 0x00000000e6ab0000)
 concurrent mark-sweep generation total 393216K, used 110421K [0x00000000e8000000, 0x0000000100000000, 0x0000000100000000)
 Metaspace       used 30785K, capacity 31074K, committed 31308K, reserved 1077248K
  class space    used 3523K, capacity 3643K, committed 3660K, reserved 1048576K
2015-10-08T09:21:18.011+0800: 59.745: [GC (Allocation Failure) 59.745: [ParNew
Desired survivor size 20112992 bytes, new threshold 8 (max 8)
- age   1:     722184 bytes,     722184 total
- age   2:     331456 bytes,    1053640 total
- age   3:     364952 bytes,    1418592 total
- age   4:     184616 bytes,    1603208 total
- age   5:     798464 bytes,    2401672 total
- age   6:     750272 bytes,    3151944 total
- age   7:     739904 bytes,    3891848 total
- age   8:     648840 bytes,    4540688 total
: 92498K->6919K(109248K), 0.0075064 secs] 202920K->117590K(502464K), 0.0076106 secs] [Times: user=0.05 sys=0.00, real=0.01 secs] 
Heap after GC invocations=88 (full 1):
 par new generation   total 109248K, used 6919K [0x00000000e0000000, 0x00000000e8000000, 0x00000000e8000000)
  eden space 87424K,   0% used [0x00000000e0000000, 0x00000000e0000000, 0x00000000e5560000)
  from space 21824K,  31% used [0x00000000e5560000, 0x00000000e5c21dc0, 0x00000000e6ab0000)
  to   space 21824K,   0% used [0x00000000e6ab0000, 0x00000000e6ab0000, 0x00000000e8000000)
 concurrent mark-sweep generation total 393216K, used 110671K [0x00000000e8000000, 0x0000000100000000, 0x0000000100000000)
 Metaspace       used 30785K, capacity 31074K, committed 31308K, reserved 1077248K
  class space    used 3523K, capacity 3643K, committed 3660K, reserved 1048576K
}
2015-10-08T09:21:18.019+0800: 59.753: Total time for which application threads were stopped: 0.0079248 seconds, Stopping threads took: 0.0000675 seconds
{Heap before GC invocations=88 (full 1):
 par new generation   total 109248K, used 94343K [0x00000000e0000000, 0x00000000e8000000, 0x00000000e8000000)
  eden space 87424K, 100% used [0x00000000e0000000, 0x00000000e5560000, 0x00000000e5560000)
  from space 21824K,  31% used [0x00000000e5560000, 0x00000000e5c21dc0, 0x00000000e6ab0000)
  to   space 21824K,   0% used [0x00000000e6ab0000, 0x00000000e6ab0000, 0x00000000e8000000)
 concurrent mark-sweep generation total 393216K, used 110671K [0x00000000e8000000, 0x0000000100000000, 0x0000000100000000)
 Metaspace       used 30800K, capacity 31080K, committed 31308K, reserved 1077248K
  class space    used 3523K, capacity 3644K, committed 3660K, reserved 1048576K
2015-10-08T09:21:18.300+0800: 60.035: [GC (Allocation Failure) 60.035: [ParNew
Desired survivor size 20112992 bytes, new threshold 8 (max 8)
- age   1:     589376 bytes,     589376 total
- age   2:     586200 bytes,    1175576 total
- age   3:     364192 bytes,    1539768 total
- age   4:     364872 bytes,    1904640 total
- age   5:     184616 bytes,    2089256 total
- age   6:     798464 bytes,    2887720 total
- age   7:     783056 bytes,    3670776 total
- age   8:     739904 bytes,    4410680 total
: 94343K->5210K(109248K), 0.0090222 secs] 205014K->116515K(502464K), 0.0091386 secs] [Times: user=0.00 sys=0.05, real=0.01 secs] 
Heap after GC invocations=89 (full 1):
 par new generation   total 109248K, used 5210K [0x00000000e0000000, 0x00000000e8000000, 0x00000000e8000000)
  eden space 87424K,   0% used [0x00000000e0000000, 0x00000000e0000000, 0x00000000e5560000)
  from space 21824K,  23% used [0x00000000e6ab0000, 0x00000000e6fc6b80, 0x00000000e8000000)
  to   space 21824K,   0% used [0x00000000e5560000, 0x00000000e5560000, 0x00000000e6ab0000)
 concurrent mark-sweep generation total 393216K, used 111304K [0x00000000e8000000, 0x0000000100000000, 0x0000000100000000)
 Metaspace       used 30800K, capacity 31080K, committed 31308K, reserved 1077248K
  class space    used 3523K, capacity 3644K, committed 3660K, reserved 1048576K
}
2015-10-08T09:21:18.310+0800: 60.044: Total time for which application threads were stopped: 0.0095116 seconds, Stopping threads took: 0.0000951 seconds
{Heap before GC invocations=89 (full 1):
 par new generation   total 109248K, used 92634K [0x00000000e0000000, 0x00000000e8000000, 0x00000000e8000000)
  eden space 87424K, 100% used [0x00000000e0000000, 0x00000000e5560000, 0x00000000e5560000)
  from space 21824K,  23% used [0x00000000e6ab0000, 0x00000000e6fc6b80, 0x00000000e8000000)
  to   space 21824K,   0% used [0x00000000e5560000, 0x00000000e5560000, 0x00000000e6ab0000)
 concurrent mark-sweep generation total 393216K, used 111304K [0x00000000e8000000, 0x0000000100000000, 0x0000000100000000)
 Metaspace       used 30800K, capacity 31080K, committed 31308K, reserved 1077248K
  class space    used 3523K, capacity 3644K, committed 3660K, reserved 1048576K
2015-10-08T09:21:18.462+0800: 60.196: [GC (Allocation Failure) 60.196: [ParNew
Desired survivor size 20112992 bytes, new threshold 8 (max 8)
- age   1:     685480 bytes,     685480 total
- age   2:     361272 bytes,    1046752 total
- age   3:     586200 bytes,    1632952 total
- age   4:     331408 bytes,    1964360 total
- age   5:     364872 bytes,    2329232 total
- age   6:     184616 bytes,    2513848 total
- age   7:     798464 bytes,    3312312 total
- age   8:     740984 bytes,    4053296 total
: 92634K->6936K(109248K), 0.0062017 secs] 203939K->118963K(502464K), 0.0062977 secs] [Times: user=0.01 sys=0.00, real=0.01 secs] 
Heap after GC invocations=90 (full 1):
 par new generation   total 109248K, used 6936K [0x00000000e0000000, 0x00000000e8000000, 0x00000000e8000000)
  eden space 87424K,   0% used [0x00000000e0000000, 0x00000000e0000000, 0x00000000e5560000)
  from space 21824K,  31% used [0x00000000e5560000, 0x00000000e5c26000, 0x00000000e6ab0000)
  to   space 21824K,   0% used [0x00000000e6ab0000, 0x00000000e6ab0000, 0x00000000e8000000)
 concurrent mark-sweep generation total 393216K, used 112027K [0x00000000e8000000, 0x0000000100000000, 0x0000000100000000)
 Metaspace       used 30800K, capacity 31080K, committed 31308K, reserved 1077248K
  class space    used 3523K, capacity 3644K, committed 3660K, reserved 1048576K
}
2015-10-08T09:21:18.468+0800: 60.202: Total time for which application threads were stopped: 0.0065641 seconds, Stopping threads took: 0.0000304 seconds
{Heap before GC invocations=90 (full 1):
 par new generation   total 109248K, used 94360K [0x00000000e0000000, 0x00000000e8000000, 0x00000000e8000000)
  eden space 87424K, 100% used [0x00000000e0000000, 0x00000000e5560000, 0x00000000e5560000)
  from space 21824K,  31% used [0x00000000e5560000, 0x00000000e5c26000, 0x00000000e6ab0000)
  to   space 21824K,   0% used [0x00000000e6ab0000, 0x00000000e6ab0000, 0x00000000e8000000)
 concurrent mark-sweep generation total 393216K, used 112027K [0x00000000e8000000, 0x0000000100000000, 0x0000000100000000)
 Metaspace       used 30800K, capacity 31080K, committed 31308K, reserved 1077248K
  class space    used 3523K, capacity 3644K, committed 3660K, reserved 1048576K
2015-10-08T09:21:18.614+0800: 60.349: [GC (Allocation Failure) 60.349: [ParNew
Desired survivor size 20112992 bytes, new threshold 8 (max 8)
- age   1:     542872 bytes,     542872 total
- age   2:     560552 bytes,    1103424 total
- age   3:     361272 bytes,    1464696 total
- age   4:     586200 bytes,    2050896 total
- age   5:     331408 bytes,    2382304 total
- age   6:     364872 bytes,    2747176 total
- age   7:     184616 bytes,    2931792 total
- age   8:     798464 bytes,    3730256 total
: 94360K->5105K(109248K), 0.0062685 secs] 206387K->117857K(502464K), 0.0064200 secs] [Times: user=0.00 sys=0.00, real=0.01 secs] 
Heap after GC invocations=91 (full 1):
 par new generation   total 109248K, used 5105K [0x00000000e0000000, 0x00000000e8000000, 0x00000000e8000000)
  eden space 87424K,   0% used [0x00000000e0000000, 0x00000000e0000000, 0x00000000e5560000)
  from space 21824K,  23% used [0x00000000e6ab0000, 0x00000000e6fac630, 0x00000000e8000000)
  to   space 21824K,   0% used [0x00000000e5560000, 0x00000000e5560000, 0x00000000e6ab0000)
 concurrent mark-sweep generation total 393216K, used 112751K [0x00000000e8000000, 0x0000000100000000, 0x0000000100000000)
 Metaspace       used 30800K, capacity 31080K, committed 31308K, reserved 1077248K
  class space    used 3523K, capacity 3644K, committed 3660K, reserved 1048576K
}
2015-10-08T09:21:18.621+0800: 60.355: Total time for which application threads were stopped: 0.0067698 seconds, Stopping threads took: 0.0000714 seconds
{Heap before GC invocations=91 (full 1):
 par new generation   total 109248K, used 92529K [0x00000000e0000000, 0x00000000e8000000, 0x00000000e8000000)
  eden space 87424K, 100% used [0x00000000e0000000, 0x00000000e5560000, 0x00000000e5560000)
  from space 21824K,  23% used [0x00000000e6ab0000, 0x00000000e6fac630, 0x00000000e8000000)
  to   space 21824K,   0% used [0x00000000e5560000, 0x00000000e5560000, 0x00000000e6ab0000)
 concurrent mark-sweep generation total 393216K, used 112751K [0x00000000e8000000, 0x0000000100000000, 0x0000000100000000)
 Metaspace       used 30800K, capacity 31080K, committed 31308K, reserved 1077248K
  class space    used 3523K, capacity 3644K, committed 3660K, reserved 1048576K
2015-10-08T09:21:18.738+0800: 60.473: [GC (Allocation Failure) 60.473: [ParNew
Desired survivor size 20112992 bytes, new threshold 8 (max 8)
- age   1:     368728 bytes,     368728 total
- age   2:     406568 bytes,     775296 total
- age   3:     560552 bytes,    1335848 total
- age   4:     361272 bytes,    1697120 total
- age   5:     586200 bytes,    2283320 total
- age   6:     331408 bytes,    2614728 total
- age   7:     364872 bytes,    2979600 total
- age   8:     184616 bytes,    3164216 total
: 92529K->4566K(109248K), 0.0059017 secs] 205281K->118098K(502464K), 0.0059961 secs] [Times: user=0.00 sys=0.00, real=0.01 secs] 
Heap after GC invocations=92 (full 1):
 par new generation   total 109248K, used 4566K [0x00000000e0000000, 0x00000000e8000000, 0x00000000e8000000)
  eden space 87424K,   0% used [0x00000000e0000000, 0x00000000e0000000, 0x00000000e5560000)
  from space 21824K,  20% used [0x00000000e5560000, 0x00000000e59d5a40, 0x00000000e6ab0000)
  to   space 21824K,   0% used [0x00000000e6ab0000, 0x00000000e6ab0000, 0x00000000e8000000)
 concurrent mark-sweep generation total 393216K, used 113532K [0x00000000e8000000, 0x0000000100000000, 0x0000000100000000)
 Metaspace       used 30800K, capacity 31080K, committed 31308K, reserved 1077248K
  class space    used 3523K, capacity 3644K, committed 3660K, reserved 1048576K
}
2015-10-08T09:21:18.744+0800: 60.479: Total time for which application threads were stopped: 0.0062700 seconds, Stopping threads took: 0.0000272 seconds
{Heap before GC invocations=92 (full 1):
 par new generation   total 109248K, used 91990K [0x00000000e0000000, 0x00000000e8000000, 0x00000000e8000000)
  eden space 87424K, 100% used [0x00000000e0000000, 0x00000000e5560000, 0x00000000e5560000)
  from space 21824K,  20% used [0x00000000e5560000, 0x00000000e59d5a40, 0x00000000e6ab0000)
  to   space 21824K,   0% used [0x00000000e6ab0000, 0x00000000e6ab0000, 0x00000000e8000000)
 concurrent mark-sweep generation total 393216K, used 113532K [0x00000000e8000000, 0x0000000100000000, 0x0000000100000000)
 Metaspace       used 30800K, capacity 31080K, committed 31308K, reserved 1077248K
  class space    used 3523K, capacity 3644K, committed 3660K, reserved 1048576K
2015-10-08T09:21:18.816+0800: 60.550: [GC (Allocation Failure) 60.550: [ParNew
Desired survivor size 20112992 bytes, new threshold 8 (max 8)
- age   1:     234608 bytes,     234608 total
- age   2:     243576 bytes,     478184 total
- age   3:     406568 bytes,     884752 total
- age   4:     560552 bytes,    1445304 total
- age   5:     361272 bytes,    1806576 total
- age   6:     586200 bytes,    2392776 total
- age   7:     331408 bytes,    2724184 total
- age   8:     364872 bytes,    3089056 total
: 91990K->4038K(109248K), 0.0062195 secs] 205522K->117751K(502464K), 0.0063115 secs] [Times: user=0.00 sys=0.00, real=0.01 secs] 
Heap after GC invocations=93 (full 1):
 par new generation   total 109248K, used 4038K [0x00000000e0000000, 0x00000000e8000000, 0x00000000e8000000)
  eden space 87424K,   0% used [0x00000000e0000000, 0x00000000e0000000, 0x00000000e5560000)
  from space 21824K,  18% used [0x00000000e6ab0000, 0x00000000e6ea1a10, 0x00000000e8000000)
  to   space 21824K,   0% used [0x00000000e5560000, 0x00000000e5560000, 0x00000000e6ab0000)
 concurrent mark-sweep generation total 393216K, used 113712K [0x00000000e8000000, 0x0000000100000000, 0x0000000100000000)
 Metaspace       used 30800K, capacity 31080K, committed 31308K, reserved 1077248K
  class space    used 3523K, capacity 3644K, committed 3660K, reserved 1048576K
}
2015-10-08T09:21:18.822+0800: 60.557: Total time for which application threads were stopped: 0.0065460 seconds, Stopping threads took: 0.0000458 seconds
{Heap before GC invocations=93 (full 1):
 par new generation   total 109248K, used 91462K [0x00000000e0000000, 0x00000000e8000000, 0x00000000e8000000)
  eden space 87424K, 100% used [0x00000000e0000000, 0x00000000e5560000, 0x00000000e5560000)
  from space 21824K,  18% used [0x00000000e6ab0000, 0x00000000e6ea1a10, 0x00000000e8000000)
  to   space 21824K,   0% used [0x00000000e5560000, 0x00000000e5560000, 0x00000000e6ab0000)
 concurrent mark-sweep generation total 393216K, used 113712K [0x00000000e8000000, 0x0000000100000000, 0x0000000100000000)
 Metaspace       used 30801K, capacity 31080K, committed 31308K, reserved 1077248K
  class space    used 3523K, capacity 3644K, committed 3660K, reserved 1048576K
2015-10-08T09:21:18.930+0800: 60.664: [GC (Allocation Failure) 60.664: [ParNew
Desired survivor size 20112992 bytes, new threshold 8 (max 8)
- age   1:     349656 bytes,     349656 total
- age   2:     107784 bytes,     457440 total
- age   3:     243576 bytes,     701016 total
- age   4:     406568 bytes,    1107584 total
- age   5:     560552 bytes,    1668136 total
- age   6:     361272 bytes,    2029408 total
- age   7:     580056 bytes,    2609464 total
- age   8:     331408 bytes,    2940872 total
: 91462K->3994K(109248K), 0.0079619 secs] 205175K->118064K(502464K), 0.0080554 secs] [Times: user=0.03 sys=0.02, real=0.01 secs] 
Heap after GC invocations=94 (full 1):
 par new generation   total 109248K, used 3994K [0x00000000e0000000, 0x00000000e8000000, 0x00000000e8000000)
  eden space 87424K,   0% used [0x00000000e0000000, 0x00000000e0000000, 0x00000000e5560000)
  from space 21824K,  18% used [0x00000000e5560000, 0x00000000e5946b50, 0x00000000e6ab0000)
  to   space 21824K,   0% used [0x00000000e6ab0000, 0x00000000e6ab0000, 0x00000000e8000000)
 concurrent mark-sweep generation total 393216K, used 114069K [0x00000000e8000000, 0x0000000100000000, 0x0000000100000000)
 Metaspace       used 30801K, capacity 31080K, committed 31308K, reserved 1077248K
  class space    used 3523K, capacity 3644K, committed 3660K, reserved 1048576K
}
2015-10-08T09:21:18.938+0800: 60.672: Total time for which application threads were stopped: 0.0083740 seconds, Stopping threads took: 0.0000332 seconds
{Heap before GC invocations=94 (full 1):
 par new generation   total 109248K, used 91418K [0x00000000e0000000, 0x00000000e8000000, 0x00000000e8000000)
  eden space 87424K, 100% used [0x00000000e0000000, 0x00000000e5560000, 0x00000000e5560000)
  from space 21824K,  18% used [0x00000000e5560000, 0x00000000e5946b50, 0x00000000e6ab0000)
  to   space 21824K,   0% used [0x00000000e6ab0000, 0x00000000e6ab0000, 0x00000000e8000000)
 concurrent mark-sweep generation total 393216K, used 114069K [0x00000000e8000000, 0x0000000100000000, 0x0000000100000000)
 Metaspace       used 30803K, capacity 31080K, committed 31308K, reserved 1077248K
  class space    used 3523K, capacity 3644K, committed 3660K, reserved 1048576K
2015-10-08T09:21:19.040+0800: 60.774: [GC (Allocation Failure) 60.774: [ParNew
Desired survivor size 20112992 bytes, new threshold 8 (max 8)
- age   1:     393104 bytes,     393104 total
- age   2:     212328 bytes,     605432 total
- age   3:     107784 bytes,     713216 total
- age   4:     243576 bytes,     956792 total
- age   5:     411992 bytes,    1368784 total
- age   6:     560552 bytes,    1929336 total
- age   7:     361272 bytes,    2290608 total
- age   8:     580056 bytes,    2870664 total
: 91418K->3789K(109248K), 0.0073935 secs] 205488K->118183K(502464K), 0.0074740 secs] [Times: user=0.03 sys=0.01, real=0.01 secs] 
Heap after GC invocations=95 (full 1):
 par new generation   total 109248K, used 3789K [0x00000000e0000000, 0x00000000e8000000, 0x00000000e8000000)
  eden space 87424K,   0% used [0x00000000e0000000, 0x00000000e0000000, 0x00000000e5560000)
  from space 21824K,  17% used [0x00000000e6ab0000, 0x00000000e6e636e0, 0x00000000e8000000)
  to   space 21824K,   0% used [0x00000000e5560000, 0x00000000e5560000, 0x00000000e6ab0000)
 concurrent mark-sweep generation total 393216K, used 114393K [0x00000000e8000000, 0x0000000100000000, 0x0000000100000000)
 Metaspace       used 30803K, capacity 31080K, committed 31308K, reserved 1077248K
  class space    used 3523K, capacity 3644K, committed 3660K, reserved 1048576K
}
2015-10-08T09:21:19.047+0800: 60.782: Total time for which application threads were stopped: 0.0077290 seconds, Stopping threads took: 0.0000276 seconds
{Heap before GC invocations=95 (full 1):
 par new generation   total 109248K, used 91213K [0x00000000e0000000, 0x00000000e8000000, 0x00000000e8000000)
  eden space 87424K, 100% used [0x00000000e0000000, 0x00000000e5560000, 0x00000000e5560000)
  from space 21824K,  17% used [0x00000000e6ab0000, 0x00000000e6e636e0, 0x00000000e8000000)
  to   space 21824K,   0% used [0x00000000e5560000, 0x00000000e5560000, 0x00000000e6ab0000)
 concurrent mark-sweep generation total 393216K, used 114393K [0x00000000e8000000, 0x0000000100000000, 0x0000000100000000)
 Metaspace       used 30803K, capacity 31080K, committed 31308K, reserved 1077248K
  class space    used 3523K, capacity 3644K, committed 3660K, reserved 1048576K
2015-10-08T09:21:19.201+0800: 60.935: [GC (Allocation Failure) 60.935: [ParNew
Desired survivor size 20112992 bytes, new threshold 8 (max 8)
- age   1:     352960 bytes,     352960 total
- age   2:     267432 bytes,     620392 total
- age   3:     212328 bytes,     832720 total
- age   4:     107784 bytes,     940504 total
- age   5:     243576 bytes,    1184080 total
- age   6:     406568 bytes,    1590648 total
- age   7:     560552 bytes,    2151200 total
- age   8:     361272 bytes,    2512472 total
: 91213K->3310K(109248K), 0.0065886 secs] 205607K->118271K(502464K), 0.0066817 secs] [Times: user=0.00 sys=0.00, real=0.01 secs] 
Heap after GC invocations=96 (full 1):
 par new generation   total 109248K, used 3310K [0x00000000e0000000, 0x00000000e8000000, 0x00000000e8000000)
  eden space 87424K,   0% used [0x00000000e0000000, 0x00000000e0000000, 0x00000000e5560000)
  from space 21824K,  15% used [0x00000000e5560000, 0x00000000e589ba50, 0x00000000e6ab0000)
  to   space 21824K,   0% used [0x00000000e6ab0000, 0x00000000e6ab0000, 0x00000000e8000000)
 concurrent mark-sweep generation total 393216K, used 114960K [0x00000000e8000000, 0x0000000100000000, 0x0000000100000000)
 Metaspace       used 30803K, capacity 31080K, committed 31308K, reserved 1077248K
  class space    used 3523K, capacity 3644K, committed 3660K, reserved 1048576K
}
2015-10-08T09:21:19.208+0800: 60.942: Total time for which application threads were stopped: 0.0069158 seconds, Stopping threads took: 0.0000280 seconds
{Heap before GC invocations=96 (full 1):
 par new generation   total 109248K, used 90734K [0x00000000e0000000, 0x00000000e8000000, 0x00000000e8000000)
  eden space 87424K, 100% used [0x00000000e0000000, 0x00000000e5560000, 0x00000000e5560000)
  from space 21824K,  15% used [0x00000000e5560000, 0x00000000e589ba50, 0x00000000e6ab0000)
  to   space 21824K,   0% used [0x00000000e6ab0000, 0x00000000e6ab0000, 0x00000000e8000000)
 concurrent mark-sweep generation total 393216K, used 114960K [0x00000000e8000000, 0x0000000100000000, 0x0000000100000000)
 Metaspace       used 30803K, capacity 31080K, committed 31308K, reserved 1077248K
  class space    used 3523K, capacity 3644K, committed 3660K, reserved 1048576K
2015-10-08T09:21:19.287+0800: 61.022: [GC (Allocation Failure) 61.022: [ParNew
Desired survivor size 20112992 bytes, new threshold 8 (max 8)
- age   1:     363016 bytes,     363016 total
- age   2:     227200 bytes,     590216 total
- age   3:     267432 bytes,     857648 total
- age   4:     212328 bytes,    1069976 total
- age   5:     107784 bytes,    1177760 total
- age   6:     243576 bytes,    1421336 total
- age   7:     406568 bytes,    1827904 total
- age   8:     574072 bytes,    2401976 total
: 90734K->2668K(109248K), 0.0051754 secs] 205695K->117982K(502464K), 0.0052694 secs] [Times: user=0.00 sys=0.00, real=0.01 secs] 
Heap after GC invocations=97 (full 1):
 par new generation   total 109248K, used 2668K [0x00000000e0000000, 0x00000000e8000000, 0x00000000e8000000)
  eden space 87424K,   0% used [0x00000000e0000000, 0x00000000e0000000, 0x00000000e5560000)
  from space 21824K,  12% used [0x00000000e6ab0000, 0x00000000e6d4b1f8, 0x00000000e8000000)
  to   space 21824K,   0% used [0x00000000e5560000, 0x00000000e5560000, 0x00000000e6ab0000)
 concurrent mark-sweep generation total 393216K, used 115313K [0x00000000e8000000, 0x0000000100000000, 0x0000000100000000)
 Metaspace       used 30803K, capacity 31080K, committed 31308K, reserved 1077248K
  class space    used 3523K, capacity 3644K, committed 3660K, reserved 1048576K
}
2015-10-08T09:21:19.293+0800: 61.027: Total time for which application threads were stopped: 0.0055165 seconds, Stopping threads took: 0.0000276 seconds
2015-10-08T09:21:19.320+0800: 61.054: Total time for which application threads were stopped: 0.0004591 seconds, Stopping threads took: 0.0003371 seconds
2015-10-08T09:21:19.364+0800: 61.098: Total time for which application threads were stopped: 0.0003166 seconds, Stopping threads took: 0.0000872 seconds
{Heap before GC invocations=97 (full 1):
 par new generation   total 109248K, used 90092K [0x00000000e0000000, 0x00000000e8000000, 0x00000000e8000000)
  eden space 87424K, 100% used [0x00000000e0000000, 0x00000000e5560000, 0x00000000e5560000)
  from space 21824K,  12% used [0x00000000e6ab0000, 0x00000000e6d4b1f8, 0x00000000e8000000)
  to   space 21824K,   0% used [0x00000000e5560000, 0x00000000e5560000, 0x00000000e6ab0000)
 concurrent mark-sweep generation total 393216K, used 115313K [0x00000000e8000000, 0x0000000100000000, 0x0000000100000000)
 Metaspace       used 30912K, capacity 31144K, committed 31308K, reserved 1077248K
  class space    used 3534K, capacity 3644K, committed 3660K, reserved 1048576K
2015-10-08T09:21:19.450+0800: 61.185: [GC (Allocation Failure) 61.185: [ParNew
Desired survivor size 20112992 bytes, new threshold 8 (max 8)
- age   1:    4038336 bytes,    4038336 total
- age   2:     230968 bytes,    4269304 total
- age   3:     226768 bytes,    4496072 total
- age   4:     267000 bytes,    4763072 total
- age   5:     211896 bytes,    4974968 total
- age   6:     107304 bytes,    5082272 total
- age   7:     243192 bytes,    5325464 total
- age   8:     406088 bytes,    5731552 total
: 90092K->6989K(109248K), 0.0086693 secs] 205406K->122850K(502464K), 0.0087743 secs] [Times: user=0.00 sys=0.00, real=0.01 secs] 
Heap after GC invocations=98 (full 1):
 par new generation   total 109248K, used 6989K [0x00000000e0000000, 0x00000000e8000000, 0x00000000e8000000)
  eden space 87424K,   0% used [0x00000000e0000000, 0x00000000e0000000, 0x00000000e5560000)
  from space 21824K,  32% used [0x00000000e5560000, 0x00000000e5c336a0, 0x00000000e6ab0000)
  to   space 21824K,   0% used [0x00000000e6ab0000, 0x00000000e6ab0000, 0x00000000e8000000)
 concurrent mark-sweep generation total 393216K, used 115861K [0x00000000e8000000, 0x0000000100000000, 0x0000000100000000)
 Metaspace       used 30912K, capacity 31144K, committed 31308K, reserved 1077248K
  class space    used 3534K, capacity 3644K, committed 3660K, reserved 1048576K
}
2015-10-08T09:21:19.460+0800: 61.194: Total time for which application threads were stopped: 0.0091761 seconds, Stopping threads took: 0.0001137 seconds
{Heap before GC invocations=98 (full 1):
 par new generation   total 109248K, used 94413K [0x00000000e0000000, 0x00000000e8000000, 0x00000000e8000000)
  eden space 87424K, 100% used [0x00000000e0000000, 0x00000000e5560000, 0x00000000e5560000)
  from space 21824K,  32% used [0x00000000e5560000, 0x00000000e5c336a0, 0x00000000e6ab0000)
  to   space 21824K,   0% used [0x00000000e6ab0000, 0x00000000e6ab0000, 0x00000000e8000000)
 concurrent mark-sweep generation total 393216K, used 115861K [0x00000000e8000000, 0x0000000100000000, 0x0000000100000000)
 Metaspace       used 30915K, capacity 31208K, committed 31564K, reserved 1077248K
  class space    used 3534K, capacity 3644K, committed 3660K, reserved 1048576K
2015-10-08T09:21:19.697+0800: 61.431: [GC (Allocation Failure) 61.431: [ParNew
Desired survivor size 20112992 bytes, new threshold 8 (max 8)
- age   1:     886976 bytes,     886976 total
- age   2:    3695256 bytes,    4582232 total
- age   3:     230968 bytes,    4813200 total
- age   4:     226768 bytes,    5039968 total
- age   5:     267000 bytes,    5306968 total
- age   6:     211896 bytes,    5518864 total
- age   7:     107304 bytes,    5626168 total
- age   8:     243192 bytes,    5869360 total
: 94413K->8065K(109248K), 0.0085931 secs] 210274K->124323K(502464K), 0.0087079 secs] [Times: user=0.05 sys=0.01, real=0.01 secs] 
Heap after GC invocations=99 (full 1):
 par new generation   total 109248K, used 8065K [0x00000000e0000000, 0x00000000e8000000, 0x00000000e8000000)
  eden space 87424K,   0% used [0x00000000e0000000, 0x00000000e0000000, 0x00000000e5560000)
  from space 21824K,  36% used [0x00000000e6ab0000, 0x00000000e72907a8, 0x00000000e8000000)
  to   space 21824K,   0% used [0x00000000e5560000, 0x00000000e5560000, 0x00000000e6ab0000)
 concurrent mark-sweep generation total 393216K, used 116257K [0x00000000e8000000, 0x0000000100000000, 0x0000000100000000)
 Metaspace       used 30915K, capacity 31208K, committed 31564K, reserved 1077248K
  class space    used 3534K, capacity 3644K, committed 3660K, reserved 1048576K
}
2015-10-08T09:21:19.706+0800: 61.440: Total time for which application threads were stopped: 0.0090589 seconds, Stopping threads took: 0.0000928 seconds
{Heap before GC invocations=99 (full 1):
 par new generation   total 109248K, used 95489K [0x00000000e0000000, 0x00000000e8000000, 0x00000000e8000000)
  eden space 87424K, 100% used [0x00000000e0000000, 0x00000000e5560000, 0x00000000e5560000)
  from space 21824K,  36% used [0x00000000e6ab0000, 0x00000000e72907a8, 0x00000000e8000000)
  to   space 21824K,   0% used [0x00000000e5560000, 0x00000000e5560000, 0x00000000e6ab0000)
 concurrent mark-sweep generation total 393216K, used 116257K [0x00000000e8000000, 0x0000000100000000, 0x0000000100000000)
 Metaspace       used 31162K, capacity 31496K, committed 31948K, reserved 1077248K
  class space    used 3557K, capacity 3676K, committed 3788K, reserved 1048576K
2015-10-08T09:21:20.018+0800: 61.753: [GC (Allocation Failure) 61.753: [ParNew
Desired survivor size 20112992 bytes, new threshold 8 (max 8)
- age   1:    1196488 bytes,    1196488 total
- age   2:     486344 bytes,    1682832 total
- age   3:    3672824 bytes,    5355656 total
- age   4:     230968 bytes,    5586624 total
- age   5:     226768 bytes,    5813392 total
- age   6:     267000 bytes,    6080392 total
- age   7:     211896 bytes,    6292288 total
- age   8:     107304 bytes,    6399592 total
: 95489K->8253K(109248K), 0.0153024 secs] 211747K->124749K(502464K), 0.0154173 secs] [Times: user=0.05 sys=0.02, real=0.02 secs] 
Heap after GC invocations=100 (full 1):
 par new generation   total 109248K, used 8253K [0x00000000e0000000, 0x00000000e8000000, 0x00000000e8000000)
  eden space 87424K,   0% used [0x00000000e0000000, 0x00000000e0000000, 0x00000000e5560000)
  from space 21824K,  37% used [0x00000000e5560000, 0x00000000e5d6f6b0, 0x00000000e6ab0000)
  to   space 21824K,   0% used [0x00000000e6ab0000, 0x00000000e6ab0000, 0x00000000e8000000)
 concurrent mark-sweep generation total 393216K, used 116495K [0x00000000e8000000, 0x0000000100000000, 0x0000000100000000)
 Metaspace       used 31162K, capacity 31496K, committed 31948K, reserved 1077248K
  class space    used 3557K, capacity 3676K, committed 3788K, reserved 1048576K
}
2015-10-08T09:21:20.034+0800: 61.768: Total time for which application threads were stopped: 0.0158361 seconds, Stopping threads took: 0.0000924 seconds
{Heap before GC invocations=100 (full 1):
 par new generation   total 109248K, used 95677K [0x00000000e0000000, 0x00000000e8000000, 0x00000000e8000000)
  eden space 87424K, 100% used [0x00000000e0000000, 0x00000000e5560000, 0x00000000e5560000)
  from space 21824K,  37% used [0x00000000e5560000, 0x00000000e5d6f6b0, 0x00000000e6ab0000)
  to   space 21824K,   0% used [0x00000000e6ab0000, 0x00000000e6ab0000, 0x00000000e8000000)
 concurrent mark-sweep generation total 393216K, used 116495K [0x00000000e8000000, 0x0000000100000000, 0x0000000100000000)
 Metaspace       used 31204K, capacity 31560K, committed 31948K, reserved 1077248K
  class space    used 3557K, capacity 3676K, committed 3788K, reserved 1048576K
2015-10-08T09:21:20.342+0800: 62.076: [GC (Allocation Failure) 62.076: [ParNew
Desired survivor size 20112992 bytes, new threshold 8 (max 8)
- age   1:     786240 bytes,     786240 total
- age   2:     613208 bytes,    1399448 total
- age   3:     436032 bytes,    1835480 total
- age   4:    3672328 bytes,    5507808 total
- age   5:     230968 bytes,    5738776 total
- age   6:     226768 bytes,    5965544 total
- age   7:     267000 bytes,    6232544 total
- age   8:     211896 bytes,    6444440 total
: 95677K->7922K(109248K), 0.0077550 secs] 212173K->124523K(502464K), 0.0078470 secs] [Times: user=0.00 sys=0.00, real=0.01 secs] 
Heap after GC invocations=101 (full 1):
 par new generation   total 109248K, used 7922K [0x00000000e0000000, 0x00000000e8000000, 0x00000000e8000000)
  eden space 87424K,   0% used [0x00000000e0000000, 0x00000000e0000000, 0x00000000e5560000)
  from space 21824K,  36% used [0x00000000e6ab0000, 0x00000000e726c9b0, 0x00000000e8000000)
  to   space 21824K,   0% used [0x00000000e5560000, 0x00000000e5560000, 0x00000000e6ab0000)
 concurrent mark-sweep generation total 393216K, used 116600K [0x00000000e8000000, 0x0000000100000000, 0x0000000100000000)
 Metaspace       used 31204K, capacity 31560K, committed 31948K, reserved 1077248K
  class space    used 3557K, capacity 3676K, committed 3788K, reserved 1048576K
}
2015-10-08T09:21:20.350+0800: 62.084: Total time for which application threads were stopped: 0.0104977 seconds, Stopping threads took: 0.0023309 seconds
{Heap before GC invocations=101 (full 1):
 par new generation   total 109248K, used 95346K [0x00000000e0000000, 0x00000000e8000000, 0x00000000e8000000)
  eden space 87424K, 100% used [0x00000000e0000000, 0x00000000e5560000, 0x00000000e5560000)
  from space 21824K,  36% used [0x00000000e6ab0000, 0x00000000e726c9b0, 0x00000000e8000000)
  to   space 21824K,   0% used [0x00000000e5560000, 0x00000000e5560000, 0x00000000e6ab0000)
 concurrent mark-sweep generation total 393216K, used 116600K [0x00000000e8000000, 0x0000000100000000, 0x0000000100000000)
 Metaspace       used 31211K, capacity 31560K, committed 31948K, reserved 1077248K
  class space    used 3557K, capacity 3676K, committed 3788K, reserved 1048576K
2015-10-08T09:21:20.547+0800: 62.282: [GC (Allocation Failure) 62.282: [ParNew
Desired survivor size 20112992 bytes, new threshold 8 (max 8)
- age   1:     844968 bytes,     844968 total
- age   2:     257168 bytes,    1102136 total
- age   3:     543856 bytes,    1645992 total
- age   4:     427680 bytes,    2073672 total
- age   5:    3671832 bytes,    5745504 total
- age   6:     230968 bytes,    5976472 total
- age   7:     226768 bytes,    6203240 total
- age   8:     267000 bytes,    6470240 total
: 95346K->8268K(109248K), 0.0126245 secs] 211947K->125076K(502464K), 0.0127449 secs] [Times: user=0.03 sys=0.01, real=0.01 secs] 
Heap after GC invocations=102 (full 1):
 par new generation   total 109248K, used 8268K [0x00000000e0000000, 0x00000000e8000000, 0x00000000e8000000)
  eden space 87424K,   0% used [0x00000000e0000000, 0x00000000e0000000, 0x00000000e5560000)
  from space 21824K,  37% used [0x00000000e5560000, 0x00000000e5d731e0, 0x00000000e6ab0000)
  to   space 21824K,   0% used [0x00000000e6ab0000, 0x00000000e6ab0000, 0x00000000e8000000)
 concurrent mark-sweep generation total 393216K, used 116808K [0x00000000e8000000, 0x0000000100000000, 0x0000000100000000)
 Metaspace       used 31211K, capacity 31560K, committed 31948K, reserved 1077248K
  class space    used 3557K, capacity 3676K, committed 3788K, reserved 1048576K
}
2015-10-08T09:21:20.560+0800: 62.295: Total time for which application threads were stopped: 0.0131784 seconds, Stopping threads took: 0.0001350 seconds
{Heap before GC invocations=102 (full 1):
 par new generation   total 109248K, used 95692K [0x00000000e0000000, 0x00000000e8000000, 0x00000000e8000000)
  eden space 87424K, 100% used [0x00000000e0000000, 0x00000000e5560000, 0x00000000e5560000)
  from space 21824K,  37% used [0x00000000e5560000, 0x00000000e5d731e0, 0x00000000e6ab0000)
  to   space 21824K,   0% used [0x00000000e6ab0000, 0x00000000e6ab0000, 0x00000000e8000000)
 concurrent mark-sweep generation total 393216K, used 116808K [0x00000000e8000000, 0x0000000100000000, 0x0000000100000000)
 Metaspace       used 31219K, capacity 31560K, committed 31948K, reserved 1077248K
  class space    used 3557K, capacity 3676K, committed 3788K, reserved 1048576K
2015-10-08T09:21:20.767+0800: 62.502: [GC (Allocation Failure) 62.502: [ParNew
Desired survivor size 20112992 bytes, new threshold 8 (max 8)
- age   1:     948096 bytes,     948096 total
- age   2:     329232 bytes,    1277328 total
- age   3:     242336 bytes,    1519664 total
- age   4:     518656 bytes,    2038320 total
- age   5:     414320 bytes,    2452640 total
- age   6:    3665512 bytes,    6118152 total
- age   7:     230968 bytes,    6349120 total
- age   8:     226768 bytes,    6575888 total
: 95692K->7495K(109248K), 0.0103528 secs] 212500K->124564K(502464K), 0.0104764 secs] [Times: user=0.02 sys=0.05, real=0.01 secs] 
Heap after GC invocations=103 (full 1):
 par new generation   total 109248K, used 7495K [0x00000000e0000000, 0x00000000e8000000, 0x00000000e8000000)
  eden space 87424K,   0% used [0x00000000e0000000, 0x00000000e0000000, 0x00000000e5560000)
  from space 21824K,  34% used [0x00000000e6ab0000, 0x00000000e7201c80, 0x00000000e8000000)
  to   space 21824K,   0% used [0x00000000e5560000, 0x00000000e5560000, 0x00000000e6ab0000)
 concurrent mark-sweep generation total 393216K, used 117069K [0x00000000e8000000, 0x0000000100000000, 0x0000000100000000)
 Metaspace       used 31219K, capacity 31560K, committed 31948K, reserved 1077248K
  class space    used 3557K, capacity 3676K, committed 3788K, reserved 1048576K
}
2015-10-08T09:21:20.779+0800: 62.513: Total time for which application threads were stopped: 0.0147285 seconds, Stopping threads took: 0.0039288 seconds
{Heap before GC invocations=103 (full 1):
 par new generation   total 109248K, used 94919K [0x00000000e0000000, 0x00000000e8000000, 0x00000000e8000000)
  eden space 87424K, 100% used [0x00000000e0000000, 0x00000000e5560000, 0x00000000e5560000)
  from space 21824K,  34% used [0x00000000e6ab0000, 0x00000000e7201c80, 0x00000000e8000000)
  to   space 21824K,   0% used [0x00000000e5560000, 0x00000000e5560000, 0x00000000e6ab0000)
 concurrent mark-sweep generation total 393216K, used 117069K [0x00000000e8000000, 0x0000000100000000, 0x0000000100000000)
 Metaspace       used 31221K, capacity 31560K, committed 31948K, reserved 1077248K
  class space    used 3557K, capacity 3676K, committed 3788K, reserved 1048576K
2015-10-08T09:21:21.033+0800: 62.768: [GC (Allocation Failure) 62.768: [ParNew
Desired survivor size 20112992 bytes, new threshold 8 (max 8)
- age   1:     811984 bytes,     811984 total
- age   2:     419080 bytes,    1231064 total
- age   3:     222000 bytes,    1453064 total
- age   4:     241344 bytes,    1694408 total
- age   5:     518656 bytes,    2213064 total
- age   6:     414320 bytes,    2627384 total
- age   7:    3665264 bytes,    6292648 total
- age   8:     230968 bytes,    6523616 total
: 94919K->10063K(109248K), 0.0104693 secs] 211988K->127354K(502464K), 0.0105755 secs] [Times: user=0.03 sys=0.03, real=0.01 secs] 
Heap after GC invocations=104 (full 1):
 par new generation   total 109248K, used 10063K [0x00000000e0000000, 0x00000000e8000000, 0x00000000e8000000)
  eden space 87424K,   0% used [0x00000000e0000000, 0x00000000e0000000, 0x00000000e5560000)
  from space 21824K,  46% used [0x00000000e5560000, 0x00000000e5f33f40, 0x00000000e6ab0000)
  to   space 21824K,   0% used [0x00000000e6ab0000, 0x00000000e6ab0000, 0x00000000e8000000)
 concurrent mark-sweep generation total 393216K, used 117291K [0x00000000e8000000, 0x0000000100000000, 0x0000000100000000)
 Metaspace       used 31221K, capacity 31560K, committed 31948K, reserved 1077248K
  class space    used 3557K, capacity 3676K, committed 3788K, reserved 1048576K
}
2015-10-08T09:21:21.044+0800: 62.779: Total time for which application threads were stopped: 0.0163868 seconds, Stopping threads took: 0.0055374 seconds
2015-10-08T09:21:21.325+0800: 63.059: Total time for which application threads were stopped: 0.0026550 seconds, Stopping threads took: 0.0025536 seconds
{Heap before GC invocations=104 (full 1):
 par new generation   total 109248K, used 97487K [0x00000000e0000000, 0x00000000e8000000, 0x00000000e8000000)
  eden space 87424K, 100% used [0x00000000e0000000, 0x00000000e5560000, 0x00000000e5560000)
  from space 21824K,  46% used [0x00000000e5560000, 0x00000000e5f33f40, 0x00000000e6ab0000)
  to   space 21824K,   0% used [0x00000000e6ab0000, 0x00000000e6ab0000, 0x00000000e8000000)
 concurrent mark-sweep generation total 393216K, used 117291K [0x00000000e8000000, 0x0000000100000000, 0x0000000100000000)
 Metaspace       used 31237K, capacity 31560K, committed 31948K, reserved 1077248K
  class space    used 3558K, capacity 3676K, committed 3788K, reserved 1048576K
2015-10-08T09:21:21.564+0800: 63.298: [GC (Allocation Failure) 63.299: [ParNew
Desired survivor size 20112992 bytes, new threshold 8 (max 8)
- age   1:     776664 bytes,     776664 total
- age   2:     445944 bytes,    1222608 total
- age   3:     293352 bytes,    1515960 total
- age   4:     222000 bytes,    1737960 total
- age   5:     236224 bytes,    1974184 total
- age   6:     485856 bytes,    2460040 total
- age   7:     414320 bytes,    2874360 total
- age   8:    3664816 bytes,    6539176 total
: 97487K->7575K(109248K), 0.0070954 secs] 214778K->125092K(502464K), 0.0073303 secs] [Times: user=0.00 sys=0.00, real=0.01 secs] 
Heap after GC invocations=105 (full 1):
 par new generation   total 109248K, used 7575K [0x00000000e0000000, 0x00000000e8000000, 0x00000000e8000000)
  eden space 87424K,   0% used [0x00000000e0000000, 0x00000000e0000000, 0x00000000e5560000)
  from space 21824K,  34% used [0x00000000e6ab0000, 0x00000000e7215fc0, 0x00000000e8000000)
  to   space 21824K,   0% used [0x00000000e5560000, 0x00000000e5560000, 0x00000000e6ab0000)
 concurrent mark-sweep generation total 393216K, used 117516K [0x00000000e8000000, 0x0000000100000000, 0x0000000100000000)
 Metaspace       used 31237K, capacity 31560K, committed 31948K, reserved 1077248K
  class space    used 3558K, capacity 3676K, committed 3788K, reserved 1048576K
}
2015-10-08T09:21:21.571+0800: 63.306: Total time for which application threads were stopped: 0.0077270 seconds, Stopping threads took: 0.0001314 seconds
2015-10-08T09:21:21.948+0800: 63.682: Total time for which application threads were stopped: 0.0001875 seconds, Stopping threads took: 0.0000659 seconds
2015-10-08T09:21:22.397+0800: 64.131: Total time for which application threads were stopped: 0.0001007 seconds, Stopping threads took: 0.0000249 seconds
2015-10-08T09:21:22.406+0800: 64.140: Total time for which application threads were stopped: 0.0001389 seconds, Stopping threads took: 0.0000268 seconds
2015-10-08T09:21:22.406+0800: 64.140: Total time for which application threads were stopped: 0.0000588 seconds, Stopping threads took: 0.0000134 seconds
2015-10-08T09:21:22.605+0800: 64.340: Total time for which application threads were stopped: 0.0007745 seconds, Stopping threads took: 0.0001074 seconds
2015-10-08T09:21:22.788+0800: 64.523: Total time for which application threads were stopped: 0.0002155 seconds, Stopping threads took: 0.0000793 seconds
2015-10-08T09:21:22.789+0800: 64.523: Total time for which application threads were stopped: 0.0001038 seconds, Stopping threads took: 0.0000533 seconds
2015-10-08T09:21:22.789+0800: 64.524: Total time for which application threads were stopped: 0.0001007 seconds, Stopping threads took: 0.0000636 seconds
2015-10-08T09:21:22.789+0800: 64.524: Total time for which application threads were stopped: 0.0000904 seconds, Stopping threads took: 0.0000486 seconds
2015-10-08T09:21:22.793+0800: 64.528: Total time for which application threads were stopped: 0.0000975 seconds, Stopping threads took: 0.0000288 seconds
2015-10-08T09:21:22.793+0800: 64.528: Total time for which application threads were stopped: 0.0000418 seconds, Stopping threads took: 0.0000114 seconds
2015-10-08T09:21:22.793+0800: 64.528: Total time for which application threads were stopped: 0.0000383 seconds, Stopping threads took: 0.0000103 seconds
2015-10-08T09:21:22.793+0800: 64.528: Total time for which application threads were stopped: 0.0000367 seconds, Stopping threads took: 0.0000103 seconds
2015-10-08T09:21:22.793+0800: 64.528: Total time for which application threads were stopped: 0.0000367 seconds, Stopping threads took: 0.0000099 seconds
2015-10-08T09:21:22.794+0800: 64.528: Total time for which application threads were stopped: 0.0000355 seconds, Stopping threads took: 0.0000103 seconds
2015-10-08T09:21:22.794+0800: 64.528: Total time for which application threads were stopped: 0.0000355 seconds, Stopping threads took: 0.0000103 seconds
2015-10-08T09:21:22.812+0800: 64.546: Total time for which application threads were stopped: 0.0001109 seconds, Stopping threads took: 0.0000332 seconds
2015-10-08T09:21:22.833+0800: 64.567: Total time for which application threads were stopped: 0.0001259 seconds, Stopping threads took: 0.0000347 seconds
2015-10-08T09:21:22.905+0800: 64.638: Total time for which application threads were stopped: 0.0001097 seconds, Stopping threads took: 0.0000438 seconds
2015-10-08T09:21:22.906+0800: 64.640: Total time for which application threads were stopped: 0.0001212 seconds, Stopping threads took: 0.0000272 seconds
2015-10-08T09:21:22.906+0800: 64.640: Total time for which application threads were stopped: 0.0000521 seconds, Stopping threads took: 0.0000126 seconds
2015-10-08T09:21:22.906+0800: 64.640: Total time for which application threads were stopped: 0.0000718 seconds, Stopping threads took: 0.0000107 seconds
2015-10-08T09:21:22.911+0800: 64.645: Total time for which application threads were stopped: 0.0001038 seconds, Stopping threads took: 0.0000296 seconds
2015-10-08T09:21:22.914+0800: 64.648: Total time for which application threads were stopped: 0.0001362 seconds, Stopping threads took: 0.0000608 seconds
2015-10-08T09:21:22.914+0800: 64.648: Total time for which application threads were stopped: 0.0000628 seconds, Stopping threads took: 0.0000304 seconds
2015-10-08T09:21:22.915+0800: 64.649: Total time for which application threads were stopped: 0.0000545 seconds, Stopping threads took: 0.0000142 seconds
2015-10-08T09:21:22.916+0800: 64.650: Total time for which application threads were stopped: 0.0000884 seconds, Stopping threads took: 0.0000257 seconds
2015-10-08T09:21:22.924+0800: 64.658: Total time for which application threads were stopped: 0.0001409 seconds, Stopping threads took: 0.0000375 seconds
2015-10-08T09:21:27.925+0800: 69.659: Total time for which application threads were stopped: 0.0000872 seconds, Stopping threads took: 0.0000257 seconds
2015-10-08T09:21:36.927+0800: 78.661: Total time for which application threads were stopped: 0.0001654 seconds, Stopping threads took: 0.0000328 seconds
2015-10-08T09:21:37.927+0800: 79.661: Total time for which application threads were stopped: 0.0000864 seconds, Stopping threads took: 0.0000261 seconds
2015-10-08T09:21:47.276+0800: 89.010: Total time for which application threads were stopped: 0.0001086 seconds, Stopping threads took: 0.0000288 seconds
2015-10-08T09:21:48.276+0800: 90.010: Total time for which application threads were stopped: 0.0000896 seconds, Stopping threads took: 0.0000304 seconds
2015-10-08T09:21:51.510+0800: 93.244: Total time for which application threads were stopped: 0.0001263 seconds, Stopping threads took: 0.0000272 seconds
2015-10-08T09:21:52.510+0800: 94.244: Total time for which application threads were stopped: 0.0000920 seconds, Stopping threads took: 0.0000272 seconds
2015-10-08T09:22:14.768+0800: 116.502: Total time for which application threads were stopped: 0.0001239 seconds, Stopping threads took: 0.0000272 seconds
2015-10-08T09:22:14.773+0800: 116.507: Total time for which application threads were stopped: 0.0001255 seconds, Stopping threads took: 0.0000324 seconds
2015-10-08T09:22:14.776+0800: 116.510: Total time for which application threads were stopped: 0.0001243 seconds, Stopping threads took: 0.0000304 seconds
2015-10-08T09:22:14.800+0800: 116.535: Total time for which application threads were stopped: 0.0002455 seconds, Stopping threads took: 0.0000782 seconds
2015-10-08T09:22:14.806+0800: 116.540: Total time for which application threads were stopped: 0.0001247 seconds, Stopping threads took: 0.0000276 seconds
2015-10-08T09:22:15.806+0800: 117.540: Total time for which application threads were stopped: 0.0000908 seconds, Stopping threads took: 0.0000261 seconds
2015-10-08T09:22:27.809+0800: 129.543: Total time for which application threads were stopped: 0.0000967 seconds, Stopping threads took: 0.0000284 seconds
2015-10-08T09:27:48.005+0800: 449.739: Total time for which application threads were stopped: 0.0001354 seconds, Stopping threads took: 0.0000553 seconds
2015-10-08T09:30:53.115+0800: 634.849: Total time for which application threads were stopped: 0.0002518 seconds, Stopping threads took: 0.0001476 seconds
2015-10-08T09:30:53.126+0800: 634.860: Total time for which application threads were stopped: 0.0002128 seconds, Stopping threads took: 0.0001117 seconds
2015-10-08T09:30:53.132+0800: 634.866: Total time for which application threads were stopped: 0.0002155 seconds, Stopping threads took: 0.0000813 seconds
2015-10-08T09:30:53.136+0800: 634.871: Total time for which application threads were stopped: 0.0002597 seconds, Stopping threads took: 0.0001520 seconds
2015-10-08T09:30:53.183+0800: 634.917: Total time for which application threads were stopped: 0.0002104 seconds, Stopping threads took: 0.0000817 seconds
2015-10-08T09:30:53.193+0800: 634.927: Total time for which application threads were stopped: 0.0001721 seconds, Stopping threads took: 0.0000651 seconds
2015-10-08T09:30:53.205+0800: 634.939: Total time for which application threads were stopped: 0.0001974 seconds, Stopping threads took: 0.0000853 seconds
2015-10-08T09:30:53.217+0800: 634.951: Total time for which application threads were stopped: 0.0001820 seconds, Stopping threads took: 0.0000853 seconds
2015-10-08T09:30:53.242+0800: 634.976: Total time for which application threads were stopped: 0.0001622 seconds, Stopping threads took: 0.0000659 seconds
2015-10-08T09:30:53.257+0800: 634.991: Total time for which application threads were stopped: 0.0001871 seconds, Stopping threads took: 0.0000837 seconds
2015-10-08T09:30:53.269+0800: 635.003: Total time for which application threads were stopped: 0.0001303 seconds, Stopping threads took: 0.0000312 seconds
2015-10-08T09:30:53.275+0800: 635.009: Total time for which application threads were stopped: 0.0006000 seconds, Stopping threads took: 0.0004942 seconds
2015-10-08T09:30:53.283+0800: 635.017: Total time for which application threads were stopped: 0.0002112 seconds, Stopping threads took: 0.0000971 seconds
2015-10-08T09:34:35.438+0800: 857.172: Total time for which application threads were stopped: 0.0002708 seconds, Stopping threads took: 0.0000963 seconds
2015-10-08T09:34:36.438+0800: 858.172: Total time for which application threads were stopped: 0.0001050 seconds, Stopping threads took: 0.0000320 seconds
2015-10-08T09:34:46.822+0800: 868.556: Total time for which application threads were stopped: 0.0000849 seconds, Stopping threads took: 0.0000229 seconds
2015-10-08T09:34:46.825+0800: 868.559: Total time for which application threads were stopped: 0.0001753 seconds, Stopping threads took: 0.0000762 seconds
2015-10-08T09:34:46.827+0800: 868.562: Total time for which application threads were stopped: 0.0001583 seconds, Stopping threads took: 0.0000604 seconds
2015-10-08T09:34:46.830+0800: 868.564: Total time for which application threads were stopped: 0.0001421 seconds, Stopping threads took: 0.0000707 seconds
2015-10-08T09:34:46.830+0800: 868.565: Total time for which application threads were stopped: 0.0000770 seconds, Stopping threads took: 0.0000229 seconds
2015-10-08T09:34:47.830+0800: 869.564: Total time for which application threads were stopped: 0.0001086 seconds, Stopping threads took: 0.0000422 seconds
2015-10-08T09:35:01.832+0800: 883.566: Total time for which application threads were stopped: 0.0001074 seconds, Stopping threads took: 0.0000292 seconds
2015-10-08T09:35:55.014+0800: 936.748: Total time for which application threads were stopped: 0.0002388 seconds, Stopping threads took: 0.0000703 seconds
2015-10-08T09:35:55.034+0800: 936.769: Total time for which application threads were stopped: 0.0010315 seconds, Stopping threads took: 0.0000864 seconds
2015-10-08T09:35:56.035+0800: 937.769: Total time for which application threads were stopped: 0.0001078 seconds, Stopping threads took: 0.0000324 seconds
2015-10-08T09:36:30.774+0800: 972.508: Total time for which application threads were stopped: 0.0001792 seconds, Stopping threads took: 0.0000754 seconds
2015-10-08T09:45:04.432+0800: 1486.167: Total time for which application threads were stopped: 0.0001654 seconds, Stopping threads took: 0.0000391 seconds
2015-10-08T09:45:04.457+0800: 1486.192: Total time for which application threads were stopped: 0.0001539 seconds, Stopping threads took: 0.0000339 seconds
2015-10-08T09:45:05.457+0800: 1487.192: Total time for which application threads were stopped: 0.0001275 seconds, Stopping threads took: 0.0000517 seconds
2015-10-08T09:45:58.481+0800: 1540.215: Total time for which application threads were stopped: 0.0001101 seconds, Stopping threads took: 0.0000312 seconds
2015-10-08T10:17:45.201+0800: 3446.935: Total time for which application threads were stopped: 0.0001820 seconds, Stopping threads took: 0.0000501 seconds
2015-10-08T10:21:08.280+0800: 3650.014: Total time for which application threads were stopped: 0.0001109 seconds, Stopping threads took: 0.0000367 seconds
2015-10-08T10:41:52.761+0800: 4894.495: Total time for which application threads were stopped: 0.0001342 seconds, Stopping threads took: 0.0000414 seconds
2015-10-08T11:08:22.455+0800: 6484.189: Total time for which application threads were stopped: 0.0001986 seconds, Stopping threads took: 0.0000486 seconds
2015-10-08T11:09:22.488+0800: 6544.223: Total time for which application threads were stopped: 0.0001871 seconds, Stopping threads took: 0.0000308 seconds
2015-10-08T11:09:52.505+0800: 6574.239: Total time for which application threads were stopped: 0.0001062 seconds, Stopping threads took: 0.0000300 seconds
2015-10-08T11:12:22.589+0800: 6724.323: Total time for which application threads were stopped: 0.0001547 seconds, Stopping threads took: 0.0000576 seconds
2015-10-08T11:13:52.630+0800: 6814.364: Total time for which application threads were stopped: 0.0001559 seconds, Stopping threads took: 0.0000355 seconds
2015-10-08T11:28:53.099+0800: 7714.834: Total time for which application threads were stopped: 0.0017613 seconds, Stopping threads took: 0.0005053 seconds
2015-10-08T11:31:18.931+0800: 7860.666: Total time for which application threads were stopped: 0.0003600 seconds, Stopping threads took: 0.0000324 seconds
2015-10-08T11:31:19.932+0800: 7861.666: Total time for which application threads were stopped: 0.0001046 seconds, Stopping threads took: 0.0000280 seconds
2015-10-08T11:32:08.954+0800: 7910.688: Total time for which application threads were stopped: 0.0001176 seconds, Stopping threads took: 0.0000324 seconds
2015-10-08T14:53:04.353+0800: 19958.238: Total time for which application threads were stopped: 0.0453152 seconds, Stopping threads took: 0.0400696 seconds
2015-10-08T21:22:00.095+0800: 43293.978: Total time for which application threads were stopped: 0.0035361 seconds, Stopping threads took: 0.0010650 seconds
2015-10-09T01:51:35.540+0800: 59469.423: Total time for which application threads were stopped: 0.0001788 seconds, Stopping threads took: 0.0000821 seconds
2015-10-09T14:08:14.073+0800: 103667.956: Total time for which application threads were stopped: 0.0041740 seconds, Stopping threads took: 0.0010279 seconds
2015-10-09T14:08:14.191+0800: 103668.074: Total time for which application threads were stopped: 0.0009892 seconds, Stopping threads took: 0.0000320 seconds
2015-10-09T14:08:15.191+0800: 103669.074: Total time for which application threads were stopped: 0.0001757 seconds, Stopping threads took: 0.0000355 seconds
2015-10-09T14:14:53.975+0800: 104067.857: Total time for which application threads were stopped: 0.0003016 seconds, Stopping threads took: 0.0001326 seconds
2015-10-09T14:14:54.976+0800: 104068.858: Total time for which application threads were stopped: 0.0001413 seconds, Stopping threads took: 0.0000351 seconds
2015-10-09T14:40:39.890+0800: 105613.773: Total time for which application threads were stopped: 0.0002451 seconds, Stopping threads took: 0.0000580 seconds
2015-10-09T14:40:40.891+0800: 105614.774: Total time for which application threads were stopped: 0.0001433 seconds, Stopping threads took: 0.0000375 seconds
2015-10-09T14:40:45.233+0800: 105619.117: Total time for which application threads were stopped: 0.0002372 seconds, Stopping threads took: 0.0000375 seconds
{Heap before GC invocations=105 (full 1):
 par new generation   total 109248K, used 94999K [0x00000000e0000000, 0x00000000e8000000, 0x00000000e8000000)
  eden space 87424K, 100% used [0x00000000e0000000, 0x00000000e5560000, 0x00000000e5560000)
  from space 21824K,  34% used [0x00000000e6ab0000, 0x00000000e7215fc0, 0x00000000e8000000)
  to   space 21824K,   0% used [0x00000000e5560000, 0x00000000e5560000, 0x00000000e6ab0000)
 concurrent mark-sweep generation total 393216K, used 117516K [0x00000000e8000000, 0x0000000100000000, 0x0000000100000000)
 Metaspace       used 32143K, capacity 32398K, committed 32716K, reserved 1079296K
  class space    used 3632K, capacity 3741K, committed 3788K, reserved 1048576K
2015-10-09T14:40:45.251+0800: 105619.134: [GC (Allocation Failure) 105619.135: [ParNew
Desired survivor size 20112992 bytes, new threshold 8 (max 8)
- age   1:    4115576 bytes,    4115576 total
- age   2:     131096 bytes,    4246672 total
- age   3:      36192 bytes,    4282864 total
- age   4:      37968 bytes,    4320832 total
- age   5:      38048 bytes,    4358880 total
- age   6:      47888 bytes,    4406768 total
- age   7:     118760 bytes,    4525528 total
- age   8:      54528 bytes,    4580056 total
: 94999K->6933K(109248K), 0.1298229 secs] 212516K->124687K(502464K), 0.1310241 secs] [Times: user=0.06 sys=0.33, real=0.13 secs] 
